node_modules/.pnpm/@formatjs+ecma402-abstract@2.3.6/node_modules/@formatjs/ecma402-abstract/utils.d.ts(30,92): error TS2339: Property 'ListFormat' does not exist on type 'typeof Intl'.
node_modules/.pnpm/@formatjs+ecma402-abstract@2.3.6/node_modules/@formatjs/ecma402-abstract/utils.d.ts(30,113): error TS2694: Namespace 'Intl' has no exported member 'ListFormat'.
node_modules/.pnpm/@heroui+react@3.0.2_@types+react-dom@19.2.3_@types+react@19.2.14__@types+react@19.2.14__c730fa5b70b9d80753a0dd77387ed4a9/node_modules/@heroui/react/dist/components/accordion/accordion.d.ts(7,33): error TS2339: Property 'children' does not exist on type 'AccordionRootProps'.
node_modules/.pnpm/@heroui+react@3.0.2_@types+react-dom@19.2.3_@types+react@19.2.14__@types+react@19.2.14__c730fa5b70b9d80753a0dd77387ed4a9/node_modules/@heroui/react/dist/components/accordion/accordion.d.ts(7,43): error TS2339: Property 'className' does not exist on type 'AccordionRootProps'.
node_modules/.pnpm/@heroui+react@3.0.2_@types+react-dom@19.2.3_@types+react@19.2.14__@types+react@19.2.14__c730fa5b70b9d80753a0dd77387ed4a9/node_modules/@heroui/react/dist/components/accordion/accordion.d.ts(10,33): error TS2339: Property 'className' does not exist on type 'AccordionItemProps'.
node_modules/.pnpm/@heroui+react@3.0.2_@types+react-dom@19.2.3_@types+react@19.2.14__@types+react@19.2.14__c730fa5b70b9d80753a0dd77387ed4a9/node_modules/@heroui/react/dist/components/accordion/accordion.d.ts(21,36): error TS2339: Property 'className' does not exist on type 'AccordionTriggerProps'.
node_modules/.pnpm/@heroui+react@3.0.2_@types+react-dom@19.2.3_@types+react@19.2.14__@types+react@19.2.14__c730fa5b70b9d80753a0dd77387ed4a9/node_modules/@heroui/react/dist/components/accordion/accordion.d.ts(28,34): error TS2339: Property 'children' does not exist on type 'AccordionPanelProps'.
node_modules/.pnpm/@heroui+react@3.0.2_@types+react-dom@19.2.3_@types+react@19.2.14__@types+react@19.2.14__c730fa5b70b9d80753a0dd77387ed4a9/node_modules/@heroui/react/dist/components/accordion/accordion.d.ts(28,44): error TS2339: Property 'className' does not exist on type 'AccordionPanelProps'.
node_modules/.pnpm/@heroui+react@3.0.2_@types+react-dom@19.2.3_@types+react@19.2.14__@types+react@19.2.14__c730fa5b70b9d80753a0dd77387ed4a9/node_modules/@heroui/react/dist/components/accordion/index.d.ts(3,37): error TS2339: Property 'children' does not exist on type 'AccordionRootProps'.
node_modules/.pnpm/@heroui+react@3.0.2_@types+react-dom@19.2.3_@types+react@19.2.14__@types+react@19.2.14__c730fa5b70b9d80753a0dd77387ed4a9/node_modules/@heroui/react/dist/components/accordion/index.d.ts(3,47): error TS2339: Property 'className' does not exist on type 'AccordionRootProps'.
node_modules/.pnpm/@heroui+react@3.0.2_@types+react-dom@19.2.3_@types+react@19.2.14__@types+react@19.2.14__c730fa5b70b9d80753a0dd77387ed4a9/node_modules/@heroui/react/dist/components/accordion/index.d.ts(4,14): error TS2339: Property 'children' does not exist on type 'AccordionRootProps'.
node_modules/.pnpm/@heroui+react@3.0.2_@types+react-dom@19.2.3_@types+react@19.2.14__@types+react@19.2.14__c730fa5b70b9d80753a0dd77387ed4a9/node_modules/@heroui/react/dist/components/accordion/index.d.ts(4,24): error TS2339: Property 'className' does not exist on type 'AccordionRootProps'.
node_modules/.pnpm/@heroui+react@3.0.2_@types+react-dom@19.2.3_@types+react@19.2.14__@types+react@19.2.14__c730fa5b70b9d80753a0dd77387ed4a9/node_modules/@heroui/react/dist/components/accordion/index.d.ts(5,14): error TS2339: Property 'className' does not exist on type 'AccordionItemProps'.
node_modules/.pnpm/@heroui+react@3.0.2_@types+react-dom@19.2.3_@types+react@19.2.14__@types+react@19.2.14__c730fa5b70b9d80753a0dd77387ed4a9/node_modules/@heroui/react/dist/components/accordion/index.d.ts(7,17): error TS2339: Property 'className' does not exist on type 'AccordionTriggerProps'.
node_modules/.pnpm/@heroui+react@3.0.2_@types+react-dom@19.2.3_@types+react@19.2.14__@types+react@19.2.14__c730fa5b70b9d80753a0dd77387ed4a9/node_modules/@heroui/react/dist/components/accordion/index.d.ts(8,15): error TS2339: Property 'children' does not exist on type 'AccordionPanelProps'.
node_modules/.pnpm/@heroui+react@3.0.2_@types+react-dom@19.2.3_@types+react@19.2.14__@types+react@19.2.14__c730fa5b70b9d80753a0dd77387ed4a9/node_modules/@heroui/react/dist/components/accordion/index.d.ts(8,25): error TS2339: Property 'className' does not exist on type 'AccordionPanelProps'.
node_modules/.pnpm/@heroui+react@3.0.2_@types+react-dom@19.2.3_@types+react@19.2.14__@types+react@19.2.14__c730fa5b70b9d80753a0dd77387ed4a9/node_modules/@heroui/react/dist/components/alert-dialog/alert-dialog.d.ts(28,39): error TS2339: Property 'children' does not exist on type 'AlertDialogBackdropProps'.
node_modules/.pnpm/@heroui+react@3.0.2_@types+react-dom@19.2.3_@types+react@19.2.14__@types+react@19.2.14__c730fa5b70b9d80753a0dd77387ed4a9/node_modules/@heroui/react/dist/components/alert-dialog/alert-dialog.d.ts(28,49): error TS2339: Property 'className' does not exist on type 'AlertDialogBackdropProps'.
node_modules/.pnpm/@heroui+react@3.0.2_@types+react-dom@19.2.3_@types+react@19.2.14__@types+react@19.2.14__c730fa5b70b9d80753a0dd77387ed4a9/node_modules/@heroui/react/dist/components/alert-dialog/alert-dialog.d.ts(28,102): error TS2339: Property 'onClick' does not exist on type 'AlertDialogBackdropProps'.
node_modules/.pnpm/@heroui+react@3.0.2_@types+react-dom@19.2.3_@types+react@19.2.14__@types+react@19.2.14__c730fa5b70b9d80753a0dd77387ed4a9/node_modules/@heroui/react/dist/components/alert-dialog/alert-dialog.d.ts(46,38): error TS2339: Property 'children' does not exist on type 'AlertDialogHeadingProps'.
node_modules/.pnpm/@heroui+react@3.0.2_@types+react-dom@19.2.3_@types+react@19.2.14__@types+react@19.2.14__c730fa5b70b9d80753a0dd77387ed4a9/node_modules/@heroui/react/dist/components/alert-dialog/alert-dialog.d.ts(46,48): error TS2339: Property 'className' does not exist on type 'AlertDialogHeadingProps'.
node_modules/.pnpm/@heroui+react@3.0.2_@types+react-dom@19.2.3_@types+react@19.2.14__@types+react@19.2.14__c730fa5b70b9d80753a0dd77387ed4a9/node_modules/@heroui/react/dist/components/alert-dialog/index.d.ts(6,18): error TS2339: Property 'children' does not exist on type 'AlertDialogBackdropProps'.
node_modules/.pnpm/@heroui+react@3.0.2_@types+react-dom@19.2.3_@types+react@19.2.14__@types+react@19.2.14__c730fa5b70b9d80753a0dd77387ed4a9/node_modules/@heroui/react/dist/components/alert-dialog/index.d.ts(6,28): error TS2339: Property 'className' does not exist on type 'AlertDialogBackdropProps'.
node_modules/.pnpm/@heroui+react@3.0.2_@types+react-dom@19.2.3_@types+react@19.2.14__@types+react@19.2.14__c730fa5b70b9d80753a0dd77387ed4a9/node_modules/@heroui/react/dist/components/alert-dialog/index.d.ts(6,81): error TS2339: Property 'onClick' does not exist on type 'AlertDialogBackdropProps'.
node_modules/.pnpm/@heroui+react@3.0.2_@types+react-dom@19.2.3_@types+react@19.2.14__@types+react@19.2.14__c730fa5b70b9d80753a0dd77387ed4a9/node_modules/@heroui/react/dist/components/alert-dialog/index.d.ts(10,17): error TS2339: Property 'children' does not exist on type 'AlertDialogHeadingProps'.
node_modules/.pnpm/@heroui+react@3.0.2_@types+react-dom@19.2.3_@types+react@19.2.14__@types+react@19.2.14__c730fa5b70b9d80753a0dd77387ed4a9/node_modules/@heroui/react/dist/components/alert-dialog/index.d.ts(10,27): error TS2339: Property 'className' does not exist on type 'AlertDialogHeadingProps'.
node_modules/.pnpm/@heroui+react@3.0.2_@types+react-dom@19.2.3_@types+react@19.2.14__@types+react@19.2.14__c730fa5b70b9d80753a0dd77387ed4a9/node_modules/@heroui/react/dist/components/autocomplete/autocomplete.d.ts(3,8): error TS1259: Module '"/Volumes/OWC Envoy Ultra/codes/NEXTJS/t3-activity-process/node_modules/.pnpm/@types+react@19.2.14/node_modules/@types/react/index"' can only be default-imported using the 'esModuleInterop' flag
node_modules/.pnpm/@heroui+react@3.0.2_@types+react-dom@19.2.3_@types+react@19.2.14__@types+react@19.2.14__c730fa5b70b9d80753a0dd77387ed4a9/node_modules/@heroui/react/dist/components/autocomplete/autocomplete.d.ts(9,107): error TS2339: Property 'children' does not exist on type 'AutocompleteRootProps<T, M>'.
node_modules/.pnpm/@heroui+react@3.0.2_@types+react-dom@19.2.3_@types+react@19.2.14__@types+react@19.2.14__c730fa5b70b9d80753a0dd77387ed4a9/node_modules/@heroui/react/dist/components/autocomplete/autocomplete.d.ts(9,117): error TS2339: Property 'className' does not exist on type 'AutocompleteRootProps<T, M>'.
node_modules/.pnpm/@heroui+react@3.0.2_@types+react-dom@19.2.3_@types+react@19.2.14__@types+react@19.2.14__c730fa5b70b9d80753a0dd77387ed4a9/node_modules/@heroui/react/dist/components/autocomplete/autocomplete.d.ts(15,37): error TS2339: Property 'children' does not exist on type 'AutocompleteValueProps'.
node_modules/.pnpm/@heroui+react@3.0.2_@types+react-dom@19.2.3_@types+react@19.2.14__@types+react@19.2.14__c730fa5b70b9d80753a0dd77387ed4a9/node_modules/@heroui/react/dist/components/autocomplete/autocomplete.d.ts(15,47): error TS2339: Property 'className' does not exist on type 'AutocompleteValueProps'.
node_modules/.pnpm/@heroui+react@3.0.2_@types+react-dom@19.2.3_@types+react@19.2.14__@types+react@19.2.14__c730fa5b70b9d80753a0dd77387ed4a9/node_modules/@heroui/react/dist/components/autocomplete/index.d.ts(3,111): error TS2339: Property 'children' does not exist on type 'AutocompleteRootProps<T, M>'.
node_modules/.pnpm/@heroui+react@3.0.2_@types+react-dom@19.2.3_@types+react@19.2.14__@types+react@19.2.14__c730fa5b70b9d80753a0dd77387ed4a9/node_modules/@heroui/react/dist/components/autocomplete/index.d.ts(3,121): error TS2339: Property 'className' does not exist on type 'AutocompleteRootProps<T, M>'.
node_modules/.pnpm/@heroui+react@3.0.2_@types+react-dom@19.2.3_@types+react@19.2.14__@types+react@19.2.14__c730fa5b70b9d80753a0dd77387ed4a9/node_modules/@heroui/react/dist/components/autocomplete/index.d.ts(4,85): error TS2339: Property 'children' does not exist on type 'AutocompleteRootProps<T, M>'.
node_modules/.pnpm/@heroui+react@3.0.2_@types+react-dom@19.2.3_@types+react@19.2.14__@types+react@19.2.14__c730fa5b70b9d80753a0dd77387ed4a9/node_modules/@heroui/react/dist/components/autocomplete/index.d.ts(4,95): error TS2339: Property 'className' does not exist on type 'AutocompleteRootProps<T, M>'.
node_modules/.pnpm/@heroui+react@3.0.2_@types+react-dom@19.2.3_@types+react@19.2.14__@types+react@19.2.14__c730fa5b70b9d80753a0dd77387ed4a9/node_modules/@heroui/react/dist/components/autocomplete/index.d.ts(6,15): error TS2339: Property 'children' does not exist on type 'AutocompleteValueProps'.
node_modules/.pnpm/@heroui+react@3.0.2_@types+react-dom@19.2.3_@types+react@19.2.14__@types+react@19.2.14__c730fa5b70b9d80753a0dd77387ed4a9/node_modules/@heroui/react/dist/components/autocomplete/index.d.ts(6,25): error TS2339: Property 'className' does not exist on type 'AutocompleteValueProps'.
node_modules/.pnpm/@heroui+react@3.0.2_@types+react-dom@19.2.3_@types+react@19.2.14__@types+react@19.2.14__c730fa5b70b9d80753a0dd77387ed4a9/node_modules/@heroui/react/dist/components/badge/badge.d.ts(3,8): error TS1259: Module '"/Volumes/OWC Envoy Ultra/codes/NEXTJS/t3-activity-process/node_modules/.pnpm/@types+react@19.2.14/node_modules/@types/react/index"' can only be default-imported using the 'esModuleInterop' flag
node_modules/.pnpm/@heroui+react@3.0.2_@types+react-dom@19.2.3_@types+react@19.2.14__@types+react@19.2.14__c730fa5b70b9d80753a0dd77387ed4a9/node_modules/@heroui/react/dist/components/breadcrumbs/breadcrumbs.d.ts(4,8): error TS1259: Module '"/Volumes/OWC Envoy Ultra/codes/NEXTJS/t3-activity-process/node_modules/.pnpm/@types+react@19.2.14/node_modules/@types/react/index"' can only be default-imported using the 'esModuleInterop' flag
node_modules/.pnpm/@heroui+react@3.0.2_@types+react-dom@19.2.3_@types+react@19.2.14__@types+react@19.2.14__c730fa5b70b9d80753a0dd77387ed4a9/node_modules/@heroui/react/dist/components/breadcrumbs/breadcrumbs.d.ts(9,35): error TS2339: Property 'children' does not exist on type 'BreadcrumbsRootProps'.
node_modules/.pnpm/@heroui+react@3.0.2_@types+react-dom@19.2.3_@types+react@19.2.14__@types+react@19.2.14__c730fa5b70b9d80753a0dd77387ed4a9/node_modules/@heroui/react/dist/components/breadcrumbs/breadcrumbs.d.ts(9,45): error TS2339: Property 'className' does not exist on type 'BreadcrumbsRootProps'.
node_modules/.pnpm/@heroui+react@3.0.2_@types+react-dom@19.2.3_@types+react@19.2.14__@types+react@19.2.14__c730fa5b70b9d80753a0dd77387ed4a9/node_modules/@heroui/react/dist/components/breadcrumbs/breadcrumbs.d.ts(12,35): error TS2339: Property 'children' does not exist on type 'BreadcrumbsItemProps & Omit<LinkRootProps, "className">'.
node_modules/.pnpm/@heroui+react@3.0.2_@types+react-dom@19.2.3_@types+react@19.2.14__@types+react@19.2.14__c730fa5b70b9d80753a0dd77387ed4a9/node_modules/@heroui/react/dist/components/breadcrumbs/breadcrumbs.d.ts(12,45): error TS2339: Property 'className' does not exist on type 'BreadcrumbsItemProps & Omit<LinkRootProps, "className">'.
node_modules/.pnpm/@heroui+react@3.0.2_@types+react-dom@19.2.3_@types+react@19.2.14__@types+react@19.2.14__c730fa5b70b9d80753a0dd77387ed4a9/node_modules/@heroui/react/dist/components/breadcrumbs/index.d.ts(3,39): error TS2339: Property 'children' does not exist on type 'BreadcrumbsRootProps'.
node_modules/.pnpm/@heroui+react@3.0.2_@types+react-dom@19.2.3_@types+react@19.2.14__@types+react@19.2.14__c730fa5b70b9d80753a0dd77387ed4a9/node_modules/@heroui/react/dist/components/breadcrumbs/index.d.ts(3,49): error TS2339: Property 'className' does not exist on type 'BreadcrumbsRootProps'.
node_modules/.pnpm/@heroui+react@3.0.2_@types+react-dom@19.2.3_@types+react@19.2.14__@types+react@19.2.14__c730fa5b70b9d80753a0dd77387ed4a9/node_modules/@heroui/react/dist/components/breadcrumbs/index.d.ts(4,14): error TS2339: Property 'children' does not exist on type 'BreadcrumbsRootProps'.
node_modules/.pnpm/@heroui+react@3.0.2_@types+react-dom@19.2.3_@types+react@19.2.14__@types+react@19.2.14__c730fa5b70b9d80753a0dd77387ed4a9/node_modules/@heroui/react/dist/components/breadcrumbs/index.d.ts(4,24): error TS2339: Property 'className' does not exist on type 'BreadcrumbsRootProps'.
node_modules/.pnpm/@heroui+react@3.0.2_@types+react-dom@19.2.3_@types+react@19.2.14__@types+react@19.2.14__c730fa5b70b9d80753a0dd77387ed4a9/node_modules/@heroui/react/dist/components/breadcrumbs/index.d.ts(5,14): error TS2339: Property 'children' does not exist on type 'BreadcrumbsItemProps & Omit<LinkRootProps, "className">'.
node_modules/.pnpm/@heroui+react@3.0.2_@types+react-dom@19.2.3_@types+react@19.2.14__@types+react@19.2.14__c730fa5b70b9d80753a0dd77387ed4a9/node_modules/@heroui/react/dist/components/breadcrumbs/index.d.ts(5,24): error TS2339: Property 'className' does not exist on type 'BreadcrumbsItemProps & Omit<LinkRootProps, "className">'.
node_modules/.pnpm/@heroui+react@3.0.2_@types+react-dom@19.2.3_@types+react@19.2.14__@types+react@19.2.14__c730fa5b70b9d80753a0dd77387ed4a9/node_modules/@heroui/react/dist/components/button-group/button-group.d.ts(5,8): error TS1259: Module '"/Volumes/OWC Envoy Ultra/codes/NEXTJS/t3-activity-process/node_modules/.pnpm/@types+react@19.2.14/node_modules/@types/react/index"' can only be default-imported using the 'esModuleInterop' flag
node_modules/.pnpm/@heroui+react@3.0.2_@types+react-dom@19.2.3_@types+react@19.2.14__@types+react@19.2.14__c730fa5b70b9d80753a0dd77387ed4a9/node_modules/@heroui/react/dist/components/button-group/button-group.d.ts(11,30): error TS2339: Property 'isDisabled' does not exist on type 'ButtonRootProps'.
node_modules/.pnpm/@heroui+react@3.0.2_@types+react-dom@19.2.3_@types+react@19.2.14__@types+react@19.2.14__c730fa5b70b9d80753a0dd77387ed4a9/node_modules/@heroui/react/dist/components/button-group/button-group.d.ts(20,35): error TS2339: Property 'children' does not exist on type 'ButtonGroupRootProps'.
node_modules/.pnpm/@heroui+react@3.0.2_@types+react-dom@19.2.3_@types+react@19.2.14__@types+react@19.2.14__c730fa5b70b9d80753a0dd77387ed4a9/node_modules/@heroui/react/dist/components/button-group/button-group.d.ts(20,45): error TS2339: Property 'className' does not exist on type 'ButtonGroupRootProps'.
node_modules/.pnpm/@heroui+react@3.0.2_@types+react-dom@19.2.3_@types+react@19.2.14__@types+react@19.2.14__c730fa5b70b9d80753a0dd77387ed4a9/node_modules/@heroui/react/dist/components/button-group/button-group.d.ts(20,67): error TS2339: Property 'isDisabled' does not exist on type 'ButtonGroupRootProps'.
node_modules/.pnpm/@heroui+react@3.0.2_@types+react-dom@19.2.3_@types+react@19.2.14__@types+react@19.2.14__c730fa5b70b9d80753a0dd77387ed4a9/node_modules/@heroui/react/dist/components/button-group/index.d.ts(3,39): error TS2339: Property 'children' does not exist on type 'ButtonGroupRootProps'.
node_modules/.pnpm/@heroui+react@3.0.2_@types+react-dom@19.2.3_@types+react@19.2.14__@types+react@19.2.14__c730fa5b70b9d80753a0dd77387ed4a9/node_modules/@heroui/react/dist/components/button-group/index.d.ts(3,49): error TS2339: Property 'className' does not exist on type 'ButtonGroupRootProps'.
node_modules/.pnpm/@heroui+react@3.0.2_@types+react-dom@19.2.3_@types+react@19.2.14__@types+react@19.2.14__c730fa5b70b9d80753a0dd77387ed4a9/node_modules/@heroui/react/dist/components/button-group/index.d.ts(3,71): error TS2339: Property 'isDisabled' does not exist on type 'ButtonGroupRootProps'.
node_modules/.pnpm/@heroui+react@3.0.2_@types+react-dom@19.2.3_@types+react@19.2.14__@types+react@19.2.14__c730fa5b70b9d80753a0dd77387ed4a9/node_modules/@heroui/react/dist/components/button-group/index.d.ts(4,14): error TS2339: Property 'children' does not exist on type 'ButtonGroupRootProps'.
node_modules/.pnpm/@heroui+react@3.0.2_@types+react-dom@19.2.3_@types+react@19.2.14__@types+react@19.2.14__c730fa5b70b9d80753a0dd77387ed4a9/node_modules/@heroui/react/dist/components/button-group/index.d.ts(4,24): error TS2339: Property 'className' does not exist on type 'ButtonGroupRootProps'.
node_modules/.pnpm/@heroui+react@3.0.2_@types+react-dom@19.2.3_@types+react@19.2.14__@types+react@19.2.14__c730fa5b70b9d80753a0dd77387ed4a9/node_modules/@heroui/react/dist/components/button-group/index.d.ts(4,46): error TS2339: Property 'isDisabled' does not exist on type 'ButtonGroupRootProps'.
node_modules/.pnpm/@heroui+react@3.0.2_@types+react-dom@19.2.3_@types+react@19.2.14__@types+react@19.2.14__c730fa5b70b9d80753a0dd77387ed4a9/node_modules/@heroui/react/dist/components/button/button.d.ts(8,30): error TS2339: Property 'children' does not exist on type 'ButtonRootProps'.
node_modules/.pnpm/@heroui+react@3.0.2_@types+react-dom@19.2.3_@types+react@19.2.14__@types+react@19.2.14__c730fa5b70b9d80753a0dd77387ed4a9/node_modules/@heroui/react/dist/components/button/button.d.ts(8,40): error TS2339: Property 'className' does not exist on type 'ButtonRootProps'.
node_modules/.pnpm/@heroui+react@3.0.2_@types+react-dom@19.2.3_@types+react@19.2.14__@types+react@19.2.14__c730fa5b70b9d80753a0dd77387ed4a9/node_modules/@heroui/react/dist/components/button/button.d.ts(8,62): error TS2339: Property 'isDisabled' does not exist on type 'ButtonRootProps'.
node_modules/.pnpm/@heroui+react@3.0.2_@types+react-dom@19.2.3_@types+react@19.2.14__@types+react@19.2.14__c730fa5b70b9d80753a0dd77387ed4a9/node_modules/@heroui/react/dist/components/button/button.d.ts(8,92): error TS2339: Property 'slot' does not exist on type 'ButtonRootProps'.
node_modules/.pnpm/@heroui+react@3.0.2_@types+react-dom@19.2.3_@types+react@19.2.14__@types+react@19.2.14__c730fa5b70b9d80753a0dd77387ed4a9/node_modules/@heroui/react/dist/components/button/button.d.ts(8,98): error TS2339: Property 'style' does not exist on type 'ButtonRootProps'.
node_modules/.pnpm/@heroui+react@3.0.2_@types+react-dom@19.2.3_@types+react@19.2.14__@types+react@19.2.14__c730fa5b70b9d80753a0dd77387ed4a9/node_modules/@heroui/react/dist/components/button/index.d.ts(4,34): error TS2339: Property 'children' does not exist on type 'ButtonRootProps'.
node_modules/.pnpm/@heroui+react@3.0.2_@types+react-dom@19.2.3_@types+react@19.2.14__@types+react@19.2.14__c730fa5b70b9d80753a0dd77387ed4a9/node_modules/@heroui/react/dist/components/button/index.d.ts(4,44): error TS2339: Property 'className' does not exist on type 'ButtonRootProps'.
node_modules/.pnpm/@heroui+react@3.0.2_@types+react-dom@19.2.3_@types+react@19.2.14__@types+react@19.2.14__c730fa5b70b9d80753a0dd77387ed4a9/node_modules/@heroui/react/dist/components/button/index.d.ts(4,66): error TS2339: Property 'isDisabled' does not exist on type 'ButtonRootProps'.
node_modules/.pnpm/@heroui+react@3.0.2_@types+react-dom@19.2.3_@types+react@19.2.14__@types+react@19.2.14__c730fa5b70b9d80753a0dd77387ed4a9/node_modules/@heroui/react/dist/components/button/index.d.ts(4,96): error TS2339: Property 'slot' does not exist on type 'ButtonRootProps'.
node_modules/.pnpm/@heroui+react@3.0.2_@types+react-dom@19.2.3_@types+react@19.2.14__@types+react@19.2.14__c730fa5b70b9d80753a0dd77387ed4a9/node_modules/@heroui/react/dist/components/button/index.d.ts(4,102): error TS2339: Property 'style' does not exist on type 'ButtonRootProps'.
node_modules/.pnpm/@heroui+react@3.0.2_@types+react-dom@19.2.3_@types+react@19.2.14__@types+react@19.2.14__c730fa5b70b9d80753a0dd77387ed4a9/node_modules/@heroui/react/dist/components/button/index.d.ts(5,14): error TS2339: Property 'children' does not exist on type 'ButtonRootProps'.
node_modules/.pnpm/@heroui+react@3.0.2_@types+react-dom@19.2.3_@types+react@19.2.14__@types+react@19.2.14__c730fa5b70b9d80753a0dd77387ed4a9/node_modules/@heroui/react/dist/components/button/index.d.ts(5,24): error TS2339: Property 'className' does not exist on type 'ButtonRootProps'.
node_modules/.pnpm/@heroui+react@3.0.2_@types+react-dom@19.2.3_@types+react@19.2.14__@types+react@19.2.14__c730fa5b70b9d80753a0dd77387ed4a9/node_modules/@heroui/react/dist/components/button/index.d.ts(5,46): error TS2339: Property 'isDisabled' does not exist on type 'ButtonRootProps'.
node_modules/.pnpm/@heroui+react@3.0.2_@types+react-dom@19.2.3_@types+react@19.2.14__@types+react@19.2.14__c730fa5b70b9d80753a0dd77387ed4a9/node_modules/@heroui/react/dist/components/button/index.d.ts(5,76): error TS2339: Property 'slot' does not exist on type 'ButtonRootProps'.
node_modules/.pnpm/@heroui+react@3.0.2_@types+react-dom@19.2.3_@types+react@19.2.14__@types+react@19.2.14__c730fa5b70b9d80753a0dd77387ed4a9/node_modules/@heroui/react/dist/components/button/index.d.ts(5,82): error TS2339: Property 'style' does not exist on type 'ButtonRootProps'.
node_modules/.pnpm/@heroui+react@3.0.2_@types+react-dom@19.2.3_@types+react@19.2.14__@types+react@19.2.14__c730fa5b70b9d80753a0dd77387ed4a9/node_modules/@heroui/react/dist/components/calendar-year-picker/calendar-year-picker.d.ts(3,8): error TS1259: Module '"/Volumes/OWC Envoy Ultra/codes/NEXTJS/t3-activity-process/node_modules/.pnpm/@types+react@19.2.14/node_modules/@types/react/index"' can only be default-imported using the 'esModuleInterop' flag
node_modules/.pnpm/@heroui+react@3.0.2_@types+react-dom@19.2.3_@types+react@19.2.14__@types+react@19.2.14__c730fa5b70b9d80753a0dd77387ed4a9/node_modules/@heroui/react/dist/components/calendar/calendar.d.ts(10,66): error TS2339: Property 'children' does not exist on type 'CalendarRootProps<T>'.
node_modules/.pnpm/@heroui+react@3.0.2_@types+react-dom@19.2.3_@types+react@19.2.14__@types+react@19.2.14__c730fa5b70b9d80753a0dd77387ed4a9/node_modules/@heroui/react/dist/components/calendar/calendar.d.ts(10,76): error TS2339: Property 'className' does not exist on type 'CalendarRootProps<T>'.
node_modules/.pnpm/@heroui+react@3.0.2_@types+react-dom@19.2.3_@types+react@19.2.14__@types+react@19.2.14__c730fa5b70b9d80753a0dd77387ed4a9/node_modules/@heroui/react/dist/components/calendar/calendar.d.ts(24,8): error TS2339: Property 'className' does not exist on type 'CalendarHeadingProps'.
node_modules/.pnpm/@heroui+react@3.0.2_@types+react-dom@19.2.3_@types+react@19.2.14__@types+react@19.2.14__c730fa5b70b9d80753a0dd77387ed4a9/node_modules/@heroui/react/dist/components/calendar/calendar.d.ts(31,8): error TS2339: Property 'children' does not exist on type 'CalendarNavButtonProps'.
node_modules/.pnpm/@heroui+react@3.0.2_@types+react-dom@19.2.3_@types+react@19.2.14__@types+react@19.2.14__c730fa5b70b9d80753a0dd77387ed4a9/node_modules/@heroui/react/dist/components/calendar/calendar.d.ts(31,18): error TS2339: Property 'className' does not exist on type 'CalendarNavButtonProps'.
node_modules/.pnpm/@heroui+react@3.0.2_@types+react-dom@19.2.3_@types+react@19.2.14__@types+react@19.2.14__c730fa5b70b9d80753a0dd77387ed4a9/node_modules/@heroui/react/dist/components/calendar/calendar.d.ts(37,8): error TS2339: Property 'children' does not exist on type 'CalendarGridProps'.
node_modules/.pnpm/@heroui+react@3.0.2_@types+react-dom@19.2.3_@types+react@19.2.14__@types+react@19.2.14__c730fa5b70b9d80753a0dd77387ed4a9/node_modules/@heroui/react/dist/components/calendar/calendar.d.ts(37,18): error TS2339: Property 'className' does not exist on type 'CalendarGridProps'.
node_modules/.pnpm/@heroui+react@3.0.2_@types+react-dom@19.2.3_@types+react@19.2.14__@types+react@19.2.14__c730fa5b70b9d80753a0dd77387ed4a9/node_modules/@heroui/react/dist/components/calendar/calendar.d.ts(37,29): error TS2339: Property 'weekdayStyle' does not exist on type 'CalendarGridProps'.
node_modules/.pnpm/@heroui+react@3.0.2_@types+react-dom@19.2.3_@types+react@19.2.14__@types+react@19.2.14__c730fa5b70b9d80753a0dd77387ed4a9/node_modules/@heroui/react/dist/components/calendar/calendar.d.ts(43,8): error TS2339: Property 'className' does not exist on type 'CalendarGridHeaderProps'.
node_modules/.pnpm/@heroui+react@3.0.2_@types+react-dom@19.2.3_@types+react@19.2.14__@types+react@19.2.14__c730fa5b70b9d80753a0dd77387ed4a9/node_modules/@heroui/react/dist/components/calendar/calendar.d.ts(49,8): error TS2339: Property 'className' does not exist on type 'CalendarGridBodyProps'.
node_modules/.pnpm/@heroui+react@3.0.2_@types+react-dom@19.2.3_@types+react@19.2.14__@types+react@19.2.14__c730fa5b70b9d80753a0dd77387ed4a9/node_modules/@heroui/react/dist/components/calendar/calendar.d.ts(55,8): error TS2339: Property 'className' does not exist on type 'CalendarHeaderCellProps'.
node_modules/.pnpm/@heroui+react@3.0.2_@types+react-dom@19.2.3_@types+react@19.2.14__@types+react@19.2.14__c730fa5b70b9d80753a0dd77387ed4a9/node_modules/@heroui/react/dist/components/calendar/calendar.d.ts(61,8): error TS2339: Property 'children' does not exist on type 'CalendarCellProps'.
node_modules/.pnpm/@heroui+react@3.0.2_@types+react-dom@19.2.3_@types+react@19.2.14__@types+react@19.2.14__c730fa5b70b9d80753a0dd77387ed4a9/node_modules/@heroui/react/dist/components/calendar/calendar.d.ts(61,18): error TS2339: Property 'className' does not exist on type 'CalendarCellProps'.
node_modules/.pnpm/@heroui+react@3.0.2_@types+react-dom@19.2.3_@types+react@19.2.14__@types+react@19.2.14__c730fa5b70b9d80753a0dd77387ed4a9/node_modules/@heroui/react/dist/components/calendar/index.d.ts(11,12): error TS2339: Property 'className' does not exist on type 'CalendarHeadingProps'.
node_modules/.pnpm/@heroui+react@3.0.2_@types+react-dom@19.2.3_@types+react@19.2.14__@types+react@19.2.14__c730fa5b70b9d80753a0dd77387ed4a9/node_modules/@heroui/react/dist/components/calendar/index.d.ts(15,12): error TS2339: Property 'children' does not exist on type 'CalendarNavButtonProps'.
node_modules/.pnpm/@heroui+react@3.0.2_@types+react-dom@19.2.3_@types+react@19.2.14__@types+react@19.2.14__c730fa5b70b9d80753a0dd77387ed4a9/node_modules/@heroui/react/dist/components/calendar/index.d.ts(15,22): error TS2339: Property 'className' does not exist on type 'CalendarNavButtonProps'.
node_modules/.pnpm/@heroui+react@3.0.2_@types+react-dom@19.2.3_@types+react@19.2.14__@types+react@19.2.14__c730fa5b70b9d80753a0dd77387ed4a9/node_modules/@heroui/react/dist/components/calendar/index.d.ts(19,12): error TS2339: Property 'children' does not exist on type 'CalendarGridProps'.
node_modules/.pnpm/@heroui+react@3.0.2_@types+react-dom@19.2.3_@types+react@19.2.14__@types+react@19.2.14__c730fa5b70b9d80753a0dd77387ed4a9/node_modules/@heroui/react/dist/components/calendar/index.d.ts(19,22): error TS2339: Property 'className' does not exist on type 'CalendarGridProps'.
node_modules/.pnpm/@heroui+react@3.0.2_@types+react-dom@19.2.3_@types+react@19.2.14__@types+react@19.2.14__c730fa5b70b9d80753a0dd77387ed4a9/node_modules/@heroui/react/dist/components/calendar/index.d.ts(19,33): error TS2339: Property 'weekdayStyle' does not exist on type 'CalendarGridProps'.
node_modules/.pnpm/@heroui+react@3.0.2_@types+react-dom@19.2.3_@types+react@19.2.14__@types+react@19.2.14__c730fa5b70b9d80753a0dd77387ed4a9/node_modules/@heroui/react/dist/components/calendar/index.d.ts(23,12): error TS2339: Property 'className' does not exist on type 'CalendarGridHeaderProps'.
node_modules/.pnpm/@heroui+react@3.0.2_@types+react-dom@19.2.3_@types+react@19.2.14__@types+react@19.2.14__c730fa5b70b9d80753a0dd77387ed4a9/node_modules/@heroui/react/dist/components/calendar/index.d.ts(27,12): error TS2339: Property 'className' does not exist on type 'CalendarGridBodyProps'.
node_modules/.pnpm/@heroui+react@3.0.2_@types+react-dom@19.2.3_@types+react@19.2.14__@types+react@19.2.14__c730fa5b70b9d80753a0dd77387ed4a9/node_modules/@heroui/react/dist/components/calendar/index.d.ts(31,12): error TS2339: Property 'className' does not exist on type 'CalendarHeaderCellProps'.
node_modules/.pnpm/@heroui+react@3.0.2_@types+react-dom@19.2.3_@types+react@19.2.14__@types+react@19.2.14__c730fa5b70b9d80753a0dd77387ed4a9/node_modules/@heroui/react/dist/components/calendar/index.d.ts(35,12): error TS2339: Property 'children' does not exist on type 'CalendarCellProps'.
node_modules/.pnpm/@heroui+react@3.0.2_@types+react-dom@19.2.3_@types+react@19.2.14__@types+react@19.2.14__c730fa5b70b9d80753a0dd77387ed4a9/node_modules/@heroui/react/dist/components/calendar/index.d.ts(35,22): error TS2339: Property 'className' does not exist on type 'CalendarCellProps'.
node_modules/.pnpm/@heroui+react@3.0.2_@types+react-dom@19.2.3_@types+react@19.2.14__@types+react@19.2.14__c730fa5b70b9d80753a0dd77387ed4a9/node_modules/@heroui/react/dist/components/checkbox-group/checkbox-group.d.ts(4,8): error TS1259: Module '"/Volumes/OWC Envoy Ultra/codes/NEXTJS/t3-activity-process/node_modules/.pnpm/@types+react@19.2.14/node_modules/@types/react/index"' can only be default-imported using the 'esModuleInterop' flag
node_modules/.pnpm/@heroui+react@3.0.2_@types+react-dom@19.2.3_@types+react@19.2.14__@types+react@19.2.14__c730fa5b70b9d80753a0dd77387ed4a9/node_modules/@heroui/react/dist/components/checkbox-group/checkbox-group.d.ts(12,33): error TS2339: Property 'children' does not exist on type 'CheckboxGroupProps'.
node_modules/.pnpm/@heroui+react@3.0.2_@types+react-dom@19.2.3_@types+react@19.2.14__@types+react@19.2.14__c730fa5b70b9d80753a0dd77387ed4a9/node_modules/@heroui/react/dist/components/checkbox-group/checkbox-group.d.ts(12,43): error TS2339: Property 'className' does not exist on type 'CheckboxGroupProps'.
node_modules/.pnpm/@heroui+react@3.0.2_@types+react-dom@19.2.3_@types+react@19.2.14__@types+react@19.2.14__c730fa5b70b9d80753a0dd77387ed4a9/node_modules/@heroui/react/dist/components/checkbox/checkbox.d.ts(4,8): error TS1259: Module '"/Volumes/OWC Envoy Ultra/codes/NEXTJS/t3-activity-process/node_modules/.pnpm/@types+react@19.2.14/node_modules/@types/react/index"' can only be default-imported using the 'esModuleInterop' flag
node_modules/.pnpm/@heroui+react@3.0.2_@types+react-dom@19.2.3_@types+react@19.2.14__@types+react@19.2.14__c730fa5b70b9d80753a0dd77387ed4a9/node_modules/@heroui/react/dist/components/checkbox/checkbox.d.ts(10,32): error TS2339: Property 'children' does not exist on type 'CheckboxRootProps'.
node_modules/.pnpm/@heroui+react@3.0.2_@types+react-dom@19.2.3_@types+react@19.2.14__@types+react@19.2.14__c730fa5b70b9d80753a0dd77387ed4a9/node_modules/@heroui/react/dist/components/checkbox/checkbox.d.ts(10,42): error TS2339: Property 'className' does not exist on type 'CheckboxRootProps'.
node_modules/.pnpm/@heroui+react@3.0.2_@types+react-dom@19.2.3_@types+react@19.2.14__@types+react@19.2.14__c730fa5b70b9d80753a0dd77387ed4a9/node_modules/@heroui/react/dist/components/checkbox/index.d.ts(3,36): error TS2339: Property 'children' does not exist on type 'CheckboxRootProps'.
node_modules/.pnpm/@heroui+react@3.0.2_@types+react-dom@19.2.3_@types+react@19.2.14__@types+react@19.2.14__c730fa5b70b9d80753a0dd77387ed4a9/node_modules/@heroui/react/dist/components/checkbox/index.d.ts(3,46): error TS2339: Property 'className' does not exist on type 'CheckboxRootProps'.
node_modules/.pnpm/@heroui+react@3.0.2_@types+react-dom@19.2.3_@types+react@19.2.14__@types+react@19.2.14__c730fa5b70b9d80753a0dd77387ed4a9/node_modules/@heroui/react/dist/components/checkbox/index.d.ts(4,14): error TS2339: Property 'children' does not exist on type 'CheckboxRootProps'.
node_modules/.pnpm/@heroui+react@3.0.2_@types+react-dom@19.2.3_@types+react@19.2.14__@types+react@19.2.14__c730fa5b70b9d80753a0dd77387ed4a9/node_modules/@heroui/react/dist/components/checkbox/index.d.ts(4,24): error TS2339: Property 'className' does not exist on type 'CheckboxRootProps'.
node_modules/.pnpm/@heroui+react@3.0.2_@types+react-dom@19.2.3_@types+react@19.2.14__@types+react@19.2.14__c730fa5b70b9d80753a0dd77387ed4a9/node_modules/@heroui/react/dist/components/chip/chip.d.ts(3,8): error TS1259: Module '"/Volumes/OWC Envoy Ultra/codes/NEXTJS/t3-activity-process/node_modules/.pnpm/@types+react@19.2.14/node_modules/@types/react/index"' can only be default-imported using the 'esModuleInterop' flag
node_modules/.pnpm/@heroui+react@3.0.2_@types+react-dom@19.2.3_@types+react@19.2.14__@types+react@19.2.14__c730fa5b70b9d80753a0dd77387ed4a9/node_modules/@heroui/react/dist/components/close-button/close-button.d.ts(6,35): error TS2339: Property 'children' does not exist on type 'CloseButtonRootProps'.
node_modules/.pnpm/@heroui+react@3.0.2_@types+react-dom@19.2.3_@types+react@19.2.14__@types+react@19.2.14__c730fa5b70b9d80753a0dd77387ed4a9/node_modules/@heroui/react/dist/components/close-button/close-button.d.ts(6,45): error TS2339: Property 'className' does not exist on type 'CloseButtonRootProps'.
node_modules/.pnpm/@heroui+react@3.0.2_@types+react-dom@19.2.3_@types+react@19.2.14__@types+react@19.2.14__c730fa5b70b9d80753a0dd77387ed4a9/node_modules/@heroui/react/dist/components/close-button/close-button.d.ts(6,56): error TS2339: Property 'slot' does not exist on type 'CloseButtonRootProps'.
node_modules/.pnpm/@heroui+react@3.0.2_@types+react-dom@19.2.3_@types+react@19.2.14__@types+react@19.2.14__c730fa5b70b9d80753a0dd77387ed4a9/node_modules/@heroui/react/dist/components/close-button/close-button.d.ts(6,62): error TS2339: Property 'style' does not exist on type 'CloseButtonRootProps'.
node_modules/.pnpm/@heroui+react@3.0.2_@types+react-dom@19.2.3_@types+react@19.2.14__@types+react@19.2.14__c730fa5b70b9d80753a0dd77387ed4a9/node_modules/@heroui/react/dist/components/close-button/index.d.ts(3,39): error TS2339: Property 'children' does not exist on type 'CloseButtonRootProps'.
node_modules/.pnpm/@heroui+react@3.0.2_@types+react-dom@19.2.3_@types+react@19.2.14__@types+react@19.2.14__c730fa5b70b9d80753a0dd77387ed4a9/node_modules/@heroui/react/dist/components/close-button/index.d.ts(3,49): error TS2339: Property 'className' does not exist on type 'CloseButtonRootProps'.
node_modules/.pnpm/@heroui+react@3.0.2_@types+react-dom@19.2.3_@types+react@19.2.14__@types+react@19.2.14__c730fa5b70b9d80753a0dd77387ed4a9/node_modules/@heroui/react/dist/components/close-button/index.d.ts(3,60): error TS2339: Property 'slot' does not exist on type 'CloseButtonRootProps'.
node_modules/.pnpm/@heroui+react@3.0.2_@types+react-dom@19.2.3_@types+react@19.2.14__@types+react@19.2.14__c730fa5b70b9d80753a0dd77387ed4a9/node_modules/@heroui/react/dist/components/close-button/index.d.ts(3,66): error TS2339: Property 'style' does not exist on type 'CloseButtonRootProps'.
node_modules/.pnpm/@heroui+react@3.0.2_@types+react-dom@19.2.3_@types+react@19.2.14__@types+react@19.2.14__c730fa5b70b9d80753a0dd77387ed4a9/node_modules/@heroui/react/dist/components/close-button/index.d.ts(4,14): error TS2339: Property 'children' does not exist on type 'CloseButtonRootProps'.
node_modules/.pnpm/@heroui+react@3.0.2_@types+react-dom@19.2.3_@types+react@19.2.14__@types+react@19.2.14__c730fa5b70b9d80753a0dd77387ed4a9/node_modules/@heroui/react/dist/components/close-button/index.d.ts(4,24): error TS2339: Property 'className' does not exist on type 'CloseButtonRootProps'.
node_modules/.pnpm/@heroui+react@3.0.2_@types+react-dom@19.2.3_@types+react@19.2.14__@types+react@19.2.14__c730fa5b70b9d80753a0dd77387ed4a9/node_modules/@heroui/react/dist/components/close-button/index.d.ts(4,35): error TS2339: Property 'slot' does not exist on type 'CloseButtonRootProps'.
node_modules/.pnpm/@heroui+react@3.0.2_@types+react-dom@19.2.3_@types+react@19.2.14__@types+react@19.2.14__c730fa5b70b9d80753a0dd77387ed4a9/node_modules/@heroui/react/dist/components/close-button/index.d.ts(4,41): error TS2339: Property 'style' does not exist on type 'CloseButtonRootProps'.
node_modules/.pnpm/@heroui+react@3.0.2_@types+react-dom@19.2.3_@types+react@19.2.14__@types+react@19.2.14__c730fa5b70b9d80753a0dd77387ed4a9/node_modules/@heroui/react/dist/components/color-area/color-area.d.ts(6,33): error TS2339: Property 'children' does not exist on type 'ColorAreaRootProps'.
node_modules/.pnpm/@heroui+react@3.0.2_@types+react-dom@19.2.3_@types+react@19.2.14__@types+react@19.2.14__c730fa5b70b9d80753a0dd77387ed4a9/node_modules/@heroui/react/dist/components/color-area/color-area.d.ts(6,43): error TS2339: Property 'className' does not exist on type 'ColorAreaRootProps'.
node_modules/.pnpm/@heroui+react@3.0.2_@types+react-dom@19.2.3_@types+react@19.2.14__@types+react@19.2.14__c730fa5b70b9d80753a0dd77387ed4a9/node_modules/@heroui/react/dist/components/color-area/color-area.d.ts(6,64): error TS2339: Property 'style' does not exist on type 'ColorAreaRootProps'.
node_modules/.pnpm/@heroui+react@3.0.2_@types+react-dom@19.2.3_@types+react@19.2.14__@types+react@19.2.14__c730fa5b70b9d80753a0dd77387ed4a9/node_modules/@heroui/react/dist/components/color-area/color-area.d.ts(9,34): error TS2339: Property 'className' does not exist on type 'ColorAreaThumbProps'.
node_modules/.pnpm/@heroui+react@3.0.2_@types+react-dom@19.2.3_@types+react@19.2.14__@types+react@19.2.14__c730fa5b70b9d80753a0dd77387ed4a9/node_modules/@heroui/react/dist/components/color-area/color-area.d.ts(9,45): error TS2339: Property 'style' does not exist on type 'ColorAreaThumbProps'.
node_modules/.pnpm/@heroui+react@3.0.2_@types+react-dom@19.2.3_@types+react@19.2.14__@types+react@19.2.14__c730fa5b70b9d80753a0dd77387ed4a9/node_modules/@heroui/react/dist/components/color-area/index.d.ts(3,37): error TS2339: Property 'children' does not exist on type 'ColorAreaRootProps'.
node_modules/.pnpm/@heroui+react@3.0.2_@types+react-dom@19.2.3_@types+react@19.2.14__@types+react@19.2.14__c730fa5b70b9d80753a0dd77387ed4a9/node_modules/@heroui/react/dist/components/color-area/index.d.ts(3,47): error TS2339: Property 'className' does not exist on type 'ColorAreaRootProps'.
node_modules/.pnpm/@heroui+react@3.0.2_@types+react-dom@19.2.3_@types+react@19.2.14__@types+react@19.2.14__c730fa5b70b9d80753a0dd77387ed4a9/node_modules/@heroui/react/dist/components/color-area/index.d.ts(3,68): error TS2339: Property 'style' does not exist on type 'ColorAreaRootProps'.
node_modules/.pnpm/@heroui+react@3.0.2_@types+react-dom@19.2.3_@types+react@19.2.14__@types+react@19.2.14__c730fa5b70b9d80753a0dd77387ed4a9/node_modules/@heroui/react/dist/components/color-area/index.d.ts(4,14): error TS2339: Property 'children' does not exist on type 'ColorAreaRootProps'.
node_modules/.pnpm/@heroui+react@3.0.2_@types+react-dom@19.2.3_@types+react@19.2.14__@types+react@19.2.14__c730fa5b70b9d80753a0dd77387ed4a9/node_modules/@heroui/react/dist/components/color-area/index.d.ts(4,24): error TS2339: Property 'className' does not exist on type 'ColorAreaRootProps'.
node_modules/.pnpm/@heroui+react@3.0.2_@types+react-dom@19.2.3_@types+react@19.2.14__@types+react@19.2.14__c730fa5b70b9d80753a0dd77387ed4a9/node_modules/@heroui/react/dist/components/color-area/index.d.ts(4,45): error TS2339: Property 'style' does not exist on type 'ColorAreaRootProps'.
node_modules/.pnpm/@heroui+react@3.0.2_@types+react-dom@19.2.3_@types+react@19.2.14__@types+react@19.2.14__c730fa5b70b9d80753a0dd77387ed4a9/node_modules/@heroui/react/dist/components/color-area/index.d.ts(5,15): error TS2339: Property 'className' does not exist on type 'ColorAreaThumbProps'.
node_modules/.pnpm/@heroui+react@3.0.2_@types+react-dom@19.2.3_@types+react@19.2.14__@types+react@19.2.14__c730fa5b70b9d80753a0dd77387ed4a9/node_modules/@heroui/react/dist/components/color-area/index.d.ts(5,26): error TS2339: Property 'style' does not exist on type 'ColorAreaThumbProps'.
node_modules/.pnpm/@heroui+react@3.0.2_@types+react-dom@19.2.3_@types+react@19.2.14__@types+react@19.2.14__c730fa5b70b9d80753a0dd77387ed4a9/node_modules/@heroui/react/dist/components/color-field/color-field.d.ts(7,35): error TS2339: Property 'children' does not exist on type 'ColorFieldRootProps'.
node_modules/.pnpm/@heroui+react@3.0.2_@types+react-dom@19.2.3_@types+react@19.2.14__@types+react@19.2.14__c730fa5b70b9d80753a0dd77387ed4a9/node_modules/@heroui/react/dist/components/color-field/color-field.d.ts(7,45): error TS2339: Property 'className' does not exist on type 'ColorFieldRootProps'.
node_modules/.pnpm/@heroui+react@3.0.2_@types+react-dom@19.2.3_@types+react@19.2.14__@types+react@19.2.14__c730fa5b70b9d80753a0dd77387ed4a9/node_modules/@heroui/react/dist/components/color-field/index.d.ts(6,15): error TS2339: Property 'children' does not exist on type 'ColorInputGroupRootProps'.
node_modules/.pnpm/@heroui+react@3.0.2_@types+react-dom@19.2.3_@types+react@19.2.14__@types+react@19.2.14__c730fa5b70b9d80753a0dd77387ed4a9/node_modules/@heroui/react/dist/components/color-field/index.d.ts(6,25): error TS2339: Property 'className' does not exist on type 'ColorInputGroupRootProps'.
node_modules/.pnpm/@heroui+react@3.0.2_@types+react-dom@19.2.3_@types+react@19.2.14__@types+react@19.2.14__c730fa5b70b9d80753a0dd77387ed4a9/node_modules/@heroui/react/dist/components/color-input-group/color-input-group.d.ts(7,39): error TS2339: Property 'children' does not exist on type 'ColorInputGroupRootProps'.
node_modules/.pnpm/@heroui+react@3.0.2_@types+react-dom@19.2.3_@types+react@19.2.14__@types+react@19.2.14__c730fa5b70b9d80753a0dd77387ed4a9/node_modules/@heroui/react/dist/components/color-input-group/color-input-group.d.ts(7,49): error TS2339: Property 'className' does not exist on type 'ColorInputGroupRootProps'.
node_modules/.pnpm/@heroui+react@3.0.2_@types+react-dom@19.2.3_@types+react@19.2.14__@types+react@19.2.14__c730fa5b70b9d80753a0dd77387ed4a9/node_modules/@heroui/react/dist/components/color-input-group/index.d.ts(3,43): error TS2339: Property 'children' does not exist on type 'ColorInputGroupRootProps'.
node_modules/.pnpm/@heroui+react@3.0.2_@types+react-dom@19.2.3_@types+react@19.2.14__@types+react@19.2.14__c730fa5b70b9d80753a0dd77387ed4a9/node_modules/@heroui/react/dist/components/color-input-group/index.d.ts(3,53): error TS2339: Property 'className' does not exist on type 'ColorInputGroupRootProps'.
node_modules/.pnpm/@heroui+react@3.0.2_@types+react-dom@19.2.3_@types+react@19.2.14__@types+react@19.2.14__c730fa5b70b9d80753a0dd77387ed4a9/node_modules/@heroui/react/dist/components/color-input-group/index.d.ts(4,14): error TS2339: Property 'children' does not exist on type 'ColorInputGroupRootProps'.
node_modules/.pnpm/@heroui+react@3.0.2_@types+react-dom@19.2.3_@types+react@19.2.14__@types+react@19.2.14__c730fa5b70b9d80753a0dd77387ed4a9/node_modules/@heroui/react/dist/components/color-input-group/index.d.ts(4,24): error TS2339: Property 'className' does not exist on type 'ColorInputGroupRootProps'.
node_modules/.pnpm/@heroui+react@3.0.2_@types+react-dom@19.2.3_@types+react@19.2.14__@types+react@19.2.14__c730fa5b70b9d80753a0dd77387ed4a9/node_modules/@heroui/react/dist/components/color-picker/color-picker.d.ts(4,8): error TS1259: Module '"/Volumes/OWC Envoy Ultra/codes/NEXTJS/t3-activity-process/node_modules/.pnpm/@types+react@19.2.14/node_modules/@types/react/index"' can only be default-imported using the 'esModuleInterop' flag
node_modules/.pnpm/@heroui+react@3.0.2_@types+react-dom@19.2.3_@types+react@19.2.14__@types+react@19.2.14__c730fa5b70b9d80753a0dd77387ed4a9/node_modules/@heroui/react/dist/components/color-picker/color-picker.d.ts(15,38): error TS2339: Property 'children' does not exist on type 'ColorPickerTriggerProps'.
node_modules/.pnpm/@heroui+react@3.0.2_@types+react-dom@19.2.3_@types+react@19.2.14__@types+react@19.2.14__c730fa5b70b9d80753a0dd77387ed4a9/node_modules/@heroui/react/dist/components/color-picker/color-picker.d.ts(15,48): error TS2339: Property 'className' does not exist on type 'ColorPickerTriggerProps'.
node_modules/.pnpm/@heroui+react@3.0.2_@types+react-dom@19.2.3_@types+react@19.2.14__@types+react@19.2.14__c730fa5b70b9d80753a0dd77387ed4a9/node_modules/@heroui/react/dist/components/color-picker/index.d.ts(5,17): error TS2339: Property 'children' does not exist on type 'ColorPickerTriggerProps'.
node_modules/.pnpm/@heroui+react@3.0.2_@types+react-dom@19.2.3_@types+react@19.2.14__@types+react@19.2.14__c730fa5b70b9d80753a0dd77387ed4a9/node_modules/@heroui/react/dist/components/color-picker/index.d.ts(5,27): error TS2339: Property 'className' does not exist on type 'ColorPickerTriggerProps'.
node_modules/.pnpm/@heroui+react@3.0.2_@types+react-dom@19.2.3_@types+react@19.2.14__@types+react@19.2.14__c730fa5b70b9d80753a0dd77387ed4a9/node_modules/@heroui/react/dist/components/color-slider/color-slider.d.ts(42,37): error TS2339: Property 'children' does not exist on type 'ColorSliderOutputProps'.
node_modules/.pnpm/@heroui+react@3.0.2_@types+react-dom@19.2.3_@types+react@19.2.14__@types+react@19.2.14__c730fa5b70b9d80753a0dd77387ed4a9/node_modules/@heroui/react/dist/components/color-slider/color-slider.d.ts(42,47): error TS2339: Property 'className' does not exist on type 'ColorSliderOutputProps'.
node_modules/.pnpm/@heroui+react@3.0.2_@types+react-dom@19.2.3_@types+react@19.2.14__@types+react@19.2.14__c730fa5b70b9d80753a0dd77387ed4a9/node_modules/@heroui/react/dist/components/color-slider/color-slider.d.ts(45,36): error TS2339: Property 'children' does not exist on type 'ColorSliderTrackProps'.
node_modules/.pnpm/@heroui+react@3.0.2_@types+react-dom@19.2.3_@types+react@19.2.14__@types+react@19.2.14__c730fa5b70b9d80753a0dd77387ed4a9/node_modules/@heroui/react/dist/components/color-slider/color-slider.d.ts(45,46): error TS2339: Property 'className' does not exist on type 'ColorSliderTrackProps'.
node_modules/.pnpm/@heroui+react@3.0.2_@types+react-dom@19.2.3_@types+react@19.2.14__@types+react@19.2.14__c730fa5b70b9d80753a0dd77387ed4a9/node_modules/@heroui/react/dist/components/color-slider/color-slider.d.ts(45,57): error TS2339: Property 'style' does not exist on type 'ColorSliderTrackProps'.
node_modules/.pnpm/@heroui+react@3.0.2_@types+react-dom@19.2.3_@types+react@19.2.14__@types+react@19.2.14__c730fa5b70b9d80753a0dd77387ed4a9/node_modules/@heroui/react/dist/components/color-slider/color-slider.d.ts(48,36): error TS2339: Property 'children' does not exist on type 'ColorSliderThumbProps'.
node_modules/.pnpm/@heroui+react@3.0.2_@types+react-dom@19.2.3_@types+react@19.2.14__@types+react@19.2.14__c730fa5b70b9d80753a0dd77387ed4a9/node_modules/@heroui/react/dist/components/color-slider/color-slider.d.ts(48,46): error TS2339: Property 'className' does not exist on type 'ColorSliderThumbProps'.
node_modules/.pnpm/@heroui+react@3.0.2_@types+react-dom@19.2.3_@types+react@19.2.14__@types+react@19.2.14__c730fa5b70b9d80753a0dd77387ed4a9/node_modules/@heroui/react/dist/components/color-slider/color-slider.d.ts(48,57): error TS2339: Property 'style' does not exist on type 'ColorSliderThumbProps'.
node_modules/.pnpm/@heroui+react@3.0.2_@types+react-dom@19.2.3_@types+react@19.2.14__@types+react@19.2.14__c730fa5b70b9d80753a0dd77387ed4a9/node_modules/@heroui/react/dist/components/color-slider/index.d.ts(5,16): error TS2339: Property 'children' does not exist on type 'ColorSliderOutputProps'.
node_modules/.pnpm/@heroui+react@3.0.2_@types+react-dom@19.2.3_@types+react@19.2.14__@types+react@19.2.14__c730fa5b70b9d80753a0dd77387ed4a9/node_modules/@heroui/react/dist/components/color-slider/index.d.ts(5,26): error TS2339: Property 'className' does not exist on type 'ColorSliderOutputProps'.
node_modules/.pnpm/@heroui+react@3.0.2_@types+react-dom@19.2.3_@types+react@19.2.14__@types+react@19.2.14__c730fa5b70b9d80753a0dd77387ed4a9/node_modules/@heroui/react/dist/components/color-slider/index.d.ts(6,15): error TS2339: Property 'children' does not exist on type 'ColorSliderTrackProps'.
node_modules/.pnpm/@heroui+react@3.0.2_@types+react-dom@19.2.3_@types+react@19.2.14__@types+react@19.2.14__c730fa5b70b9d80753a0dd77387ed4a9/node_modules/@heroui/react/dist/components/color-slider/index.d.ts(6,25): error TS2339: Property 'className' does not exist on type 'ColorSliderTrackProps'.
node_modules/.pnpm/@heroui+react@3.0.2_@types+react-dom@19.2.3_@types+react@19.2.14__@types+react@19.2.14__c730fa5b70b9d80753a0dd77387ed4a9/node_modules/@heroui/react/dist/components/color-slider/index.d.ts(6,36): error TS2339: Property 'style' does not exist on type 'ColorSliderTrackProps'.
node_modules/.pnpm/@heroui+react@3.0.2_@types+react-dom@19.2.3_@types+react@19.2.14__@types+react@19.2.14__c730fa5b70b9d80753a0dd77387ed4a9/node_modules/@heroui/react/dist/components/color-slider/index.d.ts(7,15): error TS2339: Property 'children' does not exist on type 'ColorSliderThumbProps'.
node_modules/.pnpm/@heroui+react@3.0.2_@types+react-dom@19.2.3_@types+react@19.2.14__@types+react@19.2.14__c730fa5b70b9d80753a0dd77387ed4a9/node_modules/@heroui/react/dist/components/color-slider/index.d.ts(7,25): error TS2339: Property 'className' does not exist on type 'ColorSliderThumbProps'.
node_modules/.pnpm/@heroui+react@3.0.2_@types+react-dom@19.2.3_@types+react@19.2.14__@types+react@19.2.14__c730fa5b70b9d80753a0dd77387ed4a9/node_modules/@heroui/react/dist/components/color-slider/index.d.ts(7,36): error TS2339: Property 'style' does not exist on type 'ColorSliderThumbProps'.
node_modules/.pnpm/@heroui+react@3.0.2_@types+react-dom@19.2.3_@types+react@19.2.14__@types+react@19.2.14__c730fa5b70b9d80753a0dd77387ed4a9/node_modules/@heroui/react/dist/components/color-swatch-picker/color-swatch-picker.d.ts(4,8): error TS1259: Module '"/Volumes/OWC Envoy Ultra/codes/NEXTJS/t3-activity-process/node_modules/.pnpm/@types+react@19.2.14/node_modules/@types/react/index"' can only be default-imported using the 'esModuleInterop' flag
node_modules/.pnpm/@heroui+react@3.0.2_@types+react-dom@19.2.3_@types+react@19.2.14__@types+react@19.2.14__c730fa5b70b9d80753a0dd77387ed4a9/node_modules/@heroui/react/dist/components/color-swatch-picker/color-swatch-picker.d.ts(8,41): error TS2339: Property 'children' does not exist on type 'ColorSwatchPickerRootProps'.
node_modules/.pnpm/@heroui+react@3.0.2_@types+react-dom@19.2.3_@types+react@19.2.14__@types+react@19.2.14__c730fa5b70b9d80753a0dd77387ed4a9/node_modules/@heroui/react/dist/components/color-swatch-picker/color-swatch-picker.d.ts(8,51): error TS2339: Property 'className' does not exist on type 'ColorSwatchPickerRootProps'.
node_modules/.pnpm/@heroui+react@3.0.2_@types+react-dom@19.2.3_@types+react@19.2.14__@types+react@19.2.14__c730fa5b70b9d80753a0dd77387ed4a9/node_modules/@heroui/react/dist/components/color-swatch-picker/color-swatch-picker.d.ts(11,41): error TS2339: Property 'children' does not exist on type 'ColorSwatchPickerItemProps'.
node_modules/.pnpm/@heroui+react@3.0.2_@types+react-dom@19.2.3_@types+react@19.2.14__@types+react@19.2.14__c730fa5b70b9d80753a0dd77387ed4a9/node_modules/@heroui/react/dist/components/color-swatch-picker/color-swatch-picker.d.ts(11,51): error TS2339: Property 'className' does not exist on type 'ColorSwatchPickerItemProps'.
node_modules/.pnpm/@heroui+react@3.0.2_@types+react-dom@19.2.3_@types+react@19.2.14__@types+react@19.2.14__c730fa5b70b9d80753a0dd77387ed4a9/node_modules/@heroui/react/dist/components/color-swatch-picker/color-swatch-picker.d.ts(14,43): error TS2339: Property 'className' does not exist on type 'ColorSwatchPickerSwatchProps'.
node_modules/.pnpm/@heroui+react@3.0.2_@types+react-dom@19.2.3_@types+react@19.2.14__@types+react@19.2.14__c730fa5b70b9d80753a0dd77387ed4a9/node_modules/@heroui/react/dist/components/color-swatch-picker/index.d.ts(3,45): error TS2339: Property 'children' does not exist on type 'ColorSwatchPickerRootProps'.
node_modules/.pnpm/@heroui+react@3.0.2_@types+react-dom@19.2.3_@types+react@19.2.14__@types+react@19.2.14__c730fa5b70b9d80753a0dd77387ed4a9/node_modules/@heroui/react/dist/components/color-swatch-picker/index.d.ts(3,55): error TS2339: Property 'className' does not exist on type 'ColorSwatchPickerRootProps'.
node_modules/.pnpm/@heroui+react@3.0.2_@types+react-dom@19.2.3_@types+react@19.2.14__@types+react@19.2.14__c730fa5b70b9d80753a0dd77387ed4a9/node_modules/@heroui/react/dist/components/color-swatch-picker/index.d.ts(4,14): error TS2339: Property 'children' does not exist on type 'ColorSwatchPickerRootProps'.
node_modules/.pnpm/@heroui+react@3.0.2_@types+react-dom@19.2.3_@types+react@19.2.14__@types+react@19.2.14__c730fa5b70b9d80753a0dd77387ed4a9/node_modules/@heroui/react/dist/components/color-swatch-picker/index.d.ts(4,24): error TS2339: Property 'className' does not exist on type 'ColorSwatchPickerRootProps'.
node_modules/.pnpm/@heroui+react@3.0.2_@types+react-dom@19.2.3_@types+react@19.2.14__@types+react@19.2.14__c730fa5b70b9d80753a0dd77387ed4a9/node_modules/@heroui/react/dist/components/color-swatch-picker/index.d.ts(5,14): error TS2339: Property 'children' does not exist on type 'ColorSwatchPickerItemProps'.
node_modules/.pnpm/@heroui+react@3.0.2_@types+react-dom@19.2.3_@types+react@19.2.14__@types+react@19.2.14__c730fa5b70b9d80753a0dd77387ed4a9/node_modules/@heroui/react/dist/components/color-swatch-picker/index.d.ts(5,24): error TS2339: Property 'className' does not exist on type 'ColorSwatchPickerItemProps'.
node_modules/.pnpm/@heroui+react@3.0.2_@types+react-dom@19.2.3_@types+react@19.2.14__@types+react@19.2.14__c730fa5b70b9d80753a0dd77387ed4a9/node_modules/@heroui/react/dist/components/color-swatch-picker/index.d.ts(6,16): error TS2339: Property 'className' does not exist on type 'ColorSwatchPickerSwatchProps'.
node_modules/.pnpm/@heroui+react@3.0.2_@types+react-dom@19.2.3_@types+react@19.2.14__@types+react@19.2.14__c730fa5b70b9d80753a0dd77387ed4a9/node_modules/@heroui/react/dist/components/color-swatch/color-swatch.d.ts(6,35): error TS2339: Property 'className' does not exist on type 'ColorSwatchRootProps'.
node_modules/.pnpm/@heroui+react@3.0.2_@types+react-dom@19.2.3_@types+react@19.2.14__@types+react@19.2.14__c730fa5b70b9d80753a0dd77387ed4a9/node_modules/@heroui/react/dist/components/color-swatch/color-swatch.d.ts(6,59): error TS2339: Property 'style' does not exist on type 'ColorSwatchRootProps'.
node_modules/.pnpm/@heroui+react@3.0.2_@types+react-dom@19.2.3_@types+react@19.2.14__@types+react@19.2.14__c730fa5b70b9d80753a0dd77387ed4a9/node_modules/@heroui/react/dist/components/color-swatch/index.d.ts(3,39): error TS2339: Property 'className' does not exist on type 'ColorSwatchRootProps'.
node_modules/.pnpm/@heroui+react@3.0.2_@types+react-dom@19.2.3_@types+react@19.2.14__@types+react@19.2.14__c730fa5b70b9d80753a0dd77387ed4a9/node_modules/@heroui/react/dist/components/color-swatch/index.d.ts(3,63): error TS2339: Property 'style' does not exist on type 'ColorSwatchRootProps'.
node_modules/.pnpm/@heroui+react@3.0.2_@types+react-dom@19.2.3_@types+react@19.2.14__@types+react@19.2.14__c730fa5b70b9d80753a0dd77387ed4a9/node_modules/@heroui/react/dist/components/color-swatch/index.d.ts(4,14): error TS2339: Property 'className' does not exist on type 'ColorSwatchRootProps'.
node_modules/.pnpm/@heroui+react@3.0.2_@types+react-dom@19.2.3_@types+react@19.2.14__@types+react@19.2.14__c730fa5b70b9d80753a0dd77387ed4a9/node_modules/@heroui/react/dist/components/color-swatch/index.d.ts(4,38): error TS2339: Property 'style' does not exist on type 'ColorSwatchRootProps'.
node_modules/.pnpm/@heroui+react@3.0.2_@types+react-dom@19.2.3_@types+react@19.2.14__@types+react@19.2.14__c730fa5b70b9d80753a0dd77387ed4a9/node_modules/@heroui/react/dist/components/combo-box/combo-box.d.ts(5,8): error TS1259: Module '"/Volumes/OWC Envoy Ultra/codes/NEXTJS/t3-activity-process/node_modules/.pnpm/@types+react@19.2.14/node_modules/@types/react/index"' can only be default-imported using the 'esModuleInterop' flag
node_modules/.pnpm/@heroui+react@3.0.2_@types+react-dom@19.2.3_@types+react@19.2.14__@types+react@19.2.14__c730fa5b70b9d80753a0dd77387ed4a9/node_modules/@heroui/react/dist/components/combo-box/combo-box.d.ts(20,59): error TS2339: Property 'children' does not exist on type 'ComboBoxRootProps<T>'.
node_modules/.pnpm/@heroui+react@3.0.2_@types+react-dom@19.2.3_@types+react@19.2.14__@types+react@19.2.14__c730fa5b70b9d80753a0dd77387ed4a9/node_modules/@heroui/react/dist/components/combo-box/combo-box.d.ts(20,69): error TS2339: Property 'className' does not exist on type 'ComboBoxRootProps<T>'.
node_modules/.pnpm/@heroui+react@3.0.2_@types+react-dom@19.2.3_@types+react@19.2.14__@types+react@19.2.14__c730fa5b70b9d80753a0dd77387ed4a9/node_modules/@heroui/react/dist/components/combo-box/combo-box.d.ts(20,91): error TS2339: Property 'menuTrigger' does not exist on type 'ComboBoxRootProps<T>'.
node_modules/.pnpm/@heroui+react@3.0.2_@types+react-dom@19.2.3_@types+react@19.2.14__@types+react@19.2.14__c730fa5b70b9d80753a0dd77387ed4a9/node_modules/@heroui/react/dist/components/combo-box/combo-box.d.ts(23,38): error TS2339: Property 'children' does not exist on type 'ComboBoxInputGroupProps'.
node_modules/.pnpm/@heroui+react@3.0.2_@types+react-dom@19.2.3_@types+react@19.2.14__@types+react@19.2.14__c730fa5b70b9d80753a0dd77387ed4a9/node_modules/@heroui/react/dist/components/combo-box/combo-box.d.ts(23,48): error TS2339: Property 'className' does not exist on type 'ComboBoxInputGroupProps'.
node_modules/.pnpm/@heroui+react@3.0.2_@types+react-dom@19.2.3_@types+react@19.2.14__@types+react@19.2.14__c730fa5b70b9d80753a0dd77387ed4a9/node_modules/@heroui/react/dist/components/combo-box/index.d.ts(3,63): error TS2339: Property 'children' does not exist on type 'ComboBoxRootProps<T>'.
node_modules/.pnpm/@heroui+react@3.0.2_@types+react-dom@19.2.3_@types+react@19.2.14__@types+react@19.2.14__c730fa5b70b9d80753a0dd77387ed4a9/node_modules/@heroui/react/dist/components/combo-box/index.d.ts(3,73): error TS2339: Property 'className' does not exist on type 'ComboBoxRootProps<T>'.
node_modules/.pnpm/@heroui+react@3.0.2_@types+react-dom@19.2.3_@types+react@19.2.14__@types+react@19.2.14__c730fa5b70b9d80753a0dd77387ed4a9/node_modules/@heroui/react/dist/components/combo-box/index.d.ts(3,95): error TS2339: Property 'menuTrigger' does not exist on type 'ComboBoxRootProps<T>'.
node_modules/.pnpm/@heroui+react@3.0.2_@types+react-dom@19.2.3_@types+react@19.2.14__@types+react@19.2.14__c730fa5b70b9d80753a0dd77387ed4a9/node_modules/@heroui/react/dist/components/combo-box/index.d.ts(4,41): error TS2339: Property 'children' does not exist on type 'ComboBoxRootProps<T>'.
node_modules/.pnpm/@heroui+react@3.0.2_@types+react-dom@19.2.3_@types+react@19.2.14__@types+react@19.2.14__c730fa5b70b9d80753a0dd77387ed4a9/node_modules/@heroui/react/dist/components/combo-box/index.d.ts(4,51): error TS2339: Property 'className' does not exist on type 'ComboBoxRootProps<T>'.
node_modules/.pnpm/@heroui+react@3.0.2_@types+react-dom@19.2.3_@types+react@19.2.14__@types+react@19.2.14__c730fa5b70b9d80753a0dd77387ed4a9/node_modules/@heroui/react/dist/components/combo-box/index.d.ts(4,73): error TS2339: Property 'menuTrigger' does not exist on type 'ComboBoxRootProps<T>'.
node_modules/.pnpm/@heroui+react@3.0.2_@types+react-dom@19.2.3_@types+react@19.2.14__@types+react@19.2.14__c730fa5b70b9d80753a0dd77387ed4a9/node_modules/@heroui/react/dist/components/combo-box/index.d.ts(5,20): error TS2339: Property 'children' does not exist on type 'ComboBoxInputGroupProps'.
node_modules/.pnpm/@heroui+react@3.0.2_@types+react-dom@19.2.3_@types+react@19.2.14__@types+react@19.2.14__c730fa5b70b9d80753a0dd77387ed4a9/node_modules/@heroui/react/dist/components/combo-box/index.d.ts(5,30): error TS2339: Property 'className' does not exist on type 'ComboBoxInputGroupProps'.
node_modules/.pnpm/@heroui+react@3.0.2_@types+react-dom@19.2.3_@types+react@19.2.14__@types+react@19.2.14__c730fa5b70b9d80753a0dd77387ed4a9/node_modules/@heroui/react/dist/components/date-field/date-field.d.ts(7,55): error TS2339: Property 'children' does not exist on type 'DateFieldRootProps<T>'.
node_modules/.pnpm/@heroui+react@3.0.2_@types+react-dom@19.2.3_@types+react@19.2.14__@types+react@19.2.14__c730fa5b70b9d80753a0dd77387ed4a9/node_modules/@heroui/react/dist/components/date-field/date-field.d.ts(7,65): error TS2339: Property 'className' does not exist on type 'DateFieldRootProps<T>'.
node_modules/.pnpm/@heroui+react@3.0.2_@types+react-dom@19.2.3_@types+react@19.2.14__@types+react@19.2.14__c730fa5b70b9d80753a0dd77387ed4a9/node_modules/@heroui/react/dist/components/date-field/index.d.ts(6,15): error TS2339: Property 'children' does not exist on type 'DateInputGroupRootProps'.
node_modules/.pnpm/@heroui+react@3.0.2_@types+react-dom@19.2.3_@types+react@19.2.14__@types+react@19.2.14__c730fa5b70b9d80753a0dd77387ed4a9/node_modules/@heroui/react/dist/components/date-field/index.d.ts(6,25): error TS2339: Property 'className' does not exist on type 'DateInputGroupRootProps'.
node_modules/.pnpm/@heroui+react@3.0.2_@types+react-dom@19.2.3_@types+react@19.2.14__@types+react@19.2.14__c730fa5b70b9d80753a0dd77387ed4a9/node_modules/@heroui/react/dist/components/date-input-group/date-input-group.d.ts(7,38): error TS2339: Property 'children' does not exist on type 'DateInputGroupRootProps'.
node_modules/.pnpm/@heroui+react@3.0.2_@types+react-dom@19.2.3_@types+react@19.2.14__@types+react@19.2.14__c730fa5b70b9d80753a0dd77387ed4a9/node_modules/@heroui/react/dist/components/date-input-group/date-input-group.d.ts(7,48): error TS2339: Property 'className' does not exist on type 'DateInputGroupRootProps'.
node_modules/.pnpm/@heroui+react@3.0.2_@types+react-dom@19.2.3_@types+react@19.2.14__@types+react@19.2.14__c730fa5b70b9d80753a0dd77387ed4a9/node_modules/@heroui/react/dist/components/date-input-group/index.d.ts(3,42): error TS2339: Property 'children' does not exist on type 'DateInputGroupRootProps'.
node_modules/.pnpm/@heroui+react@3.0.2_@types+react-dom@19.2.3_@types+react@19.2.14__@types+react@19.2.14__c730fa5b70b9d80753a0dd77387ed4a9/node_modules/@heroui/react/dist/components/date-input-group/index.d.ts(3,52): error TS2339: Property 'className' does not exist on type 'DateInputGroupRootProps'.
node_modules/.pnpm/@heroui+react@3.0.2_@types+react-dom@19.2.3_@types+react@19.2.14__@types+react@19.2.14__c730fa5b70b9d80753a0dd77387ed4a9/node_modules/@heroui/react/dist/components/date-input-group/index.d.ts(4,14): error TS2339: Property 'children' does not exist on type 'DateInputGroupRootProps'.
node_modules/.pnpm/@heroui+react@3.0.2_@types+react-dom@19.2.3_@types+react@19.2.14__@types+react@19.2.14__c730fa5b70b9d80753a0dd77387ed4a9/node_modules/@heroui/react/dist/components/date-input-group/index.d.ts(4,24): error TS2339: Property 'className' does not exist on type 'DateInputGroupRootProps'.
node_modules/.pnpm/@heroui+react@3.0.2_@types+react-dom@19.2.3_@types+react@19.2.14__@types+react@19.2.14__c730fa5b70b9d80753a0dd77387ed4a9/node_modules/@heroui/react/dist/components/date-picker/date-picker.d.ts(4,8): error TS1259: Module '"/Volumes/OWC Envoy Ultra/codes/NEXTJS/t3-activity-process/node_modules/.pnpm/@types+react@19.2.14/node_modules/@types/react/index"' can only be default-imported using the 'esModuleInterop' flag
node_modules/.pnpm/@heroui+react@3.0.2_@types+react-dom@19.2.3_@types+react@19.2.14__@types+react@19.2.14__c730fa5b70b9d80753a0dd77387ed4a9/node_modules/@heroui/react/dist/components/date-picker/date-picker.d.ts(9,29): error TS2339: Property 'children' does not exist on type 'DatePickerRootProps<T>'.
node_modules/.pnpm/@heroui+react@3.0.2_@types+react-dom@19.2.3_@types+react@19.2.14__@types+react@19.2.14__c730fa5b70b9d80753a0dd77387ed4a9/node_modules/@heroui/react/dist/components/date-picker/date-picker.d.ts(9,39): error TS2339: Property 'className' does not exist on type 'DatePickerRootProps<T>'.
node_modules/.pnpm/@heroui+react@3.0.2_@types+react-dom@19.2.3_@types+react@19.2.14__@types+react@19.2.14__c730fa5b70b9d80753a0dd77387ed4a9/node_modules/@heroui/react/dist/components/date-picker/date-picker.d.ts(9,50): error TS2339: Property 'onOpenChange' does not exist on type 'DatePickerRootProps<T>'.
node_modules/.pnpm/@heroui+react@3.0.2_@types+react-dom@19.2.3_@types+react@19.2.14__@types+react@19.2.14__c730fa5b70b9d80753a0dd77387ed4a9/node_modules/@heroui/react/dist/components/date-picker/index.d.ts(4,61): error TS2339: Property 'children' does not exist on type 'DatePickerRootProps<T>'.
node_modules/.pnpm/@heroui+react@3.0.2_@types+react-dom@19.2.3_@types+react@19.2.14__@types+react@19.2.14__c730fa5b70b9d80753a0dd77387ed4a9/node_modules/@heroui/react/dist/components/date-picker/index.d.ts(4,71): error TS2339: Property 'className' does not exist on type 'DatePickerRootProps<T>'.
node_modules/.pnpm/@heroui+react@3.0.2_@types+react-dom@19.2.3_@types+react@19.2.14__@types+react@19.2.14__c730fa5b70b9d80753a0dd77387ed4a9/node_modules/@heroui/react/dist/components/date-picker/index.d.ts(4,82): error TS2339: Property 'onOpenChange' does not exist on type 'DatePickerRootProps<T>'.
node_modules/.pnpm/@heroui+react@3.0.2_@types+react-dom@19.2.3_@types+react@19.2.14__@types+react@19.2.14__c730fa5b70b9d80753a0dd77387ed4a9/node_modules/@heroui/react/dist/components/date-picker/index.d.ts(8,65): error TS2339: Property 'children' does not exist on type 'DatePickerRootProps<T>'.
node_modules/.pnpm/@heroui+react@3.0.2_@types+react-dom@19.2.3_@types+react@19.2.14__@types+react@19.2.14__c730fa5b70b9d80753a0dd77387ed4a9/node_modules/@heroui/react/dist/components/date-picker/index.d.ts(8,75): error TS2339: Property 'className' does not exist on type 'DatePickerRootProps<T>'.
node_modules/.pnpm/@heroui+react@3.0.2_@types+react-dom@19.2.3_@types+react@19.2.14__@types+react@19.2.14__c730fa5b70b9d80753a0dd77387ed4a9/node_modules/@heroui/react/dist/components/date-picker/index.d.ts(8,86): error TS2339: Property 'onOpenChange' does not exist on type 'DatePickerRootProps<T>'.
node_modules/.pnpm/@heroui+react@3.0.2_@types+react-dom@19.2.3_@types+react@19.2.14__@types+react@19.2.14__c730fa5b70b9d80753a0dd77387ed4a9/node_modules/@heroui/react/dist/components/date-range-picker/date-range-picker.d.ts(4,8): error TS1259: Module '"/Volumes/OWC Envoy Ultra/codes/NEXTJS/t3-activity-process/node_modules/.pnpm/@types+react@19.2.14/node_modules/@types/react/index"' can only be default-imported using the 'esModuleInterop' flag
node_modules/.pnpm/@heroui+react@3.0.2_@types+react-dom@19.2.3_@types+react@19.2.14__@types+react@19.2.14__c730fa5b70b9d80753a0dd77387ed4a9/node_modules/@heroui/react/dist/components/date-range-picker/date-range-picker.d.ts(9,29): error TS2339: Property 'children' does not exist on type 'DateRangePickerRootProps<T>'.
node_modules/.pnpm/@heroui+react@3.0.2_@types+react-dom@19.2.3_@types+react@19.2.14__@types+react@19.2.14__c730fa5b70b9d80753a0dd77387ed4a9/node_modules/@heroui/react/dist/components/date-range-picker/date-range-picker.d.ts(9,39): error TS2339: Property 'className' does not exist on type 'DateRangePickerRootProps<T>'.
node_modules/.pnpm/@heroui+react@3.0.2_@types+react-dom@19.2.3_@types+react@19.2.14__@types+react@19.2.14__c730fa5b70b9d80753a0dd77387ed4a9/node_modules/@heroui/react/dist/components/date-range-picker/date-range-picker.d.ts(9,50): error TS2339: Property 'onOpenChange' does not exist on type 'DateRangePickerRootProps<T>'.
node_modules/.pnpm/@heroui+react@3.0.2_@types+react-dom@19.2.3_@types+react@19.2.14__@types+react@19.2.14__c730fa5b70b9d80753a0dd77387ed4a9/node_modules/@heroui/react/dist/components/date-range-picker/index.d.ts(4,61): error TS2339: Property 'children' does not exist on type 'DateRangePickerRootProps<T>'.
node_modules/.pnpm/@heroui+react@3.0.2_@types+react-dom@19.2.3_@types+react@19.2.14__@types+react@19.2.14__c730fa5b70b9d80753a0dd77387ed4a9/node_modules/@heroui/react/dist/components/date-range-picker/index.d.ts(4,71): error TS2339: Property 'className' does not exist on type 'DateRangePickerRootProps<T>'.
node_modules/.pnpm/@heroui+react@3.0.2_@types+react-dom@19.2.3_@types+react@19.2.14__@types+react@19.2.14__c730fa5b70b9d80753a0dd77387ed4a9/node_modules/@heroui/react/dist/components/date-range-picker/index.d.ts(4,82): error TS2339: Property 'onOpenChange' does not exist on type 'DateRangePickerRootProps<T>'.
node_modules/.pnpm/@heroui+react@3.0.2_@types+react-dom@19.2.3_@types+react@19.2.14__@types+react@19.2.14__c730fa5b70b9d80753a0dd77387ed4a9/node_modules/@heroui/react/dist/components/date-range-picker/index.d.ts(8,65): error TS2339: Property 'children' does not exist on type 'DateRangePickerRootProps<T>'.
node_modules/.pnpm/@heroui+react@3.0.2_@types+react-dom@19.2.3_@types+react@19.2.14__@types+react@19.2.14__c730fa5b70b9d80753a0dd77387ed4a9/node_modules/@heroui/react/dist/components/date-range-picker/index.d.ts(8,75): error TS2339: Property 'className' does not exist on type 'DateRangePickerRootProps<T>'.
node_modules/.pnpm/@heroui+react@3.0.2_@types+react-dom@19.2.3_@types+react@19.2.14__@types+react@19.2.14__c730fa5b70b9d80753a0dd77387ed4a9/node_modules/@heroui/react/dist/components/date-range-picker/index.d.ts(8,86): error TS2339: Property 'onOpenChange' does not exist on type 'DateRangePickerRootProps<T>'.
node_modules/.pnpm/@heroui+react@3.0.2_@types+react-dom@19.2.3_@types+react@19.2.14__@types+react@19.2.14__c730fa5b70b9d80753a0dd77387ed4a9/node_modules/@heroui/react/dist/components/disclosure-group/disclosure-group.d.ts(6,39): error TS2339: Property 'children' does not exist on type 'DisclosureGroupRootProps'.
node_modules/.pnpm/@heroui+react@3.0.2_@types+react-dom@19.2.3_@types+react@19.2.14__@types+react@19.2.14__c730fa5b70b9d80753a0dd77387ed4a9/node_modules/@heroui/react/dist/components/disclosure-group/disclosure-group.d.ts(6,49): error TS2339: Property 'className' does not exist on type 'DisclosureGroupRootProps'.
node_modules/.pnpm/@heroui+react@3.0.2_@types+react-dom@19.2.3_@types+react@19.2.14__@types+react@19.2.14__c730fa5b70b9d80753a0dd77387ed4a9/node_modules/@heroui/react/dist/components/disclosure-group/index.d.ts(3,43): error TS2339: Property 'children' does not exist on type 'DisclosureGroupRootProps'.
node_modules/.pnpm/@heroui+react@3.0.2_@types+react-dom@19.2.3_@types+react@19.2.14__@types+react@19.2.14__c730fa5b70b9d80753a0dd77387ed4a9/node_modules/@heroui/react/dist/components/disclosure-group/index.d.ts(3,53): error TS2339: Property 'className' does not exist on type 'DisclosureGroupRootProps'.
node_modules/.pnpm/@heroui+react@3.0.2_@types+react-dom@19.2.3_@types+react@19.2.14__@types+react@19.2.14__c730fa5b70b9d80753a0dd77387ed4a9/node_modules/@heroui/react/dist/components/disclosure-group/index.d.ts(4,14): error TS2339: Property 'children' does not exist on type 'DisclosureGroupRootProps'.
node_modules/.pnpm/@heroui+react@3.0.2_@types+react-dom@19.2.3_@types+react@19.2.14__@types+react@19.2.14__c730fa5b70b9d80753a0dd77387ed4a9/node_modules/@heroui/react/dist/components/disclosure-group/index.d.ts(4,24): error TS2339: Property 'className' does not exist on type 'DisclosureGroupRootProps'.
node_modules/.pnpm/@heroui+react@3.0.2_@types+react-dom@19.2.3_@types+react@19.2.14__@types+react@19.2.14__c730fa5b70b9d80753a0dd77387ed4a9/node_modules/@heroui/react/dist/components/disclosure/disclosure.d.ts(7,34): error TS2339: Property 'children' does not exist on type 'DisclosureRootProps'.
node_modules/.pnpm/@heroui+react@3.0.2_@types+react-dom@19.2.3_@types+react@19.2.14__@types+react@19.2.14__c730fa5b70b9d80753a0dd77387ed4a9/node_modules/@heroui/react/dist/components/disclosure/disclosure.d.ts(7,44): error TS2339: Property 'className' does not exist on type 'DisclosureRootProps'.
node_modules/.pnpm/@heroui+react@3.0.2_@types+react-dom@19.2.3_@types+react@19.2.14__@types+react@19.2.14__c730fa5b70b9d80753a0dd77387ed4a9/node_modules/@heroui/react/dist/components/disclosure/disclosure.d.ts(17,37): error TS2339: Property 'children' does not exist on type 'DisclosureContentProps'.
node_modules/.pnpm/@heroui+react@3.0.2_@types+react-dom@19.2.3_@types+react@19.2.14__@types+react@19.2.14__c730fa5b70b9d80753a0dd77387ed4a9/node_modules/@heroui/react/dist/components/disclosure/disclosure.d.ts(17,47): error TS2339: Property 'className' does not exist on type 'DisclosureContentProps'.
node_modules/.pnpm/@heroui+react@3.0.2_@types+react-dom@19.2.3_@types+react@19.2.14__@types+react@19.2.14__c730fa5b70b9d80753a0dd77387ed4a9/node_modules/@heroui/react/dist/components/disclosure/index.d.ts(3,38): error TS2339: Property 'children' does not exist on type 'DisclosureRootProps'.
node_modules/.pnpm/@heroui+react@3.0.2_@types+react-dom@19.2.3_@types+react@19.2.14__@types+react@19.2.14__c730fa5b70b9d80753a0dd77387ed4a9/node_modules/@heroui/react/dist/components/disclosure/index.d.ts(3,48): error TS2339: Property 'className' does not exist on type 'DisclosureRootProps'.
node_modules/.pnpm/@heroui+react@3.0.2_@types+react-dom@19.2.3_@types+react@19.2.14__@types+react@19.2.14__c730fa5b70b9d80753a0dd77387ed4a9/node_modules/@heroui/react/dist/components/disclosure/index.d.ts(4,14): error TS2339: Property 'children' does not exist on type 'DisclosureRootProps'.
node_modules/.pnpm/@heroui+react@3.0.2_@types+react-dom@19.2.3_@types+react@19.2.14__@types+react@19.2.14__c730fa5b70b9d80753a0dd77387ed4a9/node_modules/@heroui/react/dist/components/disclosure/index.d.ts(4,24): error TS2339: Property 'className' does not exist on type 'DisclosureRootProps'.
node_modules/.pnpm/@heroui+react@3.0.2_@types+react-dom@19.2.3_@types+react@19.2.14__@types+react@19.2.14__c730fa5b70b9d80753a0dd77387ed4a9/node_modules/@heroui/react/dist/components/disclosure/index.d.ts(7,17): error TS2339: Property 'children' does not exist on type 'DisclosureContentProps'.
node_modules/.pnpm/@heroui+react@3.0.2_@types+react-dom@19.2.3_@types+react@19.2.14__@types+react@19.2.14__c730fa5b70b9d80753a0dd77387ed4a9/node_modules/@heroui/react/dist/components/disclosure/index.d.ts(7,27): error TS2339: Property 'className' does not exist on type 'DisclosureContentProps'.
node_modules/.pnpm/@heroui+react@3.0.2_@types+react-dom@19.2.3_@types+react@19.2.14__@types+react@19.2.14__c730fa5b70b9d80753a0dd77387ed4a9/node_modules/@heroui/react/dist/components/drawer/drawer.d.ts(17,8): error TS2339: Property 'children' does not exist on type 'DrawerTriggerProps'.
node_modules/.pnpm/@heroui+react@3.0.2_@types+react-dom@19.2.3_@types+react@19.2.14__@types+react@19.2.14__c730fa5b70b9d80753a0dd77387ed4a9/node_modules/@heroui/react/dist/components/drawer/drawer.d.ts(17,18): error TS2339: Property 'className' does not exist on type 'DrawerTriggerProps'.
node_modules/.pnpm/@heroui+react@3.0.2_@types+react-dom@19.2.3_@types+react@19.2.14__@types+react@19.2.14__c730fa5b70b9d80753a0dd77387ed4a9/node_modules/@heroui/react/dist/components/drawer/drawer.d.ts(29,8): error TS2339: Property 'children' does not exist on type 'DrawerBackdropProps'.
node_modules/.pnpm/@heroui+react@3.0.2_@types+react-dom@19.2.3_@types+react@19.2.14__@types+react@19.2.14__c730fa5b70b9d80753a0dd77387ed4a9/node_modules/@heroui/react/dist/components/drawer/drawer.d.ts(29,18): error TS2339: Property 'className' does not exist on type 'DrawerBackdropProps'.
node_modules/.pnpm/@heroui+react@3.0.2_@types+react-dom@19.2.3_@types+react@19.2.14__@types+react@19.2.14__c730fa5b70b9d80753a0dd77387ed4a9/node_modules/@heroui/react/dist/components/drawer/drawer.d.ts(66,8): error TS2339: Property 'children' does not exist on type 'DrawerHeadingProps'.
node_modules/.pnpm/@heroui+react@3.0.2_@types+react-dom@19.2.3_@types+react@19.2.14__@types+react@19.2.14__c730fa5b70b9d80753a0dd77387ed4a9/node_modules/@heroui/react/dist/components/drawer/drawer.d.ts(66,18): error TS2339: Property 'className' does not exist on type 'DrawerHeadingProps'.
node_modules/.pnpm/@heroui+react@3.0.2_@types+react-dom@19.2.3_@types+react@19.2.14__@types+react@19.2.14__c730fa5b70b9d80753a0dd77387ed4a9/node_modules/@heroui/react/dist/components/drawer/index.d.ts(12,12): error TS2339: Property 'children' does not exist on type 'DrawerTriggerProps'.
node_modules/.pnpm/@heroui+react@3.0.2_@types+react-dom@19.2.3_@types+react@19.2.14__@types+react@19.2.14__c730fa5b70b9d80753a0dd77387ed4a9/node_modules/@heroui/react/dist/components/drawer/index.d.ts(12,22): error TS2339: Property 'className' does not exist on type 'DrawerTriggerProps'.
node_modules/.pnpm/@heroui+react@3.0.2_@types+react-dom@19.2.3_@types+react@19.2.14__@types+react@19.2.14__c730fa5b70b9d80753a0dd77387ed4a9/node_modules/@heroui/react/dist/components/drawer/index.d.ts(16,12): error TS2339: Property 'children' does not exist on type 'DrawerBackdropProps'.
node_modules/.pnpm/@heroui+react@3.0.2_@types+react-dom@19.2.3_@types+react@19.2.14__@types+react@19.2.14__c730fa5b70b9d80753a0dd77387ed4a9/node_modules/@heroui/react/dist/components/drawer/index.d.ts(16,22): error TS2339: Property 'className' does not exist on type 'DrawerBackdropProps'.
node_modules/.pnpm/@heroui+react@3.0.2_@types+react-dom@19.2.3_@types+react@19.2.14__@types+react@19.2.14__c730fa5b70b9d80753a0dd77387ed4a9/node_modules/@heroui/react/dist/components/drawer/index.d.ts(32,12): error TS2339: Property 'children' does not exist on type 'DrawerHeadingProps'.
node_modules/.pnpm/@heroui+react@3.0.2_@types+react-dom@19.2.3_@types+react@19.2.14__@types+react@19.2.14__c730fa5b70b9d80753a0dd77387ed4a9/node_modules/@heroui/react/dist/components/drawer/index.d.ts(32,22): error TS2339: Property 'className' does not exist on type 'DrawerHeadingProps'.
node_modules/.pnpm/@heroui+react@3.0.2_@types+react-dom@19.2.3_@types+react@19.2.14__@types+react@19.2.14__c730fa5b70b9d80753a0dd77387ed4a9/node_modules/@heroui/react/dist/components/dropdown/dropdown.d.ts(3,8): error TS1259: Module '"/Volumes/OWC Envoy Ultra/codes/NEXTJS/t3-activity-process/node_modules/.pnpm/@types+react@19.2.14/node_modules/@types/react/index"' can only be default-imported using the 'esModuleInterop' flag
node_modules/.pnpm/@heroui+react@3.0.2_@types+react-dom@19.2.3_@types+react@19.2.14__@types+react@19.2.14__c730fa5b70b9d80753a0dd77387ed4a9/node_modules/@heroui/react/dist/components/dropdown/dropdown.d.ts(13,35): error TS2339: Property 'children' does not exist on type 'DropdownTriggerProps'.
node_modules/.pnpm/@heroui+react@3.0.2_@types+react-dom@19.2.3_@types+react@19.2.14__@types+react@19.2.14__c730fa5b70b9d80753a0dd77387ed4a9/node_modules/@heroui/react/dist/components/dropdown/dropdown.d.ts(13,45): error TS2339: Property 'className' does not exist on type 'DropdownTriggerProps'.
node_modules/.pnpm/@heroui+react@3.0.2_@types+react-dom@19.2.3_@types+react@19.2.14__@types+react@19.2.14__c730fa5b70b9d80753a0dd77387ed4a9/node_modules/@heroui/react/dist/components/dropdown/dropdown.d.ts(30,42): error TS2339: Property 'children' does not exist on type 'DropdownSubmenuTriggerProps'.
node_modules/.pnpm/@heroui+react@3.0.2_@types+react-dom@19.2.3_@types+react@19.2.14__@types+react@19.2.14__c730fa5b70b9d80753a0dd77387ed4a9/node_modules/@heroui/react/dist/components/dropdown/index.d.ts(5,17): error TS2339: Property 'children' does not exist on type 'DropdownTriggerProps'.
node_modules/.pnpm/@heroui+react@3.0.2_@types+react-dom@19.2.3_@types+react@19.2.14__@types+react@19.2.14__c730fa5b70b9d80753a0dd77387ed4a9/node_modules/@heroui/react/dist/components/dropdown/index.d.ts(5,27): error TS2339: Property 'className' does not exist on type 'DropdownTriggerProps'.
node_modules/.pnpm/@heroui+react@3.0.2_@types+react-dom@19.2.3_@types+react@19.2.14__@types+react@19.2.14__c730fa5b70b9d80753a0dd77387ed4a9/node_modules/@heroui/react/dist/components/dropdown/index.d.ts(12,24): error TS2339: Property 'children' does not exist on type 'DropdownSubmenuTriggerProps'.
node_modules/.pnpm/@heroui+react@3.0.2_@types+react-dom@19.2.3_@types+react@19.2.14__@types+react@19.2.14__c730fa5b70b9d80753a0dd77387ed4a9/node_modules/@heroui/react/dist/components/field-error/field-error.d.ts(6,34): error TS2339: Property 'children' does not exist on type 'FieldErrorRootProps'.
node_modules/.pnpm/@heroui+react@3.0.2_@types+react-dom@19.2.3_@types+react@19.2.14__@types+react@19.2.14__c730fa5b70b9d80753a0dd77387ed4a9/node_modules/@heroui/react/dist/components/field-error/field-error.d.ts(6,44): error TS2339: Property 'className' does not exist on type 'FieldErrorRootProps'.
node_modules/.pnpm/@heroui+react@3.0.2_@types+react-dom@19.2.3_@types+react@19.2.14__@types+react@19.2.14__c730fa5b70b9d80753a0dd77387ed4a9/node_modules/@heroui/react/dist/components/field-error/index.d.ts(3,38): error TS2339: Property 'children' does not exist on type 'FieldErrorRootProps'.
node_modules/.pnpm/@heroui+react@3.0.2_@types+react-dom@19.2.3_@types+react@19.2.14__@types+react@19.2.14__c730fa5b70b9d80753a0dd77387ed4a9/node_modules/@heroui/react/dist/components/field-error/index.d.ts(3,48): error TS2339: Property 'className' does not exist on type 'FieldErrorRootProps'.
node_modules/.pnpm/@heroui+react@3.0.2_@types+react-dom@19.2.3_@types+react@19.2.14__@types+react@19.2.14__c730fa5b70b9d80753a0dd77387ed4a9/node_modules/@heroui/react/dist/components/field-error/index.d.ts(4,14): error TS2339: Property 'children' does not exist on type 'FieldErrorRootProps'.
node_modules/.pnpm/@heroui+react@3.0.2_@types+react-dom@19.2.3_@types+react@19.2.14__@types+react@19.2.14__c730fa5b70b9d80753a0dd77387ed4a9/node_modules/@heroui/react/dist/components/field-error/index.d.ts(4,24): error TS2339: Property 'className' does not exist on type 'FieldErrorRootProps'.
node_modules/.pnpm/@heroui+react@3.0.2_@types+react-dom@19.2.3_@types+react@19.2.14__@types+react@19.2.14__c730fa5b70b9d80753a0dd77387ed4a9/node_modules/@heroui/react/dist/components/header/header.d.ts(5,30): error TS2339: Property 'children' does not exist on type 'HeaderRootProps'.
node_modules/.pnpm/@heroui+react@3.0.2_@types+react-dom@19.2.3_@types+react@19.2.14__@types+react@19.2.14__c730fa5b70b9d80753a0dd77387ed4a9/node_modules/@heroui/react/dist/components/header/header.d.ts(5,40): error TS2339: Property 'className' does not exist on type 'HeaderRootProps'.
node_modules/.pnpm/@heroui+react@3.0.2_@types+react-dom@19.2.3_@types+react@19.2.14__@types+react@19.2.14__c730fa5b70b9d80753a0dd77387ed4a9/node_modules/@heroui/react/dist/components/header/index.d.ts(3,33): error TS2339: Property 'children' does not exist on type 'HeaderRootProps'.
node_modules/.pnpm/@heroui+react@3.0.2_@types+react-dom@19.2.3_@types+react@19.2.14__@types+react@19.2.14__c730fa5b70b9d80753a0dd77387ed4a9/node_modules/@heroui/react/dist/components/header/index.d.ts(3,43): error TS2339: Property 'className' does not exist on type 'HeaderRootProps'.
node_modules/.pnpm/@heroui+react@3.0.2_@types+react-dom@19.2.3_@types+react@19.2.14__@types+react@19.2.14__c730fa5b70b9d80753a0dd77387ed4a9/node_modules/@heroui/react/dist/components/icons.d.ts(1,8): error TS1259: Module '"/Volumes/OWC Envoy Ultra/codes/NEXTJS/t3-activity-process/node_modules/.pnpm/@types+react@19.2.14/node_modules/@types/react/index"' can only be default-imported using the 'esModuleInterop' flag
node_modules/.pnpm/@heroui+react@3.0.2_@types+react-dom@19.2.3_@types+react@19.2.14__@types+react@19.2.14__c730fa5b70b9d80753a0dd77387ed4a9/node_modules/@heroui/react/dist/components/icons.d.ts(7,43): error TS2339: Property 'height' does not exist on type 'IconProps'.
node_modules/.pnpm/@heroui+react@3.0.2_@types+react-dom@19.2.3_@types+react@19.2.14__@types+react@19.2.14__c730fa5b70b9d80753a0dd77387ed4a9/node_modules/@heroui/react/dist/components/icons.d.ts(7,51): error TS2339: Property 'width' does not exist on type 'IconProps'.
node_modules/.pnpm/@heroui+react@3.0.2_@types+react-dom@19.2.3_@types+react@19.2.14__@types+react@19.2.14__c730fa5b70b9d80753a0dd77387ed4a9/node_modules/@heroui/react/dist/components/input-group/index.d.ts(3,38): error TS2339: Property 'children' does not exist on type 'InputGroupRootProps'.
node_modules/.pnpm/@heroui+react@3.0.2_@types+react-dom@19.2.3_@types+react@19.2.14__@types+react@19.2.14__c730fa5b70b9d80753a0dd77387ed4a9/node_modules/@heroui/react/dist/components/input-group/index.d.ts(3,48): error TS2339: Property 'className' does not exist on type 'InputGroupRootProps'.
node_modules/.pnpm/@heroui+react@3.0.2_@types+react-dom@19.2.3_@types+react@19.2.14__@types+react@19.2.14__c730fa5b70b9d80753a0dd77387ed4a9/node_modules/@heroui/react/dist/components/input-group/index.d.ts(3,70): error TS2339: Property 'onClick' does not exist on type 'InputGroupRootProps'.
node_modules/.pnpm/@heroui+react@3.0.2_@types+react-dom@19.2.3_@types+react@19.2.14__@types+react@19.2.14__c730fa5b70b9d80753a0dd77387ed4a9/node_modules/@heroui/react/dist/components/input-group/index.d.ts(4,14): error TS2339: Property 'children' does not exist on type 'InputGroupRootProps'.
node_modules/.pnpm/@heroui+react@3.0.2_@types+react-dom@19.2.3_@types+react@19.2.14__@types+react@19.2.14__c730fa5b70b9d80753a0dd77387ed4a9/node_modules/@heroui/react/dist/components/input-group/index.d.ts(4,24): error TS2339: Property 'className' does not exist on type 'InputGroupRootProps'.
node_modules/.pnpm/@heroui+react@3.0.2_@types+react-dom@19.2.3_@types+react@19.2.14__@types+react@19.2.14__c730fa5b70b9d80753a0dd77387ed4a9/node_modules/@heroui/react/dist/components/input-group/index.d.ts(4,46): error TS2339: Property 'onClick' does not exist on type 'InputGroupRootProps'.
node_modules/.pnpm/@heroui+react@3.0.2_@types+react-dom@19.2.3_@types+react@19.2.14__@types+react@19.2.14__c730fa5b70b9d80753a0dd77387ed4a9/node_modules/@heroui/react/dist/components/input-group/index.d.ts(5,15): error TS2339: Property 'className' does not exist on type 'InputGroupInputProps'.
node_modules/.pnpm/@heroui+react@3.0.2_@types+react-dom@19.2.3_@types+react@19.2.14__@types+react@19.2.14__c730fa5b70b9d80753a0dd77387ed4a9/node_modules/@heroui/react/dist/components/input-group/index.d.ts(6,18): error TS2339: Property 'className' does not exist on type 'InputGroupTextAreaProps'.
node_modules/.pnpm/@heroui+react@3.0.2_@types+react-dom@19.2.3_@types+react@19.2.14__@types+react@19.2.14__c730fa5b70b9d80753a0dd77387ed4a9/node_modules/@heroui/react/dist/components/input-group/input-group.d.ts(6,34): error TS2339: Property 'children' does not exist on type 'InputGroupRootProps'.
node_modules/.pnpm/@heroui+react@3.0.2_@types+react-dom@19.2.3_@types+react@19.2.14__@types+react@19.2.14__c730fa5b70b9d80753a0dd77387ed4a9/node_modules/@heroui/react/dist/components/input-group/input-group.d.ts(6,44): error TS2339: Property 'className' does not exist on type 'InputGroupRootProps'.
node_modules/.pnpm/@heroui+react@3.0.2_@types+react-dom@19.2.3_@types+react@19.2.14__@types+react@19.2.14__c730fa5b70b9d80753a0dd77387ed4a9/node_modules/@heroui/react/dist/components/input-group/input-group.d.ts(6,66): error TS2339: Property 'onClick' does not exist on type 'InputGroupRootProps'.
node_modules/.pnpm/@heroui+react@3.0.2_@types+react-dom@19.2.3_@types+react@19.2.14__@types+react@19.2.14__c730fa5b70b9d80753a0dd77387ed4a9/node_modules/@heroui/react/dist/components/input-group/input-group.d.ts(9,35): error TS2339: Property 'className' does not exist on type 'InputGroupInputProps'.
node_modules/.pnpm/@heroui+react@3.0.2_@types+react-dom@19.2.3_@types+react@19.2.14__@types+react@19.2.14__c730fa5b70b9d80753a0dd77387ed4a9/node_modules/@heroui/react/dist/components/input-group/input-group.d.ts(15,38): error TS2339: Property 'className' does not exist on type 'InputGroupTextAreaProps'.
node_modules/.pnpm/@heroui+react@3.0.2_@types+react-dom@19.2.3_@types+react@19.2.14__@types+react@19.2.14__c730fa5b70b9d80753a0dd77387ed4a9/node_modules/@heroui/react/dist/components/input-otp/input-otp.d.ts(4,8): error TS1259: Module '"/Volumes/OWC Envoy Ultra/codes/NEXTJS/t3-activity-process/node_modules/.pnpm/@types+react@19.2.14/node_modules/@types/react/index"' can only be default-imported using the 'esModuleInterop' flag
node_modules/.pnpm/@heroui+react@3.0.2_@types+react-dom@19.2.3_@types+react@19.2.14__@types+react@19.2.14__c730fa5b70b9d80753a0dd77387ed4a9/node_modules/@heroui/react/dist/components/input/index.d.ts(3,33): error TS2339: Property 'className' does not exist on type 'InputRootProps'.
node_modules/.pnpm/@heroui+react@3.0.2_@types+react-dom@19.2.3_@types+react@19.2.14__@types+react@19.2.14__c730fa5b70b9d80753a0dd77387ed4a9/node_modules/@heroui/react/dist/components/input/index.d.ts(4,14): error TS2339: Property 'className' does not exist on type 'InputRootProps'.
node_modules/.pnpm/@heroui+react@3.0.2_@types+react-dom@19.2.3_@types+react@19.2.14__@types+react@19.2.14__c730fa5b70b9d80753a0dd77387ed4a9/node_modules/@heroui/react/dist/components/input/input.d.ts(6,29): error TS2339: Property 'className' does not exist on type 'InputRootProps'.
node_modules/.pnpm/@heroui+react@3.0.2_@types+react-dom@19.2.3_@types+react@19.2.14__@types+react@19.2.14__c730fa5b70b9d80753a0dd77387ed4a9/node_modules/@heroui/react/dist/components/kbd/kbd.d.ts(4,8): error TS1259: Module '"/Volumes/OWC Envoy Ultra/codes/NEXTJS/t3-activity-process/node_modules/.pnpm/@types+react@19.2.14/node_modules/@types/react/index"' can only be default-imported using the 'esModuleInterop' flag
node_modules/.pnpm/@heroui+react@3.0.2_@types+react-dom@19.2.3_@types+react@19.2.14__@types+react@19.2.14__c730fa5b70b9d80753a0dd77387ed4a9/node_modules/@heroui/react/dist/components/label/index.d.ts(3,33): error TS2339: Property 'children' does not exist on type 'LabelRootProps'.
node_modules/.pnpm/@heroui+react@3.0.2_@types+react-dom@19.2.3_@types+react@19.2.14__@types+react@19.2.14__c730fa5b70b9d80753a0dd77387ed4a9/node_modules/@heroui/react/dist/components/label/index.d.ts(3,43): error TS2339: Property 'className' does not exist on type 'LabelRootProps'.
node_modules/.pnpm/@heroui+react@3.0.2_@types+react-dom@19.2.3_@types+react@19.2.14__@types+react@19.2.14__c730fa5b70b9d80753a0dd77387ed4a9/node_modules/@heroui/react/dist/components/label/index.d.ts(4,14): error TS2339: Property 'children' does not exist on type 'LabelRootProps'.
node_modules/.pnpm/@heroui+react@3.0.2_@types+react-dom@19.2.3_@types+react@19.2.14__@types+react@19.2.14__c730fa5b70b9d80753a0dd77387ed4a9/node_modules/@heroui/react/dist/components/label/index.d.ts(4,24): error TS2339: Property 'className' does not exist on type 'LabelRootProps'.
node_modules/.pnpm/@heroui+react@3.0.2_@types+react-dom@19.2.3_@types+react@19.2.14__@types+react@19.2.14__c730fa5b70b9d80753a0dd77387ed4a9/node_modules/@heroui/react/dist/components/label/label.d.ts(6,29): error TS2339: Property 'children' does not exist on type 'LabelRootProps'.
node_modules/.pnpm/@heroui+react@3.0.2_@types+react-dom@19.2.3_@types+react@19.2.14__@types+react@19.2.14__c730fa5b70b9d80753a0dd77387ed4a9/node_modules/@heroui/react/dist/components/label/label.d.ts(6,39): error TS2339: Property 'className' does not exist on type 'LabelRootProps'.
node_modules/.pnpm/@heroui+react@3.0.2_@types+react-dom@19.2.3_@types+react@19.2.14__@types+react@19.2.14__c730fa5b70b9d80753a0dd77387ed4a9/node_modules/@heroui/react/dist/components/link/index.d.ts(3,32): error TS2339: Property 'children' does not exist on type 'LinkRootProps'.
node_modules/.pnpm/@heroui+react@3.0.2_@types+react-dom@19.2.3_@types+react@19.2.14__@types+react@19.2.14__c730fa5b70b9d80753a0dd77387ed4a9/node_modules/@heroui/react/dist/components/link/index.d.ts(3,42): error TS2339: Property 'className' does not exist on type 'LinkRootProps'.
node_modules/.pnpm/@heroui+react@3.0.2_@types+react-dom@19.2.3_@types+react@19.2.14__@types+react@19.2.14__c730fa5b70b9d80753a0dd77387ed4a9/node_modules/@heroui/react/dist/components/link/index.d.ts(4,14): error TS2339: Property 'children' does not exist on type 'LinkRootProps'.
node_modules/.pnpm/@heroui+react@3.0.2_@types+react-dom@19.2.3_@types+react@19.2.14__@types+react@19.2.14__c730fa5b70b9d80753a0dd77387ed4a9/node_modules/@heroui/react/dist/components/link/index.d.ts(4,24): error TS2339: Property 'className' does not exist on type 'LinkRootProps'.
node_modules/.pnpm/@heroui+react@3.0.2_@types+react-dom@19.2.3_@types+react@19.2.14__@types+react@19.2.14__c730fa5b70b9d80753a0dd77387ed4a9/node_modules/@heroui/react/dist/components/link/link.d.ts(6,28): error TS2339: Property 'children' does not exist on type 'LinkRootProps'.
node_modules/.pnpm/@heroui+react@3.0.2_@types+react-dom@19.2.3_@types+react@19.2.14__@types+react@19.2.14__c730fa5b70b9d80753a0dd77387ed4a9/node_modules/@heroui/react/dist/components/link/link.d.ts(6,38): error TS2339: Property 'className' does not exist on type 'LinkRootProps'.
node_modules/.pnpm/@heroui+react@3.0.2_@types+react-dom@19.2.3_@types+react@19.2.14__@types+react@19.2.14__c730fa5b70b9d80753a0dd77387ed4a9/node_modules/@heroui/react/dist/components/list-box-item/index.d.ts(3,39): error TS2339: Property 'children' does not exist on type 'ListBoxItemRootProps'.
node_modules/.pnpm/@heroui+react@3.0.2_@types+react-dom@19.2.3_@types+react@19.2.14__@types+react@19.2.14__c730fa5b70b9d80753a0dd77387ed4a9/node_modules/@heroui/react/dist/components/list-box-item/index.d.ts(4,14): error TS2339: Property 'children' does not exist on type 'ListBoxItemRootProps'.
node_modules/.pnpm/@heroui+react@3.0.2_@types+react-dom@19.2.3_@types+react@19.2.14__@types+react@19.2.14__c730fa5b70b9d80753a0dd77387ed4a9/node_modules/@heroui/react/dist/components/list-box-item/list-box-item.d.ts(4,8): error TS1259: Module '"/Volumes/OWC Envoy Ultra/codes/NEXTJS/t3-activity-process/node_modules/.pnpm/@types+react@19.2.14/node_modules/@types/react/index"' can only be default-imported using the 'esModuleInterop' flag
node_modules/.pnpm/@heroui+react@3.0.2_@types+react-dom@19.2.3_@types+react@19.2.14__@types+react@19.2.14__c730fa5b70b9d80753a0dd77387ed4a9/node_modules/@heroui/react/dist/components/list-box-item/list-box-item.d.ts(9,35): error TS2339: Property 'children' does not exist on type 'ListBoxItemRootProps'.
node_modules/.pnpm/@heroui+react@3.0.2_@types+react-dom@19.2.3_@types+react@19.2.14__@types+react@19.2.14__c730fa5b70b9d80753a0dd77387ed4a9/node_modules/@heroui/react/dist/components/list-box-section/index.d.ts(3,41): error TS2339: Property 'children' does not exist on type 'ListBoxSectionRootProps'.
node_modules/.pnpm/@heroui+react@3.0.2_@types+react-dom@19.2.3_@types+react@19.2.14__@types+react@19.2.14__c730fa5b70b9d80753a0dd77387ed4a9/node_modules/@heroui/react/dist/components/list-box-section/list-box-section.d.ts(6,38): error TS2339: Property 'children' does not exist on type 'ListBoxSectionRootProps'.
node_modules/.pnpm/@heroui+react@3.0.2_@types+react-dom@19.2.3_@types+react@19.2.14__@types+react@19.2.14__c730fa5b70b9d80753a0dd77387ed4a9/node_modules/@heroui/react/dist/components/list-box/index.d.ts(7,15): error TS2339: Property 'children' does not exist on type 'ListBoxItemRootProps'.
node_modules/.pnpm/@heroui+react@3.0.2_@types+react-dom@19.2.3_@types+react@19.2.14__@types+react@19.2.14__c730fa5b70b9d80753a0dd77387ed4a9/node_modules/@heroui/react/dist/components/list-box/index.d.ts(8,18): error TS2339: Property 'children' does not exist on type 'ListBoxItemRootProps'.
node_modules/.pnpm/@heroui+react@3.0.2_@types+react-dom@19.2.3_@types+react@19.2.14__@types+react@19.2.14__c730fa5b70b9d80753a0dd77387ed4a9/node_modules/@heroui/react/dist/components/list-box/index.d.ts(12,17): error TS2339: Property 'children' does not exist on type 'ListBoxSectionRootProps'.
node_modules/.pnpm/@heroui+react@3.0.2_@types+react-dom@19.2.3_@types+react@19.2.14__@types+react@19.2.14__c730fa5b70b9d80753a0dd77387ed4a9/node_modules/@heroui/react/dist/components/menu-item/index.d.ts(3,36): error TS2339: Property 'children' does not exist on type 'MenuItemRootProps'.
node_modules/.pnpm/@heroui+react@3.0.2_@types+react-dom@19.2.3_@types+react@19.2.14__@types+react@19.2.14__c730fa5b70b9d80753a0dd77387ed4a9/node_modules/@heroui/react/dist/components/menu-item/index.d.ts(4,14): error TS2339: Property 'children' does not exist on type 'MenuItemRootProps'.
node_modules/.pnpm/@heroui+react@3.0.2_@types+react-dom@19.2.3_@types+react@19.2.14__@types+react@19.2.14__c730fa5b70b9d80753a0dd77387ed4a9/node_modules/@heroui/react/dist/components/menu-item/menu-item.d.ts(4,8): error TS1259: Module '"/Volumes/OWC Envoy Ultra/codes/NEXTJS/t3-activity-process/node_modules/.pnpm/@types+react@19.2.14/node_modules/@types/react/index"' can only be default-imported using the 'esModuleInterop' flag
node_modules/.pnpm/@heroui+react@3.0.2_@types+react-dom@19.2.3_@types+react@19.2.14__@types+react@19.2.14__c730fa5b70b9d80753a0dd77387ed4a9/node_modules/@heroui/react/dist/components/menu-item/menu-item.d.ts(9,32): error TS2339: Property 'children' does not exist on type 'MenuItemRootProps'.
node_modules/.pnpm/@heroui+react@3.0.2_@types+react-dom@19.2.3_@types+react@19.2.14__@types+react@19.2.14__c730fa5b70b9d80753a0dd77387ed4a9/node_modules/@heroui/react/dist/components/menu-section/index.d.ts(3,38): error TS2339: Property 'children' does not exist on type 'MenuSectionRootProps'.
node_modules/.pnpm/@heroui+react@3.0.2_@types+react-dom@19.2.3_@types+react@19.2.14__@types+react@19.2.14__c730fa5b70b9d80753a0dd77387ed4a9/node_modules/@heroui/react/dist/components/menu-section/menu-section.d.ts(6,35): error TS2339: Property 'children' does not exist on type 'MenuSectionRootProps'.
node_modules/.pnpm/@heroui+react@3.0.2_@types+react-dom@19.2.3_@types+react@19.2.14__@types+react@19.2.14__c730fa5b70b9d80753a0dd77387ed4a9/node_modules/@heroui/react/dist/components/menu/index.d.ts(7,15): error TS2339: Property 'children' does not exist on type 'MenuItemRootProps'.
node_modules/.pnpm/@heroui+react@3.0.2_@types+react-dom@19.2.3_@types+react@19.2.14__@types+react@19.2.14__c730fa5b70b9d80753a0dd77387ed4a9/node_modules/@heroui/react/dist/components/menu/index.d.ts(8,18): error TS2339: Property 'children' does not exist on type 'MenuItemRootProps'.
node_modules/.pnpm/@heroui+react@3.0.2_@types+react-dom@19.2.3_@types+react@19.2.14__@types+react@19.2.14__c730fa5b70b9d80753a0dd77387ed4a9/node_modules/@heroui/react/dist/components/menu/index.d.ts(13,17): error TS2339: Property 'children' does not exist on type 'MenuSectionRootProps'.
node_modules/.pnpm/@heroui+react@3.0.2_@types+react-dom@19.2.3_@types+react@19.2.14__@types+react@19.2.14__c730fa5b70b9d80753a0dd77387ed4a9/node_modules/@heroui/react/dist/components/meter/index.d.ts(4,8): error TS2339: Property 'children' does not exist on type 'MeterRootProps'.
node_modules/.pnpm/@heroui+react@3.0.2_@types+react-dom@19.2.3_@types+react@19.2.14__@types+react@19.2.14__c730fa5b70b9d80753a0dd77387ed4a9/node_modules/@heroui/react/dist/components/meter/index.d.ts(4,18): error TS2339: Property 'className' does not exist on type 'MeterRootProps'.
node_modules/.pnpm/@heroui+react@3.0.2_@types+react-dom@19.2.3_@types+react@19.2.14__@types+react@19.2.14__c730fa5b70b9d80753a0dd77387ed4a9/node_modules/@heroui/react/dist/components/meter/index.d.ts(8,12): error TS2339: Property 'children' does not exist on type 'MeterRootProps'.
node_modules/.pnpm/@heroui+react@3.0.2_@types+react-dom@19.2.3_@types+react@19.2.14__@types+react@19.2.14__c730fa5b70b9d80753a0dd77387ed4a9/node_modules/@heroui/react/dist/components/meter/index.d.ts(8,22): error TS2339: Property 'className' does not exist on type 'MeterRootProps'.
node_modules/.pnpm/@heroui+react@3.0.2_@types+react-dom@19.2.3_@types+react@19.2.14__@types+react@19.2.14__c730fa5b70b9d80753a0dd77387ed4a9/node_modules/@heroui/react/dist/components/meter/meter.d.ts(7,8): error TS2339: Property 'children' does not exist on type 'MeterRootProps'.
node_modules/.pnpm/@heroui+react@3.0.2_@types+react-dom@19.2.3_@types+react@19.2.14__@types+react@19.2.14__c730fa5b70b9d80753a0dd77387ed4a9/node_modules/@heroui/react/dist/components/meter/meter.d.ts(7,18): error TS2339: Property 'className' does not exist on type 'MeterRootProps'.
node_modules/.pnpm/@heroui+react@3.0.2_@types+react-dom@19.2.3_@types+react@19.2.14__@types+react@19.2.14__c730fa5b70b9d80753a0dd77387ed4a9/node_modules/@heroui/react/dist/components/modal/index.d.ts(6,18): error TS2339: Property 'children' does not exist on type 'ModalBackdropProps'.
node_modules/.pnpm/@heroui+react@3.0.2_@types+react-dom@19.2.3_@types+react@19.2.14__@types+react@19.2.14__c730fa5b70b9d80753a0dd77387ed4a9/node_modules/@heroui/react/dist/components/modal/index.d.ts(6,28): error TS2339: Property 'className' does not exist on type 'ModalBackdropProps'.
node_modules/.pnpm/@heroui+react@3.0.2_@types+react-dom@19.2.3_@types+react@19.2.14__@types+react@19.2.14__c730fa5b70b9d80753a0dd77387ed4a9/node_modules/@heroui/react/dist/components/modal/index.d.ts(6,54): error TS2339: Property 'onClick' does not exist on type 'ModalBackdropProps'.
node_modules/.pnpm/@heroui+react@3.0.2_@types+react-dom@19.2.3_@types+react@19.2.14__@types+react@19.2.14__c730fa5b70b9d80753a0dd77387ed4a9/node_modules/@heroui/react/dist/components/modal/index.d.ts(11,17): error TS2339: Property 'children' does not exist on type 'ModalHeadingProps'.
node_modules/.pnpm/@heroui+react@3.0.2_@types+react-dom@19.2.3_@types+react@19.2.14__@types+react@19.2.14__c730fa5b70b9d80753a0dd77387ed4a9/node_modules/@heroui/react/dist/components/modal/index.d.ts(11,27): error TS2339: Property 'className' does not exist on type 'ModalHeadingProps'.
node_modules/.pnpm/@heroui+react@3.0.2_@types+react-dom@19.2.3_@types+react@19.2.14__@types+react@19.2.14__c730fa5b70b9d80753a0dd77387ed4a9/node_modules/@heroui/react/dist/components/modal/modal.d.ts(22,33): error TS2339: Property 'children' does not exist on type 'ModalBackdropProps'.
node_modules/.pnpm/@heroui+react@3.0.2_@types+react-dom@19.2.3_@types+react@19.2.14__@types+react@19.2.14__c730fa5b70b9d80753a0dd77387ed4a9/node_modules/@heroui/react/dist/components/modal/modal.d.ts(22,43): error TS2339: Property 'className' does not exist on type 'ModalBackdropProps'.
node_modules/.pnpm/@heroui+react@3.0.2_@types+react-dom@19.2.3_@types+react@19.2.14__@types+react@19.2.14__c730fa5b70b9d80753a0dd77387ed4a9/node_modules/@heroui/react/dist/components/modal/modal.d.ts(22,69): error TS2339: Property 'onClick' does not exist on type 'ModalBackdropProps'.
node_modules/.pnpm/@heroui+react@3.0.2_@types+react-dom@19.2.3_@types+react@19.2.14__@types+react@19.2.14__c730fa5b70b9d80753a0dd77387ed4a9/node_modules/@heroui/react/dist/components/modal/modal.d.ts(43,32): error TS2339: Property 'children' does not exist on type 'ModalHeadingProps'.
node_modules/.pnpm/@heroui+react@3.0.2_@types+react-dom@19.2.3_@types+react@19.2.14__@types+react@19.2.14__c730fa5b70b9d80753a0dd77387ed4a9/node_modules/@heroui/react/dist/components/modal/modal.d.ts(43,42): error TS2339: Property 'className' does not exist on type 'ModalHeadingProps'.
node_modules/.pnpm/@heroui+react@3.0.2_@types+react-dom@19.2.3_@types+react@19.2.14__@types+react@19.2.14__c730fa5b70b9d80753a0dd77387ed4a9/node_modules/@heroui/react/dist/components/number-field/index.d.ts(3,39): error TS2339: Property 'children' does not exist on type 'NumberFieldRootProps'.
node_modules/.pnpm/@heroui+react@3.0.2_@types+react-dom@19.2.3_@types+react@19.2.14__@types+react@19.2.14__c730fa5b70b9d80753a0dd77387ed4a9/node_modules/@heroui/react/dist/components/number-field/index.d.ts(3,49): error TS2339: Property 'className' does not exist on type 'NumberFieldRootProps'.
node_modules/.pnpm/@heroui+react@3.0.2_@types+react-dom@19.2.3_@types+react@19.2.14__@types+react@19.2.14__c730fa5b70b9d80753a0dd77387ed4a9/node_modules/@heroui/react/dist/components/number-field/index.d.ts(4,14): error TS2339: Property 'children' does not exist on type 'NumberFieldRootProps'.
node_modules/.pnpm/@heroui+react@3.0.2_@types+react-dom@19.2.3_@types+react@19.2.14__@types+react@19.2.14__c730fa5b70b9d80753a0dd77387ed4a9/node_modules/@heroui/react/dist/components/number-field/index.d.ts(4,24): error TS2339: Property 'className' does not exist on type 'NumberFieldRootProps'.
node_modules/.pnpm/@heroui+react@3.0.2_@types+react-dom@19.2.3_@types+react@19.2.14__@types+react@19.2.14__c730fa5b70b9d80753a0dd77387ed4a9/node_modules/@heroui/react/dist/components/number-field/index.d.ts(5,15): error TS2339: Property 'children' does not exist on type 'NumberFieldGroupProps'.
node_modules/.pnpm/@heroui+react@3.0.2_@types+react-dom@19.2.3_@types+react@19.2.14__@types+react@19.2.14__c730fa5b70b9d80753a0dd77387ed4a9/node_modules/@heroui/react/dist/components/number-field/index.d.ts(5,25): error TS2339: Property 'className' does not exist on type 'NumberFieldGroupProps'.
node_modules/.pnpm/@heroui+react@3.0.2_@types+react-dom@19.2.3_@types+react@19.2.14__@types+react@19.2.14__c730fa5b70b9d80753a0dd77387ed4a9/node_modules/@heroui/react/dist/components/number-field/index.d.ts(6,15): error TS2339: Property 'className' does not exist on type 'NumberFieldInputProps'.
node_modules/.pnpm/@heroui+react@3.0.2_@types+react-dom@19.2.3_@types+react@19.2.14__@types+react@19.2.14__c730fa5b70b9d80753a0dd77387ed4a9/node_modules/@heroui/react/dist/components/number-field/index.d.ts(7,25): error TS2339: Property 'children' does not exist on type 'NumberFieldIncrementButtonProps'.
node_modules/.pnpm/@heroui+react@3.0.2_@types+react-dom@19.2.3_@types+react@19.2.14__@types+react@19.2.14__c730fa5b70b9d80753a0dd77387ed4a9/node_modules/@heroui/react/dist/components/number-field/index.d.ts(7,35): error TS2339: Property 'className' does not exist on type 'NumberFieldIncrementButtonProps'.
node_modules/.pnpm/@heroui+react@3.0.2_@types+react-dom@19.2.3_@types+react@19.2.14__@types+react@19.2.14__c730fa5b70b9d80753a0dd77387ed4a9/node_modules/@heroui/react/dist/components/number-field/index.d.ts(8,25): error TS2339: Property 'children' does not exist on type 'NumberFieldDecrementButtonProps'.
node_modules/.pnpm/@heroui+react@3.0.2_@types+react-dom@19.2.3_@types+react@19.2.14__@types+react@19.2.14__c730fa5b70b9d80753a0dd77387ed4a9/node_modules/@heroui/react/dist/components/number-field/index.d.ts(8,35): error TS2339: Property 'className' does not exist on type 'NumberFieldDecrementButtonProps'.
node_modules/.pnpm/@heroui+react@3.0.2_@types+react-dom@19.2.3_@types+react@19.2.14__@types+react@19.2.14__c730fa5b70b9d80753a0dd77387ed4a9/node_modules/@heroui/react/dist/components/number-field/number-field.d.ts(6,35): error TS2339: Property 'children' does not exist on type 'NumberFieldRootProps'.
node_modules/.pnpm/@heroui+react@3.0.2_@types+react-dom@19.2.3_@types+react@19.2.14__@types+react@19.2.14__c730fa5b70b9d80753a0dd77387ed4a9/node_modules/@heroui/react/dist/components/number-field/number-field.d.ts(6,45): error TS2339: Property 'className' does not exist on type 'NumberFieldRootProps'.
node_modules/.pnpm/@heroui+react@3.0.2_@types+react-dom@19.2.3_@types+react@19.2.14__@types+react@19.2.14__c730fa5b70b9d80753a0dd77387ed4a9/node_modules/@heroui/react/dist/components/number-field/number-field.d.ts(9,36): error TS2339: Property 'children' does not exist on type 'NumberFieldGroupProps'.
node_modules/.pnpm/@heroui+react@3.0.2_@types+react-dom@19.2.3_@types+react@19.2.14__@types+react@19.2.14__c730fa5b70b9d80753a0dd77387ed4a9/node_modules/@heroui/react/dist/components/number-field/number-field.d.ts(9,46): error TS2339: Property 'className' does not exist on type 'NumberFieldGroupProps'.
node_modules/.pnpm/@heroui+react@3.0.2_@types+react-dom@19.2.3_@types+react@19.2.14__@types+react@19.2.14__c730fa5b70b9d80753a0dd77387ed4a9/node_modules/@heroui/react/dist/components/number-field/number-field.d.ts(12,36): error TS2339: Property 'className' does not exist on type 'NumberFieldInputProps'.
node_modules/.pnpm/@heroui+react@3.0.2_@types+react-dom@19.2.3_@types+react@19.2.14__@types+react@19.2.14__c730fa5b70b9d80753a0dd77387ed4a9/node_modules/@heroui/react/dist/components/number-field/number-field.d.ts(15,46): error TS2339: Property 'children' does not exist on type 'NumberFieldIncrementButtonProps'.
node_modules/.pnpm/@heroui+react@3.0.2_@types+react-dom@19.2.3_@types+react@19.2.14__@types+react@19.2.14__c730fa5b70b9d80753a0dd77387ed4a9/node_modules/@heroui/react/dist/components/number-field/number-field.d.ts(15,56): error TS2339: Property 'className' does not exist on type 'NumberFieldIncrementButtonProps'.
node_modules/.pnpm/@heroui+react@3.0.2_@types+react-dom@19.2.3_@types+react@19.2.14__@types+react@19.2.14__c730fa5b70b9d80753a0dd77387ed4a9/node_modules/@heroui/react/dist/components/number-field/number-field.d.ts(18,46): error TS2339: Property 'children' does not exist on type 'NumberFieldDecrementButtonProps'.
node_modules/.pnpm/@heroui+react@3.0.2_@types+react-dom@19.2.3_@types+react@19.2.14__@types+react@19.2.14__c730fa5b70b9d80753a0dd77387ed4a9/node_modules/@heroui/react/dist/components/number-field/number-field.d.ts(18,56): error TS2339: Property 'className' does not exist on type 'NumberFieldDecrementButtonProps'.
node_modules/.pnpm/@heroui+react@3.0.2_@types+react-dom@19.2.3_@types+react@19.2.14__@types+react@19.2.14__c730fa5b70b9d80753a0dd77387ed4a9/node_modules/@heroui/react/dist/components/pagination/pagination.d.ts(3,8): error TS1259: Module '"/Volumes/OWC Envoy Ultra/codes/NEXTJS/t3-activity-process/node_modules/.pnpm/@types+react@19.2.14/node_modules/@types/react/index"' can only be default-imported using the 'esModuleInterop' flag
node_modules/.pnpm/@heroui+react@3.0.2_@types+react-dom@19.2.3_@types+react@19.2.14__@types+react@19.2.14__c730fa5b70b9d80753a0dd77387ed4a9/node_modules/@heroui/react/dist/components/popover/popover.d.ts(3,8): error TS1259: Module '"/Volumes/OWC Envoy Ultra/codes/NEXTJS/t3-activity-process/node_modules/.pnpm/@types+react@19.2.14/node_modules/@types/react/index"' can only be default-imported using the 'esModuleInterop' flag
node_modules/.pnpm/@heroui+react@3.0.2_@types+react-dom@19.2.3_@types+react@19.2.14__@types+react@19.2.14__c730fa5b70b9d80753a0dd77387ed4a9/node_modules/@heroui/react/dist/components/progress-bar/index.d.ts(4,8): error TS2339: Property 'children' does not exist on type 'ProgressBarRootProps'.
node_modules/.pnpm/@heroui+react@3.0.2_@types+react-dom@19.2.3_@types+react@19.2.14__@types+react@19.2.14__c730fa5b70b9d80753a0dd77387ed4a9/node_modules/@heroui/react/dist/components/progress-bar/index.d.ts(4,18): error TS2339: Property 'className' does not exist on type 'ProgressBarRootProps'.
node_modules/.pnpm/@heroui+react@3.0.2_@types+react-dom@19.2.3_@types+react@19.2.14__@types+react@19.2.14__c730fa5b70b9d80753a0dd77387ed4a9/node_modules/@heroui/react/dist/components/progress-bar/index.d.ts(8,12): error TS2339: Property 'children' does not exist on type 'ProgressBarRootProps'.
node_modules/.pnpm/@heroui+react@3.0.2_@types+react-dom@19.2.3_@types+react@19.2.14__@types+react@19.2.14__c730fa5b70b9d80753a0dd77387ed4a9/node_modules/@heroui/react/dist/components/progress-bar/index.d.ts(8,22): error TS2339: Property 'className' does not exist on type 'ProgressBarRootProps'.
node_modules/.pnpm/@heroui+react@3.0.2_@types+react-dom@19.2.3_@types+react@19.2.14__@types+react@19.2.14__c730fa5b70b9d80753a0dd77387ed4a9/node_modules/@heroui/react/dist/components/progress-bar/progress-bar.d.ts(7,8): error TS2339: Property 'children' does not exist on type 'ProgressBarRootProps'.
node_modules/.pnpm/@heroui+react@3.0.2_@types+react-dom@19.2.3_@types+react@19.2.14__@types+react@19.2.14__c730fa5b70b9d80753a0dd77387ed4a9/node_modules/@heroui/react/dist/components/progress-bar/progress-bar.d.ts(7,18): error TS2339: Property 'className' does not exist on type 'ProgressBarRootProps'.
node_modules/.pnpm/@heroui+react@3.0.2_@types+react-dom@19.2.3_@types+react@19.2.14__@types+react@19.2.14__c730fa5b70b9d80753a0dd77387ed4a9/node_modules/@heroui/react/dist/components/progress-circle/index.d.ts(4,8): error TS2339: Property 'children' does not exist on type 'ProgressCircleRootProps'.
node_modules/.pnpm/@heroui+react@3.0.2_@types+react-dom@19.2.3_@types+react@19.2.14__@types+react@19.2.14__c730fa5b70b9d80753a0dd77387ed4a9/node_modules/@heroui/react/dist/components/progress-circle/index.d.ts(4,18): error TS2339: Property 'className' does not exist on type 'ProgressCircleRootProps'.
node_modules/.pnpm/@heroui+react@3.0.2_@types+react-dom@19.2.3_@types+react@19.2.14__@types+react@19.2.14__c730fa5b70b9d80753a0dd77387ed4a9/node_modules/@heroui/react/dist/components/progress-circle/index.d.ts(8,12): error TS2339: Property 'children' does not exist on type 'ProgressCircleRootProps'.
node_modules/.pnpm/@heroui+react@3.0.2_@types+react-dom@19.2.3_@types+react@19.2.14__@types+react@19.2.14__c730fa5b70b9d80753a0dd77387ed4a9/node_modules/@heroui/react/dist/components/progress-circle/index.d.ts(8,22): error TS2339: Property 'className' does not exist on type 'ProgressCircleRootProps'.
node_modules/.pnpm/@heroui+react@3.0.2_@types+react-dom@19.2.3_@types+react@19.2.14__@types+react@19.2.14__c730fa5b70b9d80753a0dd77387ed4a9/node_modules/@heroui/react/dist/components/progress-circle/progress-circle.d.ts(7,8): error TS2339: Property 'children' does not exist on type 'ProgressCircleRootProps'.
node_modules/.pnpm/@heroui+react@3.0.2_@types+react-dom@19.2.3_@types+react@19.2.14__@types+react@19.2.14__c730fa5b70b9d80753a0dd77387ed4a9/node_modules/@heroui/react/dist/components/progress-circle/progress-circle.d.ts(7,18): error TS2339: Property 'className' does not exist on type 'ProgressCircleRootProps'.
node_modules/.pnpm/@heroui+react@3.0.2_@types+react-dom@19.2.3_@types+react@19.2.14__@types+react@19.2.14__c730fa5b70b9d80753a0dd77387ed4a9/node_modules/@heroui/react/dist/components/radio-group/index.d.ts(3,38): error TS2339: Property 'children' does not exist on type 'RadioGroupRootProps'.
node_modules/.pnpm/@heroui+react@3.0.2_@types+react-dom@19.2.3_@types+react@19.2.14__@types+react@19.2.14__c730fa5b70b9d80753a0dd77387ed4a9/node_modules/@heroui/react/dist/components/radio-group/index.d.ts(3,48): error TS2339: Property 'className' does not exist on type 'RadioGroupRootProps'.
node_modules/.pnpm/@heroui+react@3.0.2_@types+react-dom@19.2.3_@types+react@19.2.14__@types+react@19.2.14__c730fa5b70b9d80753a0dd77387ed4a9/node_modules/@heroui/react/dist/components/radio-group/index.d.ts(4,14): error TS2339: Property 'children' does not exist on type 'RadioGroupRootProps'.
node_modules/.pnpm/@heroui+react@3.0.2_@types+react-dom@19.2.3_@types+react@19.2.14__@types+react@19.2.14__c730fa5b70b9d80753a0dd77387ed4a9/node_modules/@heroui/react/dist/components/radio-group/index.d.ts(4,24): error TS2339: Property 'className' does not exist on type 'RadioGroupRootProps'.
node_modules/.pnpm/@heroui+react@3.0.2_@types+react-dom@19.2.3_@types+react@19.2.14__@types+react@19.2.14__c730fa5b70b9d80753a0dd77387ed4a9/node_modules/@heroui/react/dist/components/radio-group/radio-group.d.ts(6,34): error TS2339: Property 'children' does not exist on type 'RadioGroupRootProps'.
node_modules/.pnpm/@heroui+react@3.0.2_@types+react-dom@19.2.3_@types+react@19.2.14__@types+react@19.2.14__c730fa5b70b9d80753a0dd77387ed4a9/node_modules/@heroui/react/dist/components/radio-group/radio-group.d.ts(6,44): error TS2339: Property 'className' does not exist on type 'RadioGroupRootProps'.
node_modules/.pnpm/@heroui+react@3.0.2_@types+react-dom@19.2.3_@types+react@19.2.14__@types+react@19.2.14__c730fa5b70b9d80753a0dd77387ed4a9/node_modules/@heroui/react/dist/components/radio/index.d.ts(3,33): error TS2339: Property 'children' does not exist on type 'RadioRootProps'.
node_modules/.pnpm/@heroui+react@3.0.2_@types+react-dom@19.2.3_@types+react@19.2.14__@types+react@19.2.14__c730fa5b70b9d80753a0dd77387ed4a9/node_modules/@heroui/react/dist/components/radio/index.d.ts(3,43): error TS2339: Property 'className' does not exist on type 'RadioRootProps'.
node_modules/.pnpm/@heroui+react@3.0.2_@types+react-dom@19.2.3_@types+react@19.2.14__@types+react@19.2.14__c730fa5b70b9d80753a0dd77387ed4a9/node_modules/@heroui/react/dist/components/radio/index.d.ts(4,14): error TS2339: Property 'children' does not exist on type 'RadioRootProps'.
node_modules/.pnpm/@heroui+react@3.0.2_@types+react-dom@19.2.3_@types+react@19.2.14__@types+react@19.2.14__c730fa5b70b9d80753a0dd77387ed4a9/node_modules/@heroui/react/dist/components/radio/index.d.ts(4,24): error TS2339: Property 'className' does not exist on type 'RadioRootProps'.
node_modules/.pnpm/@heroui+react@3.0.2_@types+react-dom@19.2.3_@types+react@19.2.14__@types+react@19.2.14__c730fa5b70b9d80753a0dd77387ed4a9/node_modules/@heroui/react/dist/components/radio/radio.d.ts(3,8): error TS1259: Module '"/Volumes/OWC Envoy Ultra/codes/NEXTJS/t3-activity-process/node_modules/.pnpm/@types+react@19.2.14/node_modules/@types/react/index"' can only be default-imported using the 'esModuleInterop' flag
node_modules/.pnpm/@heroui+react@3.0.2_@types+react-dom@19.2.3_@types+react@19.2.14__@types+react@19.2.14__c730fa5b70b9d80753a0dd77387ed4a9/node_modules/@heroui/react/dist/components/radio/radio.d.ts(9,29): error TS2339: Property 'children' does not exist on type 'RadioRootProps'.
node_modules/.pnpm/@heroui+react@3.0.2_@types+react-dom@19.2.3_@types+react@19.2.14__@types+react@19.2.14__c730fa5b70b9d80753a0dd77387ed4a9/node_modules/@heroui/react/dist/components/radio/radio.d.ts(9,39): error TS2339: Property 'className' does not exist on type 'RadioRootProps'.
node_modules/.pnpm/@heroui+react@3.0.2_@types+react-dom@19.2.3_@types+react@19.2.14__@types+react@19.2.14__c730fa5b70b9d80753a0dd77387ed4a9/node_modules/@heroui/react/dist/components/range-calendar/index.d.ts(11,12): error TS2339: Property 'className' does not exist on type 'RangeCalendarHeadingProps'.
node_modules/.pnpm/@heroui+react@3.0.2_@types+react-dom@19.2.3_@types+react@19.2.14__@types+react@19.2.14__c730fa5b70b9d80753a0dd77387ed4a9/node_modules/@heroui/react/dist/components/range-calendar/index.d.ts(15,12): error TS2339: Property 'children' does not exist on type 'RangeCalendarNavButtonProps'.
node_modules/.pnpm/@heroui+react@3.0.2_@types+react-dom@19.2.3_@types+react@19.2.14__@types+react@19.2.14__c730fa5b70b9d80753a0dd77387ed4a9/node_modules/@heroui/react/dist/components/range-calendar/index.d.ts(15,22): error TS2339: Property 'className' does not exist on type 'RangeCalendarNavButtonProps'.
node_modules/.pnpm/@heroui+react@3.0.2_@types+react-dom@19.2.3_@types+react@19.2.14__@types+react@19.2.14__c730fa5b70b9d80753a0dd77387ed4a9/node_modules/@heroui/react/dist/components/range-calendar/index.d.ts(19,12): error TS2339: Property 'children' does not exist on type 'RangeCalendarGridProps'.
node_modules/.pnpm/@heroui+react@3.0.2_@types+react-dom@19.2.3_@types+react@19.2.14__@types+react@19.2.14__c730fa5b70b9d80753a0dd77387ed4a9/node_modules/@heroui/react/dist/components/range-calendar/index.d.ts(19,22): error TS2339: Property 'className' does not exist on type 'RangeCalendarGridProps'.
node_modules/.pnpm/@heroui+react@3.0.2_@types+react-dom@19.2.3_@types+react@19.2.14__@types+react@19.2.14__c730fa5b70b9d80753a0dd77387ed4a9/node_modules/@heroui/react/dist/components/range-calendar/index.d.ts(19,33): error TS2339: Property 'weekdayStyle' does not exist on type 'RangeCalendarGridProps'.
node_modules/.pnpm/@heroui+react@3.0.2_@types+react-dom@19.2.3_@types+react@19.2.14__@types+react@19.2.14__c730fa5b70b9d80753a0dd77387ed4a9/node_modules/@heroui/react/dist/components/range-calendar/index.d.ts(23,12): error TS2339: Property 'className' does not exist on type 'RangeCalendarGridHeaderProps'.
node_modules/.pnpm/@heroui+react@3.0.2_@types+react-dom@19.2.3_@types+react@19.2.14__@types+react@19.2.14__c730fa5b70b9d80753a0dd77387ed4a9/node_modules/@heroui/react/dist/components/range-calendar/index.d.ts(27,12): error TS2339: Property 'className' does not exist on type 'RangeCalendarGridBodyProps'.
node_modules/.pnpm/@heroui+react@3.0.2_@types+react-dom@19.2.3_@types+react@19.2.14__@types+react@19.2.14__c730fa5b70b9d80753a0dd77387ed4a9/node_modules/@heroui/react/dist/components/range-calendar/index.d.ts(31,12): error TS2339: Property 'className' does not exist on type 'RangeCalendarHeaderCellProps'.
node_modules/.pnpm/@heroui+react@3.0.2_@types+react-dom@19.2.3_@types+react@19.2.14__@types+react@19.2.14__c730fa5b70b9d80753a0dd77387ed4a9/node_modules/@heroui/react/dist/components/range-calendar/index.d.ts(35,12): error TS2339: Property 'children' does not exist on type 'RangeCalendarCellProps'.
node_modules/.pnpm/@heroui+react@3.0.2_@types+react-dom@19.2.3_@types+react@19.2.14__@types+react@19.2.14__c730fa5b70b9d80753a0dd77387ed4a9/node_modules/@heroui/react/dist/components/range-calendar/index.d.ts(35,22): error TS2339: Property 'className' does not exist on type 'RangeCalendarCellProps'.
node_modules/.pnpm/@heroui+react@3.0.2_@types+react-dom@19.2.3_@types+react@19.2.14__@types+react@19.2.14__c730fa5b70b9d80753a0dd77387ed4a9/node_modules/@heroui/react/dist/components/range-calendar/range-calendar.d.ts(10,71): error TS2339: Property 'children' does not exist on type 'RangeCalendarRootProps<T>'.
node_modules/.pnpm/@heroui+react@3.0.2_@types+react-dom@19.2.3_@types+react@19.2.14__@types+react@19.2.14__c730fa5b70b9d80753a0dd77387ed4a9/node_modules/@heroui/react/dist/components/range-calendar/range-calendar.d.ts(10,81): error TS2339: Property 'className' does not exist on type 'RangeCalendarRootProps<T>'.
node_modules/.pnpm/@heroui+react@3.0.2_@types+react-dom@19.2.3_@types+react@19.2.14__@types+react@19.2.14__c730fa5b70b9d80753a0dd77387ed4a9/node_modules/@heroui/react/dist/components/range-calendar/range-calendar.d.ts(24,8): error TS2339: Property 'className' does not exist on type 'RangeCalendarHeadingProps'.
node_modules/.pnpm/@heroui+react@3.0.2_@types+react-dom@19.2.3_@types+react@19.2.14__@types+react@19.2.14__c730fa5b70b9d80753a0dd77387ed4a9/node_modules/@heroui/react/dist/components/range-calendar/range-calendar.d.ts(31,8): error TS2339: Property 'children' does not exist on type 'RangeCalendarNavButtonProps'.
node_modules/.pnpm/@heroui+react@3.0.2_@types+react-dom@19.2.3_@types+react@19.2.14__@types+react@19.2.14__c730fa5b70b9d80753a0dd77387ed4a9/node_modules/@heroui/react/dist/components/range-calendar/range-calendar.d.ts(31,18): error TS2339: Property 'className' does not exist on type 'RangeCalendarNavButtonProps'.
node_modules/.pnpm/@heroui+react@3.0.2_@types+react-dom@19.2.3_@types+react@19.2.14__@types+react@19.2.14__c730fa5b70b9d80753a0dd77387ed4a9/node_modules/@heroui/react/dist/components/range-calendar/range-calendar.d.ts(37,8): error TS2339: Property 'children' does not exist on type 'RangeCalendarGridProps'.
node_modules/.pnpm/@heroui+react@3.0.2_@types+react-dom@19.2.3_@types+react@19.2.14__@types+react@19.2.14__c730fa5b70b9d80753a0dd77387ed4a9/node_modules/@heroui/react/dist/components/range-calendar/range-calendar.d.ts(37,18): error TS2339: Property 'className' does not exist on type 'RangeCalendarGridProps'.
node_modules/.pnpm/@heroui+react@3.0.2_@types+react-dom@19.2.3_@types+react@19.2.14__@types+react@19.2.14__c730fa5b70b9d80753a0dd77387ed4a9/node_modules/@heroui/react/dist/components/range-calendar/range-calendar.d.ts(37,29): error TS2339: Property 'weekdayStyle' does not exist on type 'RangeCalendarGridProps'.
node_modules/.pnpm/@heroui+react@3.0.2_@types+react-dom@19.2.3_@types+react@19.2.14__@types+react@19.2.14__c730fa5b70b9d80753a0dd77387ed4a9/node_modules/@heroui/react/dist/components/range-calendar/range-calendar.d.ts(43,8): error TS2339: Property 'className' does not exist on type 'RangeCalendarGridHeaderProps'.
node_modules/.pnpm/@heroui+react@3.0.2_@types+react-dom@19.2.3_@types+react@19.2.14__@types+react@19.2.14__c730fa5b70b9d80753a0dd77387ed4a9/node_modules/@heroui/react/dist/components/range-calendar/range-calendar.d.ts(49,8): error TS2339: Property 'className' does not exist on type 'RangeCalendarGridBodyProps'.
node_modules/.pnpm/@heroui+react@3.0.2_@types+react-dom@19.2.3_@types+react@19.2.14__@types+react@19.2.14__c730fa5b70b9d80753a0dd77387ed4a9/node_modules/@heroui/react/dist/components/range-calendar/range-calendar.d.ts(55,8): error TS2339: Property 'className' does not exist on type 'RangeCalendarHeaderCellProps'.
node_modules/.pnpm/@heroui+react@3.0.2_@types+react-dom@19.2.3_@types+react@19.2.14__@types+react@19.2.14__c730fa5b70b9d80753a0dd77387ed4a9/node_modules/@heroui/react/dist/components/range-calendar/range-calendar.d.ts(61,8): error TS2339: Property 'children' does not exist on type 'RangeCalendarCellProps'.
node_modules/.pnpm/@heroui+react@3.0.2_@types+react-dom@19.2.3_@types+react@19.2.14__@types+react@19.2.14__c730fa5b70b9d80753a0dd77387ed4a9/node_modules/@heroui/react/dist/components/range-calendar/range-calendar.d.ts(61,18): error TS2339: Property 'className' does not exist on type 'RangeCalendarCellProps'.
node_modules/.pnpm/@heroui+react@3.0.2_@types+react-dom@19.2.3_@types+react@19.2.14__@types+react@19.2.14__c730fa5b70b9d80753a0dd77387ed4a9/node_modules/@heroui/react/dist/components/search-field/index.d.ts(3,39): error TS2339: Property 'children' does not exist on type 'SearchFieldRootProps'.
node_modules/.pnpm/@heroui+react@3.0.2_@types+react-dom@19.2.3_@types+react@19.2.14__@types+react@19.2.14__c730fa5b70b9d80753a0dd77387ed4a9/node_modules/@heroui/react/dist/components/search-field/index.d.ts(3,49): error TS2339: Property 'className' does not exist on type 'SearchFieldRootProps'.
node_modules/.pnpm/@heroui+react@3.0.2_@types+react-dom@19.2.3_@types+react@19.2.14__@types+react@19.2.14__c730fa5b70b9d80753a0dd77387ed4a9/node_modules/@heroui/react/dist/components/search-field/index.d.ts(4,14): error TS2339: Property 'children' does not exist on type 'SearchFieldRootProps'.
node_modules/.pnpm/@heroui+react@3.0.2_@types+react-dom@19.2.3_@types+react@19.2.14__@types+react@19.2.14__c730fa5b70b9d80753a0dd77387ed4a9/node_modules/@heroui/react/dist/components/search-field/index.d.ts(4,24): error TS2339: Property 'className' does not exist on type 'SearchFieldRootProps'.
node_modules/.pnpm/@heroui+react@3.0.2_@types+react-dom@19.2.3_@types+react@19.2.14__@types+react@19.2.14__c730fa5b70b9d80753a0dd77387ed4a9/node_modules/@heroui/react/dist/components/search-field/index.d.ts(5,15): error TS2339: Property 'children' does not exist on type 'SearchFieldGroupProps'.
node_modules/.pnpm/@heroui+react@3.0.2_@types+react-dom@19.2.3_@types+react@19.2.14__@types+react@19.2.14__c730fa5b70b9d80753a0dd77387ed4a9/node_modules/@heroui/react/dist/components/search-field/index.d.ts(5,25): error TS2339: Property 'className' does not exist on type 'SearchFieldGroupProps'.
node_modules/.pnpm/@heroui+react@3.0.2_@types+react-dom@19.2.3_@types+react@19.2.14__@types+react@19.2.14__c730fa5b70b9d80753a0dd77387ed4a9/node_modules/@heroui/react/dist/components/search-field/index.d.ts(6,15): error TS2339: Property 'className' does not exist on type 'SearchFieldInputProps'.
node_modules/.pnpm/@heroui+react@3.0.2_@types+react-dom@19.2.3_@types+react@19.2.14__@types+react@19.2.14__c730fa5b70b9d80753a0dd77387ed4a9/node_modules/@heroui/react/dist/components/search-field/index.d.ts(8,21): error TS2339: Property 'className' does not exist on type 'SearchFieldClearButtonProps'.
node_modules/.pnpm/@heroui+react@3.0.2_@types+react-dom@19.2.3_@types+react@19.2.14__@types+react@19.2.14__c730fa5b70b9d80753a0dd77387ed4a9/node_modules/@heroui/react/dist/components/search-field/search-field.d.ts(3,8): error TS1259: Module '"/Volumes/OWC Envoy Ultra/codes/NEXTJS/t3-activity-process/node_modules/.pnpm/@types+react@19.2.14/node_modules/@types/react/index"' can only be default-imported using the 'esModuleInterop' flag
node_modules/.pnpm/@heroui+react@3.0.2_@types+react-dom@19.2.3_@types+react@19.2.14__@types+react@19.2.14__c730fa5b70b9d80753a0dd77387ed4a9/node_modules/@heroui/react/dist/components/search-field/search-field.d.ts(8,35): error TS2339: Property 'children' does not exist on type 'SearchFieldRootProps'.
node_modules/.pnpm/@heroui+react@3.0.2_@types+react-dom@19.2.3_@types+react@19.2.14__@types+react@19.2.14__c730fa5b70b9d80753a0dd77387ed4a9/node_modules/@heroui/react/dist/components/search-field/search-field.d.ts(8,45): error TS2339: Property 'className' does not exist on type 'SearchFieldRootProps'.
node_modules/.pnpm/@heroui+react@3.0.2_@types+react-dom@19.2.3_@types+react@19.2.14__@types+react@19.2.14__c730fa5b70b9d80753a0dd77387ed4a9/node_modules/@heroui/react/dist/components/search-field/search-field.d.ts(11,36): error TS2339: Property 'children' does not exist on type 'SearchFieldGroupProps'.
node_modules/.pnpm/@heroui+react@3.0.2_@types+react-dom@19.2.3_@types+react@19.2.14__@types+react@19.2.14__c730fa5b70b9d80753a0dd77387ed4a9/node_modules/@heroui/react/dist/components/search-field/search-field.d.ts(11,46): error TS2339: Property 'className' does not exist on type 'SearchFieldGroupProps'.
node_modules/.pnpm/@heroui+react@3.0.2_@types+react-dom@19.2.3_@types+react@19.2.14__@types+react@19.2.14__c730fa5b70b9d80753a0dd77387ed4a9/node_modules/@heroui/react/dist/components/search-field/search-field.d.ts(14,36): error TS2339: Property 'className' does not exist on type 'SearchFieldInputProps'.
node_modules/.pnpm/@heroui+react@3.0.2_@types+react-dom@19.2.3_@types+react@19.2.14__@types+react@19.2.14__c730fa5b70b9d80753a0dd77387ed4a9/node_modules/@heroui/react/dist/components/search-field/search-field.d.ts(21,42): error TS2339: Property 'className' does not exist on type 'SearchFieldClearButtonProps'.
node_modules/.pnpm/@heroui+react@3.0.2_@types+react-dom@19.2.3_@types+react@19.2.14__@types+react@19.2.14__c730fa5b70b9d80753a0dd77387ed4a9/node_modules/@heroui/react/dist/components/select/index.d.ts(3,105): error TS2339: Property 'children' does not exist on type 'SelectRootProps<T, M>'.
node_modules/.pnpm/@heroui+react@3.0.2_@types+react-dom@19.2.3_@types+react@19.2.14__@types+react@19.2.14__c730fa5b70b9d80753a0dd77387ed4a9/node_modules/@heroui/react/dist/components/select/index.d.ts(3,115): error TS2339: Property 'className' does not exist on type 'SelectRootProps<T, M>'.
node_modules/.pnpm/@heroui+react@3.0.2_@types+react-dom@19.2.3_@types+react@19.2.14__@types+react@19.2.14__c730fa5b70b9d80753a0dd77387ed4a9/node_modules/@heroui/react/dist/components/select/index.d.ts(4,85): error TS2339: Property 'children' does not exist on type 'SelectRootProps<T, M>'.
node_modules/.pnpm/@heroui+react@3.0.2_@types+react-dom@19.2.3_@types+react@19.2.14__@types+react@19.2.14__c730fa5b70b9d80753a0dd77387ed4a9/node_modules/@heroui/react/dist/components/select/index.d.ts(4,95): error TS2339: Property 'className' does not exist on type 'SelectRootProps<T, M>'.
node_modules/.pnpm/@heroui+react@3.0.2_@types+react-dom@19.2.3_@types+react@19.2.14__@types+react@19.2.14__c730fa5b70b9d80753a0dd77387ed4a9/node_modules/@heroui/react/dist/components/select/index.d.ts(5,17): error TS2339: Property 'children' does not exist on type 'SelectTriggerProps'.
node_modules/.pnpm/@heroui+react@3.0.2_@types+react-dom@19.2.3_@types+react@19.2.14__@types+react@19.2.14__c730fa5b70b9d80753a0dd77387ed4a9/node_modules/@heroui/react/dist/components/select/index.d.ts(5,27): error TS2339: Property 'className' does not exist on type 'SelectTriggerProps'.
node_modules/.pnpm/@heroui+react@3.0.2_@types+react-dom@19.2.3_@types+react@19.2.14__@types+react@19.2.14__c730fa5b70b9d80753a0dd77387ed4a9/node_modules/@heroui/react/dist/components/select/index.d.ts(6,15): error TS2339: Property 'children' does not exist on type 'SelectValueProps'.
node_modules/.pnpm/@heroui+react@3.0.2_@types+react-dom@19.2.3_@types+react@19.2.14__@types+react@19.2.14__c730fa5b70b9d80753a0dd77387ed4a9/node_modules/@heroui/react/dist/components/select/index.d.ts(6,25): error TS2339: Property 'className' does not exist on type 'SelectValueProps'.
node_modules/.pnpm/@heroui+react@3.0.2_@types+react-dom@19.2.3_@types+react@19.2.14__@types+react@19.2.14__c730fa5b70b9d80753a0dd77387ed4a9/node_modules/@heroui/react/dist/components/select/select.d.ts(3,8): error TS1259: Module '"/Volumes/OWC Envoy Ultra/codes/NEXTJS/t3-activity-process/node_modules/.pnpm/@types+react@19.2.14/node_modules/@types/react/index"' can only be default-imported using the 'esModuleInterop' flag
node_modules/.pnpm/@heroui+react@3.0.2_@types+react-dom@19.2.3_@types+react@19.2.14__@types+react@19.2.14__c730fa5b70b9d80753a0dd77387ed4a9/node_modules/@heroui/react/dist/components/select/select.d.ts(8,101): error TS2339: Property 'children' does not exist on type 'SelectRootProps<T, M>'.
node_modules/.pnpm/@heroui+react@3.0.2_@types+react-dom@19.2.3_@types+react@19.2.14__@types+react@19.2.14__c730fa5b70b9d80753a0dd77387ed4a9/node_modules/@heroui/react/dist/components/select/select.d.ts(8,111): error TS2339: Property 'className' does not exist on type 'SelectRootProps<T, M>'.
node_modules/.pnpm/@heroui+react@3.0.2_@types+react-dom@19.2.3_@types+react@19.2.14__@types+react@19.2.14__c730fa5b70b9d80753a0dd77387ed4a9/node_modules/@heroui/react/dist/components/select/select.d.ts(11,33): error TS2339: Property 'children' does not exist on type 'SelectTriggerProps'.
node_modules/.pnpm/@heroui+react@3.0.2_@types+react-dom@19.2.3_@types+react@19.2.14__@types+react@19.2.14__c730fa5b70b9d80753a0dd77387ed4a9/node_modules/@heroui/react/dist/components/select/select.d.ts(11,43): error TS2339: Property 'className' does not exist on type 'SelectTriggerProps'.
node_modules/.pnpm/@heroui+react@3.0.2_@types+react-dom@19.2.3_@types+react@19.2.14__@types+react@19.2.14__c730fa5b70b9d80753a0dd77387ed4a9/node_modules/@heroui/react/dist/components/select/select.d.ts(14,31): error TS2339: Property 'children' does not exist on type 'SelectValueProps'.
node_modules/.pnpm/@heroui+react@3.0.2_@types+react-dom@19.2.3_@types+react@19.2.14__@types+react@19.2.14__c730fa5b70b9d80753a0dd77387ed4a9/node_modules/@heroui/react/dist/components/select/select.d.ts(14,41): error TS2339: Property 'className' does not exist on type 'SelectValueProps'.
node_modules/.pnpm/@heroui+react@3.0.2_@types+react-dom@19.2.3_@types+react@19.2.14__@types+react@19.2.14__c730fa5b70b9d80753a0dd77387ed4a9/node_modules/@heroui/react/dist/components/separator/index.d.ts(3,37): error TS2339: Property 'className' does not exist on type 'SeparatorRootProps'.
node_modules/.pnpm/@heroui+react@3.0.2_@types+react-dom@19.2.3_@types+react@19.2.14__@types+react@19.2.14__c730fa5b70b9d80753a0dd77387ed4a9/node_modules/@heroui/react/dist/components/separator/index.d.ts(4,14): error TS2339: Property 'className' does not exist on type 'SeparatorRootProps'.
node_modules/.pnpm/@heroui+react@3.0.2_@types+react-dom@19.2.3_@types+react@19.2.14__@types+react@19.2.14__c730fa5b70b9d80753a0dd77387ed4a9/node_modules/@heroui/react/dist/components/separator/separator.d.ts(6,33): error TS2339: Property 'className' does not exist on type 'SeparatorRootProps'.
node_modules/.pnpm/@heroui+react@3.0.2_@types+react-dom@19.2.3_@types+react@19.2.14__@types+react@19.2.14__c730fa5b70b9d80753a0dd77387ed4a9/node_modules/@heroui/react/dist/components/slider/index.d.ts(3,34): error TS2339: Property 'children' does not exist on type 'SliderRootProps'.
node_modules/.pnpm/@heroui+react@3.0.2_@types+react-dom@19.2.3_@types+react@19.2.14__@types+react@19.2.14__c730fa5b70b9d80753a0dd77387ed4a9/node_modules/@heroui/react/dist/components/slider/index.d.ts(3,44): error TS2339: Property 'className' does not exist on type 'SliderRootProps'.
node_modules/.pnpm/@heroui+react@3.0.2_@types+react-dom@19.2.3_@types+react@19.2.14__@types+react@19.2.14__c730fa5b70b9d80753a0dd77387ed4a9/node_modules/@heroui/react/dist/components/slider/index.d.ts(3,55): error TS2339: Property 'orientation' does not exist on type 'SliderRootProps'.
node_modules/.pnpm/@heroui+react@3.0.2_@types+react-dom@19.2.3_@types+react@19.2.14__@types+react@19.2.14__c730fa5b70b9d80753a0dd77387ed4a9/node_modules/@heroui/react/dist/components/slider/index.d.ts(4,14): error TS2339: Property 'children' does not exist on type 'SliderRootProps'.
node_modules/.pnpm/@heroui+react@3.0.2_@types+react-dom@19.2.3_@types+react@19.2.14__@types+react@19.2.14__c730fa5b70b9d80753a0dd77387ed4a9/node_modules/@heroui/react/dist/components/slider/index.d.ts(4,24): error TS2339: Property 'className' does not exist on type 'SliderRootProps'.
node_modules/.pnpm/@heroui+react@3.0.2_@types+react-dom@19.2.3_@types+react@19.2.14__@types+react@19.2.14__c730fa5b70b9d80753a0dd77387ed4a9/node_modules/@heroui/react/dist/components/slider/index.d.ts(4,35): error TS2339: Property 'orientation' does not exist on type 'SliderRootProps'.
node_modules/.pnpm/@heroui+react@3.0.2_@types+react-dom@19.2.3_@types+react@19.2.14__@types+react@19.2.14__c730fa5b70b9d80753a0dd77387ed4a9/node_modules/@heroui/react/dist/components/slider/index.d.ts(5,16): error TS2339: Property 'children' does not exist on type 'SliderOutputProps'.
node_modules/.pnpm/@heroui+react@3.0.2_@types+react-dom@19.2.3_@types+react@19.2.14__@types+react@19.2.14__c730fa5b70b9d80753a0dd77387ed4a9/node_modules/@heroui/react/dist/components/slider/index.d.ts(5,26): error TS2339: Property 'className' does not exist on type 'SliderOutputProps'.
node_modules/.pnpm/@heroui+react@3.0.2_@types+react-dom@19.2.3_@types+react@19.2.14__@types+react@19.2.14__c730fa5b70b9d80753a0dd77387ed4a9/node_modules/@heroui/react/dist/components/slider/index.d.ts(6,15): error TS2339: Property 'children' does not exist on type 'SliderTrackProps'.
node_modules/.pnpm/@heroui+react@3.0.2_@types+react-dom@19.2.3_@types+react@19.2.14__@types+react@19.2.14__c730fa5b70b9d80753a0dd77387ed4a9/node_modules/@heroui/react/dist/components/slider/index.d.ts(6,25): error TS2339: Property 'className' does not exist on type 'SliderTrackProps'.
node_modules/.pnpm/@heroui+react@3.0.2_@types+react-dom@19.2.3_@types+react@19.2.14__@types+react@19.2.14__c730fa5b70b9d80753a0dd77387ed4a9/node_modules/@heroui/react/dist/components/slider/index.d.ts(8,15): error TS2339: Property 'children' does not exist on type 'SliderThumbProps'.
node_modules/.pnpm/@heroui+react@3.0.2_@types+react-dom@19.2.3_@types+react@19.2.14__@types+react@19.2.14__c730fa5b70b9d80753a0dd77387ed4a9/node_modules/@heroui/react/dist/components/slider/index.d.ts(8,25): error TS2339: Property 'className' does not exist on type 'SliderThumbProps'.
node_modules/.pnpm/@heroui+react@3.0.2_@types+react-dom@19.2.3_@types+react@19.2.14__@types+react@19.2.14__c730fa5b70b9d80753a0dd77387ed4a9/node_modules/@heroui/react/dist/components/slider/slider.d.ts(6,30): error TS2339: Property 'children' does not exist on type 'SliderRootProps'.
node_modules/.pnpm/@heroui+react@3.0.2_@types+react-dom@19.2.3_@types+react@19.2.14__@types+react@19.2.14__c730fa5b70b9d80753a0dd77387ed4a9/node_modules/@heroui/react/dist/components/slider/slider.d.ts(6,40): error TS2339: Property 'className' does not exist on type 'SliderRootProps'.
node_modules/.pnpm/@heroui+react@3.0.2_@types+react-dom@19.2.3_@types+react@19.2.14__@types+react@19.2.14__c730fa5b70b9d80753a0dd77387ed4a9/node_modules/@heroui/react/dist/components/slider/slider.d.ts(6,51): error TS2339: Property 'orientation' does not exist on type 'SliderRootProps'.
node_modules/.pnpm/@heroui+react@3.0.2_@types+react-dom@19.2.3_@types+react@19.2.14__@types+react@19.2.14__c730fa5b70b9d80753a0dd77387ed4a9/node_modules/@heroui/react/dist/components/slider/slider.d.ts(9,32): error TS2339: Property 'children' does not exist on type 'SliderOutputProps'.
node_modules/.pnpm/@heroui+react@3.0.2_@types+react-dom@19.2.3_@types+react@19.2.14__@types+react@19.2.14__c730fa5b70b9d80753a0dd77387ed4a9/node_modules/@heroui/react/dist/components/slider/slider.d.ts(9,42): error TS2339: Property 'className' does not exist on type 'SliderOutputProps'.
node_modules/.pnpm/@heroui+react@3.0.2_@types+react-dom@19.2.3_@types+react@19.2.14__@types+react@19.2.14__c730fa5b70b9d80753a0dd77387ed4a9/node_modules/@heroui/react/dist/components/slider/slider.d.ts(12,31): error TS2339: Property 'children' does not exist on type 'SliderTrackProps'.
node_modules/.pnpm/@heroui+react@3.0.2_@types+react-dom@19.2.3_@types+react@19.2.14__@types+react@19.2.14__c730fa5b70b9d80753a0dd77387ed4a9/node_modules/@heroui/react/dist/components/slider/slider.d.ts(12,41): error TS2339: Property 'className' does not exist on type 'SliderTrackProps'.
node_modules/.pnpm/@heroui+react@3.0.2_@types+react-dom@19.2.3_@types+react@19.2.14__@types+react@19.2.14__c730fa5b70b9d80753a0dd77387ed4a9/node_modules/@heroui/react/dist/components/slider/slider.d.ts(18,31): error TS2339: Property 'children' does not exist on type 'SliderThumbProps'.
node_modules/.pnpm/@heroui+react@3.0.2_@types+react-dom@19.2.3_@types+react@19.2.14__@types+react@19.2.14__c730fa5b70b9d80753a0dd77387ed4a9/node_modules/@heroui/react/dist/components/slider/slider.d.ts(18,41): error TS2339: Property 'className' does not exist on type 'SliderThumbProps'.
node_modules/.pnpm/@heroui+react@3.0.2_@types+react-dom@19.2.3_@types+react@19.2.14__@types+react@19.2.14__c730fa5b70b9d80753a0dd77387ed4a9/node_modules/@heroui/react/dist/components/surface/surface.d.ts(3,8): error TS1259: Module '"/Volumes/OWC Envoy Ultra/codes/NEXTJS/t3-activity-process/node_modules/.pnpm/@types+react@19.2.14/node_modules/@types/react/index"' can only be default-imported using the 'esModuleInterop' flag
node_modules/.pnpm/@heroui+react@3.0.2_@types+react-dom@19.2.3_@types+react@19.2.14__@types+react@19.2.14__c730fa5b70b9d80753a0dd77387ed4a9/node_modules/@heroui/react/dist/components/switch/index.d.ts(3,34): error TS2339: Property 'children' does not exist on type 'SwitchRootProps'.
node_modules/.pnpm/@heroui+react@3.0.2_@types+react-dom@19.2.3_@types+react@19.2.14__@types+react@19.2.14__c730fa5b70b9d80753a0dd77387ed4a9/node_modules/@heroui/react/dist/components/switch/index.d.ts(3,44): error TS2339: Property 'className' does not exist on type 'SwitchRootProps'.
node_modules/.pnpm/@heroui+react@3.0.2_@types+react-dom@19.2.3_@types+react@19.2.14__@types+react@19.2.14__c730fa5b70b9d80753a0dd77387ed4a9/node_modules/@heroui/react/dist/components/switch/index.d.ts(4,14): error TS2339: Property 'children' does not exist on type 'SwitchRootProps'.
node_modules/.pnpm/@heroui+react@3.0.2_@types+react-dom@19.2.3_@types+react@19.2.14__@types+react@19.2.14__c730fa5b70b9d80753a0dd77387ed4a9/node_modules/@heroui/react/dist/components/switch/index.d.ts(4,24): error TS2339: Property 'className' does not exist on type 'SwitchRootProps'.
node_modules/.pnpm/@heroui+react@3.0.2_@types+react-dom@19.2.3_@types+react@19.2.14__@types+react@19.2.14__c730fa5b70b9d80753a0dd77387ed4a9/node_modules/@heroui/react/dist/components/switch/switch.d.ts(6,30): error TS2339: Property 'children' does not exist on type 'SwitchRootProps'.
node_modules/.pnpm/@heroui+react@3.0.2_@types+react-dom@19.2.3_@types+react@19.2.14__@types+react@19.2.14__c730fa5b70b9d80753a0dd77387ed4a9/node_modules/@heroui/react/dist/components/switch/switch.d.ts(6,40): error TS2339: Property 'className' does not exist on type 'SwitchRootProps'.
node_modules/.pnpm/@heroui+react@3.0.2_@types+react-dom@19.2.3_@types+react@19.2.14__@types+react@19.2.14__c730fa5b70b9d80753a0dd77387ed4a9/node_modules/@heroui/react/dist/components/table/table.d.ts(3,8): error TS1259: Module '"/Volumes/OWC Envoy Ultra/codes/NEXTJS/t3-activity-process/node_modules/.pnpm/@types+react@19.2.14/node_modules/@types/react/index"' can only be default-imported using the 'esModuleInterop' flag
node_modules/.pnpm/@heroui+react@3.0.2_@types+react-dom@19.2.3_@types+react@19.2.14__@types+react@19.2.14__c730fa5b70b9d80753a0dd77387ed4a9/node_modules/@heroui/react/dist/components/table/table.d.ts(19,50): error TS2339: Property 'className' does not exist on type 'TableHeaderProps<T>'.
node_modules/.pnpm/@heroui+react@3.0.2_@types+react-dom@19.2.3_@types+react@19.2.14__@types+react@19.2.14__c730fa5b70b9d80753a0dd77387ed4a9/node_modules/@heroui/react/dist/components/table/table.d.ts(25,48): error TS2339: Property 'className' does not exist on type 'TableBodyProps<T>'.
node_modules/.pnpm/@heroui+react@3.0.2_@types+react-dom@19.2.3_@types+react@19.2.14__@types+react@19.2.14__c730fa5b70b9d80753a0dd77387ed4a9/node_modules/@heroui/react/dist/components/table/table.d.ts(28,47): error TS2339: Property 'className' does not exist on type 'TableRowProps<T>'.
node_modules/.pnpm/@heroui+react@3.0.2_@types+react-dom@19.2.3_@types+react@19.2.14__@types+react@19.2.14__c730fa5b70b9d80753a0dd77387ed4a9/node_modules/@heroui/react/dist/components/tabs/index.d.ts(3,53): error TS2339: Property 'orientation' does not exist on type 'TabsRootProps'.
node_modules/.pnpm/@heroui+react@3.0.2_@types+react-dom@19.2.3_@types+react@19.2.14__@types+react@19.2.14__c730fa5b70b9d80753a0dd77387ed4a9/node_modules/@heroui/react/dist/components/tabs/index.d.ts(4,35): error TS2339: Property 'orientation' does not exist on type 'TabsRootProps'.
node_modules/.pnpm/@heroui+react@3.0.2_@types+react-dom@19.2.3_@types+react@19.2.14__@types+react@19.2.14__c730fa5b70b9d80753a0dd77387ed4a9/node_modules/@heroui/react/dist/components/tabs/index.d.ts(7,13): error TS2339: Property 'children' does not exist on type 'TabProps'.
node_modules/.pnpm/@heroui+react@3.0.2_@types+react-dom@19.2.3_@types+react@19.2.14__@types+react@19.2.14__c730fa5b70b9d80753a0dd77387ed4a9/node_modules/@heroui/react/dist/components/tabs/tabs.d.ts(3,8): error TS1259: Module '"/Volumes/OWC Envoy Ultra/codes/NEXTJS/t3-activity-process/node_modules/.pnpm/@types+react@19.2.14/node_modules/@types/react/index"' can only be default-imported using the 'esModuleInterop' flag
node_modules/.pnpm/@heroui+react@3.0.2_@types+react-dom@19.2.3_@types+react@19.2.14__@types+react@19.2.14__c730fa5b70b9d80753a0dd77387ed4a9/node_modules/@heroui/react/dist/components/tabs/tabs.d.ts(9,49): error TS2339: Property 'orientation' does not exist on type 'TabsRootProps'.
node_modules/.pnpm/@heroui+react@3.0.2_@types+react-dom@19.2.3_@types+react@19.2.14__@types+react@19.2.14__c730fa5b70b9d80753a0dd77387ed4a9/node_modules/@heroui/react/dist/components/tabs/tabs.d.ts(22,23): error TS2339: Property 'children' does not exist on type 'TabProps'.
node_modules/.pnpm/@heroui+react@3.0.2_@types+react-dom@19.2.3_@types+react@19.2.14__@types+react@19.2.14__c730fa5b70b9d80753a0dd77387ed4a9/node_modules/@heroui/react/dist/components/tag-group/tag-group.d.ts(4,8): error TS1259: Module '"/Volumes/OWC Envoy Ultra/codes/NEXTJS/t3-activity-process/node_modules/.pnpm/@types+react@19.2.14/node_modules/@types/react/index"' can only be default-imported using the 'esModuleInterop' flag
node_modules/.pnpm/@heroui+react@3.0.2_@types+react-dom@19.2.3_@types+react@19.2.14__@types+react@19.2.14__c730fa5b70b9d80753a0dd77387ed4a9/node_modules/@heroui/react/dist/components/tag/index.d.ts(3,31): error TS2339: Property 'children' does not exist on type 'TagRootProps'.
node_modules/.pnpm/@heroui+react@3.0.2_@types+react-dom@19.2.3_@types+react@19.2.14__@types+react@19.2.14__c730fa5b70b9d80753a0dd77387ed4a9/node_modules/@heroui/react/dist/components/tag/index.d.ts(3,41): error TS2339: Property 'className' does not exist on type 'TagRootProps'.
node_modules/.pnpm/@heroui+react@3.0.2_@types+react-dom@19.2.3_@types+react@19.2.14__@types+react@19.2.14__c730fa5b70b9d80753a0dd77387ed4a9/node_modules/@heroui/react/dist/components/tag/index.d.ts(4,14): error TS2339: Property 'children' does not exist on type 'TagRootProps'.
node_modules/.pnpm/@heroui+react@3.0.2_@types+react-dom@19.2.3_@types+react@19.2.14__@types+react@19.2.14__c730fa5b70b9d80753a0dd77387ed4a9/node_modules/@heroui/react/dist/components/tag/index.d.ts(4,24): error TS2339: Property 'className' does not exist on type 'TagRootProps'.
node_modules/.pnpm/@heroui+react@3.0.2_@types+react-dom@19.2.3_@types+react@19.2.14__@types+react@19.2.14__c730fa5b70b9d80753a0dd77387ed4a9/node_modules/@heroui/react/dist/components/tag/tag.d.ts(4,8): error TS1259: Module '"/Volumes/OWC Envoy Ultra/codes/NEXTJS/t3-activity-process/node_modules/.pnpm/@types+react@19.2.14/node_modules/@types/react/index"' can only be default-imported using the 'esModuleInterop' flag
node_modules/.pnpm/@heroui+react@3.0.2_@types+react-dom@19.2.3_@types+react@19.2.14__@types+react@19.2.14__c730fa5b70b9d80753a0dd77387ed4a9/node_modules/@heroui/react/dist/components/tag/tag.d.ts(8,27): error TS2339: Property 'children' does not exist on type 'TagRootProps'.
node_modules/.pnpm/@heroui+react@3.0.2_@types+react-dom@19.2.3_@types+react@19.2.14__@types+react@19.2.14__c730fa5b70b9d80753a0dd77387ed4a9/node_modules/@heroui/react/dist/components/tag/tag.d.ts(8,37): error TS2339: Property 'className' does not exist on type 'TagRootProps'.
node_modules/.pnpm/@heroui+react@3.0.2_@types+react-dom@19.2.3_@types+react@19.2.14__@types+react@19.2.14__c730fa5b70b9d80753a0dd77387ed4a9/node_modules/@heroui/react/dist/components/text/index.d.ts(3,32): error TS2339: Property 'children' does not exist on type 'TextRootProps'.
node_modules/.pnpm/@heroui+react@3.0.2_@types+react-dom@19.2.3_@types+react@19.2.14__@types+react@19.2.14__c730fa5b70b9d80753a0dd77387ed4a9/node_modules/@heroui/react/dist/components/text/index.d.ts(3,42): error TS2339: Property 'className' does not exist on type 'TextRootProps'.
node_modules/.pnpm/@heroui+react@3.0.2_@types+react-dom@19.2.3_@types+react@19.2.14__@types+react@19.2.14__c730fa5b70b9d80753a0dd77387ed4a9/node_modules/@heroui/react/dist/components/text/index.d.ts(4,14): error TS2339: Property 'children' does not exist on type 'TextRootProps'.
node_modules/.pnpm/@heroui+react@3.0.2_@types+react-dom@19.2.3_@types+react@19.2.14__@types+react@19.2.14__c730fa5b70b9d80753a0dd77387ed4a9/node_modules/@heroui/react/dist/components/text/index.d.ts(4,24): error TS2339: Property 'className' does not exist on type 'TextRootProps'.
node_modules/.pnpm/@heroui+react@3.0.2_@types+react-dom@19.2.3_@types+react@19.2.14__@types+react@19.2.14__c730fa5b70b9d80753a0dd77387ed4a9/node_modules/@heroui/react/dist/components/text/text.d.ts(6,28): error TS2339: Property 'children' does not exist on type 'TextRootProps'.
node_modules/.pnpm/@heroui+react@3.0.2_@types+react-dom@19.2.3_@types+react@19.2.14__@types+react@19.2.14__c730fa5b70b9d80753a0dd77387ed4a9/node_modules/@heroui/react/dist/components/text/text.d.ts(6,38): error TS2339: Property 'className' does not exist on type 'TextRootProps'.
node_modules/.pnpm/@heroui+react@3.0.2_@types+react-dom@19.2.3_@types+react@19.2.14__@types+react@19.2.14__c730fa5b70b9d80753a0dd77387ed4a9/node_modules/@heroui/react/dist/components/textarea/index.d.ts(3,36): error TS2339: Property 'className' does not exist on type 'TextAreaRootProps'.
node_modules/.pnpm/@heroui+react@3.0.2_@types+react-dom@19.2.3_@types+react@19.2.14__@types+react@19.2.14__c730fa5b70b9d80753a0dd77387ed4a9/node_modules/@heroui/react/dist/components/textarea/index.d.ts(4,14): error TS2339: Property 'className' does not exist on type 'TextAreaRootProps'.
node_modules/.pnpm/@heroui+react@3.0.2_@types+react-dom@19.2.3_@types+react@19.2.14__@types+react@19.2.14__c730fa5b70b9d80753a0dd77387ed4a9/node_modules/@heroui/react/dist/components/textarea/textarea.d.ts(6,32): error TS2339: Property 'className' does not exist on type 'TextAreaRootProps'.
node_modules/.pnpm/@heroui+react@3.0.2_@types+react-dom@19.2.3_@types+react@19.2.14__@types+react@19.2.14__c730fa5b70b9d80753a0dd77387ed4a9/node_modules/@heroui/react/dist/components/textfield/index.d.ts(3,37): error TS2339: Property 'children' does not exist on type 'TextFieldRootProps'.
node_modules/.pnpm/@heroui+react@3.0.2_@types+react-dom@19.2.3_@types+react@19.2.14__@types+react@19.2.14__c730fa5b70b9d80753a0dd77387ed4a9/node_modules/@heroui/react/dist/components/textfield/index.d.ts(3,47): error TS2339: Property 'className' does not exist on type 'TextFieldRootProps'.
node_modules/.pnpm/@heroui+react@3.0.2_@types+react-dom@19.2.3_@types+react@19.2.14__@types+react@19.2.14__c730fa5b70b9d80753a0dd77387ed4a9/node_modules/@heroui/react/dist/components/textfield/index.d.ts(4,14): error TS2339: Property 'children' does not exist on type 'TextFieldRootProps'.
node_modules/.pnpm/@heroui+react@3.0.2_@types+react-dom@19.2.3_@types+react@19.2.14__@types+react@19.2.14__c730fa5b70b9d80753a0dd77387ed4a9/node_modules/@heroui/react/dist/components/textfield/index.d.ts(4,24): error TS2339: Property 'className' does not exist on type 'TextFieldRootProps'.
node_modules/.pnpm/@heroui+react@3.0.2_@types+react-dom@19.2.3_@types+react@19.2.14__@types+react@19.2.14__c730fa5b70b9d80753a0dd77387ed4a9/node_modules/@heroui/react/dist/components/textfield/textfield.d.ts(3,8): error TS1259: Module '"/Volumes/OWC Envoy Ultra/codes/NEXTJS/t3-activity-process/node_modules/.pnpm/@types+react@19.2.14/node_modules/@types/react/index"' can only be default-imported using the 'esModuleInterop' flag
node_modules/.pnpm/@heroui+react@3.0.2_@types+react-dom@19.2.3_@types+react@19.2.14__@types+react@19.2.14__c730fa5b70b9d80753a0dd77387ed4a9/node_modules/@heroui/react/dist/components/textfield/textfield.d.ts(16,33): error TS2339: Property 'children' does not exist on type 'TextFieldRootProps'.
node_modules/.pnpm/@heroui+react@3.0.2_@types+react-dom@19.2.3_@types+react@19.2.14__@types+react@19.2.14__c730fa5b70b9d80753a0dd77387ed4a9/node_modules/@heroui/react/dist/components/textfield/textfield.d.ts(16,43): error TS2339: Property 'className' does not exist on type 'TextFieldRootProps'.
node_modules/.pnpm/@heroui+react@3.0.2_@types+react-dom@19.2.3_@types+react@19.2.14__@types+react@19.2.14__c730fa5b70b9d80753a0dd77387ed4a9/node_modules/@heroui/react/dist/components/time-field/index.d.ts(6,15): error TS2339: Property 'children' does not exist on type 'DateInputGroupRootProps'.
node_modules/.pnpm/@heroui+react@3.0.2_@types+react-dom@19.2.3_@types+react@19.2.14__@types+react@19.2.14__c730fa5b70b9d80753a0dd77387ed4a9/node_modules/@heroui/react/dist/components/time-field/index.d.ts(6,25): error TS2339: Property 'className' does not exist on type 'DateInputGroupRootProps'.
node_modules/.pnpm/@heroui+react@3.0.2_@types+react-dom@19.2.3_@types+react@19.2.14__@types+react@19.2.14__c730fa5b70b9d80753a0dd77387ed4a9/node_modules/@heroui/react/dist/components/time-field/time-field.d.ts(7,55): error TS2339: Property 'children' does not exist on type 'TimeFieldRootProps<T>'.
node_modules/.pnpm/@heroui+react@3.0.2_@types+react-dom@19.2.3_@types+react@19.2.14__@types+react@19.2.14__c730fa5b70b9d80753a0dd77387ed4a9/node_modules/@heroui/react/dist/components/time-field/time-field.d.ts(7,65): error TS2339: Property 'className' does not exist on type 'TimeFieldRootProps<T>'.
node_modules/.pnpm/@heroui+react@3.0.2_@types+react-dom@19.2.3_@types+react@19.2.14__@types+react@19.2.14__c730fa5b70b9d80753a0dd77387ed4a9/node_modules/@heroui/react/dist/components/toast/index.d.ts(12,17): error TS2339: Property 'children' does not exist on type 'ToastContentProps'.
node_modules/.pnpm/@heroui+react@3.0.2_@types+react-dom@19.2.3_@types+react@19.2.14__@types+react@19.2.14__c730fa5b70b9d80753a0dd77387ed4a9/node_modules/@heroui/react/dist/components/toast/index.d.ts(12,27): error TS2339: Property 'className' does not exist on type 'ToastContentProps'.
node_modules/.pnpm/@heroui+react@3.0.2_@types+react-dom@19.2.3_@types+react@19.2.14__@types+react@19.2.14__c730fa5b70b9d80753a0dd77387ed4a9/node_modules/@heroui/react/dist/components/toast/index.d.ts(18,12): error TS2339: Property 'children' does not exist on type 'ToastTitleProps'.
node_modules/.pnpm/@heroui+react@3.0.2_@types+react-dom@19.2.3_@types+react@19.2.14__@types+react@19.2.14__c730fa5b70b9d80753a0dd77387ed4a9/node_modules/@heroui/react/dist/components/toast/index.d.ts(18,22): error TS2339: Property 'className' does not exist on type 'ToastTitleProps'.
node_modules/.pnpm/@heroui+react@3.0.2_@types+react-dom@19.2.3_@types+react@19.2.14__@types+react@19.2.14__c730fa5b70b9d80753a0dd77387ed4a9/node_modules/@heroui/react/dist/components/toast/index.d.ts(22,12): error TS2339: Property 'children' does not exist on type 'ToastDescriptionProps'.
node_modules/.pnpm/@heroui+react@3.0.2_@types+react-dom@19.2.3_@types+react@19.2.14__@types+react@19.2.14__c730fa5b70b9d80753a0dd77387ed4a9/node_modules/@heroui/react/dist/components/toast/index.d.ts(22,22): error TS2339: Property 'className' does not exist on type 'ToastDescriptionProps'.
node_modules/.pnpm/@heroui+react@3.0.2_@types+react-dom@19.2.3_@types+react@19.2.14__@types+react@19.2.14__c730fa5b70b9d80753a0dd77387ed4a9/node_modules/@heroui/react/dist/components/toast/index.d.ts(26,12): error TS2339: Property 'children' does not exist on type 'ToastActionButtonProps'.
node_modules/.pnpm/@heroui+react@3.0.2_@types+react-dom@19.2.3_@types+react@19.2.14__@types+react@19.2.14__c730fa5b70b9d80753a0dd77387ed4a9/node_modules/@heroui/react/dist/components/toast/index.d.ts(26,22): error TS2339: Property 'className' does not exist on type 'ToastActionButtonProps'.
node_modules/.pnpm/@heroui+react@3.0.2_@types+react-dom@19.2.3_@types+react@19.2.14__@types+react@19.2.14__c730fa5b70b9d80753a0dd77387ed4a9/node_modules/@heroui/react/dist/components/toast/index.d.ts(30,12): error TS2339: Property 'className' does not exist on type 'ToastCloseButtonProps'.
node_modules/.pnpm/@heroui+react@3.0.2_@types+react-dom@19.2.3_@types+react@19.2.14__@types+react@19.2.14__c730fa5b70b9d80753a0dd77387ed4a9/node_modules/@heroui/react/dist/components/toast/toast.d.ts(18,32): error TS2339: Property 'children' does not exist on type 'ToastContentProps'.
node_modules/.pnpm/@heroui+react@3.0.2_@types+react-dom@19.2.3_@types+react@19.2.14__@types+react@19.2.14__c730fa5b70b9d80753a0dd77387ed4a9/node_modules/@heroui/react/dist/components/toast/toast.d.ts(18,42): error TS2339: Property 'className' does not exist on type 'ToastContentProps'.
node_modules/.pnpm/@heroui+react@3.0.2_@types+react-dom@19.2.3_@types+react@19.2.14__@types+react@19.2.14__c730fa5b70b9d80753a0dd77387ed4a9/node_modules/@heroui/react/dist/components/toast/toast.d.ts(29,8): error TS2339: Property 'children' does not exist on type 'ToastTitleProps'.
node_modules/.pnpm/@heroui+react@3.0.2_@types+react-dom@19.2.3_@types+react@19.2.14__@types+react@19.2.14__c730fa5b70b9d80753a0dd77387ed4a9/node_modules/@heroui/react/dist/components/toast/toast.d.ts(29,18): error TS2339: Property 'className' does not exist on type 'ToastTitleProps'.
node_modules/.pnpm/@heroui+react@3.0.2_@types+react-dom@19.2.3_@types+react@19.2.14__@types+react@19.2.14__c730fa5b70b9d80753a0dd77387ed4a9/node_modules/@heroui/react/dist/components/toast/toast.d.ts(35,8): error TS2339: Property 'children' does not exist on type 'ToastDescriptionProps'.
node_modules/.pnpm/@heroui+react@3.0.2_@types+react-dom@19.2.3_@types+react@19.2.14__@types+react@19.2.14__c730fa5b70b9d80753a0dd77387ed4a9/node_modules/@heroui/react/dist/components/toast/toast.d.ts(35,18): error TS2339: Property 'className' does not exist on type 'ToastDescriptionProps'.
node_modules/.pnpm/@heroui+react@3.0.2_@types+react-dom@19.2.3_@types+react@19.2.14__@types+react@19.2.14__c730fa5b70b9d80753a0dd77387ed4a9/node_modules/@heroui/react/dist/components/toast/toast.d.ts(41,8): error TS2339: Property 'className' does not exist on type 'ToastCloseButtonProps'.
node_modules/.pnpm/@heroui+react@3.0.2_@types+react-dom@19.2.3_@types+react@19.2.14__@types+react@19.2.14__c730fa5b70b9d80753a0dd77387ed4a9/node_modules/@heroui/react/dist/components/toast/toast.d.ts(47,8): error TS2339: Property 'children' does not exist on type 'ToastActionButtonProps'.
node_modules/.pnpm/@heroui+react@3.0.2_@types+react-dom@19.2.3_@types+react@19.2.14__@types+react@19.2.14__c730fa5b70b9d80753a0dd77387ed4a9/node_modules/@heroui/react/dist/components/toast/toast.d.ts(47,18): error TS2339: Property 'className' does not exist on type 'ToastActionButtonProps'.
node_modules/.pnpm/@heroui+react@3.0.2_@types+react-dom@19.2.3_@types+react@19.2.14__@types+react@19.2.14__c730fa5b70b9d80753a0dd77387ed4a9/node_modules/@heroui/react/dist/components/toggle-button-group/index.d.ts(3,45): error TS2339: Property 'children' does not exist on type 'ToggleButtonGroupRootProps'.
node_modules/.pnpm/@heroui+react@3.0.2_@types+react-dom@19.2.3_@types+react@19.2.14__@types+react@19.2.14__c730fa5b70b9d80753a0dd77387ed4a9/node_modules/@heroui/react/dist/components/toggle-button-group/index.d.ts(3,55): error TS2339: Property 'className' does not exist on type 'ToggleButtonGroupRootProps'.
node_modules/.pnpm/@heroui+react@3.0.2_@types+react-dom@19.2.3_@types+react@19.2.14__@types+react@19.2.14__c730fa5b70b9d80753a0dd77387ed4a9/node_modules/@heroui/react/dist/components/toggle-button-group/index.d.ts(3,89): error TS2339: Property 'isDisabled' does not exist on type 'ToggleButtonGroupRootProps'.
node_modules/.pnpm/@heroui+react@3.0.2_@types+react-dom@19.2.3_@types+react@19.2.14__@types+react@19.2.14__c730fa5b70b9d80753a0dd77387ed4a9/node_modules/@heroui/react/dist/components/toggle-button-group/index.d.ts(4,14): error TS2339: Property 'children' does not exist on type 'ToggleButtonGroupRootProps'.
node_modules/.pnpm/@heroui+react@3.0.2_@types+react-dom@19.2.3_@types+react@19.2.14__@types+react@19.2.14__c730fa5b70b9d80753a0dd77387ed4a9/node_modules/@heroui/react/dist/components/toggle-button-group/index.d.ts(4,24): error TS2339: Property 'className' does not exist on type 'ToggleButtonGroupRootProps'.
node_modules/.pnpm/@heroui+react@3.0.2_@types+react-dom@19.2.3_@types+react@19.2.14__@types+react@19.2.14__c730fa5b70b9d80753a0dd77387ed4a9/node_modules/@heroui/react/dist/components/toggle-button-group/index.d.ts(4,58): error TS2339: Property 'isDisabled' does not exist on type 'ToggleButtonGroupRootProps'.
node_modules/.pnpm/@heroui+react@3.0.2_@types+react-dom@19.2.3_@types+react@19.2.14__@types+react@19.2.14__c730fa5b70b9d80753a0dd77387ed4a9/node_modules/@heroui/react/dist/components/toggle-button-group/toggle-button-group.d.ts(4,8): error TS1259: Module '"/Volumes/OWC Envoy Ultra/codes/NEXTJS/t3-activity-process/node_modules/.pnpm/@types+react@19.2.14/node_modules/@types/react/index"' can only be default-imported using the 'esModuleInterop' flag
node_modules/.pnpm/@heroui+react@3.0.2_@types+react-dom@19.2.3_@types+react@19.2.14__@types+react@19.2.14__c730fa5b70b9d80753a0dd77387ed4a9/node_modules/@heroui/react/dist/components/toggle-button-group/toggle-button-group.d.ts(19,41): error TS2339: Property 'children' does not exist on type 'ToggleButtonGroupRootProps'.
node_modules/.pnpm/@heroui+react@3.0.2_@types+react-dom@19.2.3_@types+react@19.2.14__@types+react@19.2.14__c730fa5b70b9d80753a0dd77387ed4a9/node_modules/@heroui/react/dist/components/toggle-button-group/toggle-button-group.d.ts(19,51): error TS2339: Property 'className' does not exist on type 'ToggleButtonGroupRootProps'.
node_modules/.pnpm/@heroui+react@3.0.2_@types+react-dom@19.2.3_@types+react@19.2.14__@types+react@19.2.14__c730fa5b70b9d80753a0dd77387ed4a9/node_modules/@heroui/react/dist/components/toggle-button-group/toggle-button-group.d.ts(19,85): error TS2339: Property 'isDisabled' does not exist on type 'ToggleButtonGroupRootProps'.
node_modules/.pnpm/@heroui+react@3.0.2_@types+react-dom@19.2.3_@types+react@19.2.14__@types+react@19.2.14__c730fa5b70b9d80753a0dd77387ed4a9/node_modules/@heroui/react/dist/components/toggle-button/index.d.ts(3,40): error TS2339: Property 'children' does not exist on type 'ToggleButtonRootProps'.
node_modules/.pnpm/@heroui+react@3.0.2_@types+react-dom@19.2.3_@types+react@19.2.14__@types+react@19.2.14__c730fa5b70b9d80753a0dd77387ed4a9/node_modules/@heroui/react/dist/components/toggle-button/index.d.ts(3,50): error TS2339: Property 'className' does not exist on type 'ToggleButtonRootProps'.
node_modules/.pnpm/@heroui+react@3.0.2_@types+react-dom@19.2.3_@types+react@19.2.14__@types+react@19.2.14__c730fa5b70b9d80753a0dd77387ed4a9/node_modules/@heroui/react/dist/components/toggle-button/index.d.ts(3,79): error TS2339: Property 'style' does not exist on type 'ToggleButtonRootProps'.
node_modules/.pnpm/@heroui+react@3.0.2_@types+react-dom@19.2.3_@types+react@19.2.14__@types+react@19.2.14__c730fa5b70b9d80753a0dd77387ed4a9/node_modules/@heroui/react/dist/components/toggle-button/index.d.ts(4,14): error TS2339: Property 'children' does not exist on type 'ToggleButtonRootProps'.
node_modules/.pnpm/@heroui+react@3.0.2_@types+react-dom@19.2.3_@types+react@19.2.14__@types+react@19.2.14__c730fa5b70b9d80753a0dd77387ed4a9/node_modules/@heroui/react/dist/components/toggle-button/index.d.ts(4,24): error TS2339: Property 'className' does not exist on type 'ToggleButtonRootProps'.
node_modules/.pnpm/@heroui+react@3.0.2_@types+react-dom@19.2.3_@types+react@19.2.14__@types+react@19.2.14__c730fa5b70b9d80753a0dd77387ed4a9/node_modules/@heroui/react/dist/components/toggle-button/index.d.ts(4,53): error TS2339: Property 'style' does not exist on type 'ToggleButtonRootProps'.
node_modules/.pnpm/@heroui+react@3.0.2_@types+react-dom@19.2.3_@types+react@19.2.14__@types+react@19.2.14__c730fa5b70b9d80753a0dd77387ed4a9/node_modules/@heroui/react/dist/components/toggle-button/toggle-button.d.ts(6,36): error TS2339: Property 'children' does not exist on type 'ToggleButtonRootProps'.
node_modules/.pnpm/@heroui+react@3.0.2_@types+react-dom@19.2.3_@types+react@19.2.14__@types+react@19.2.14__c730fa5b70b9d80753a0dd77387ed4a9/node_modules/@heroui/react/dist/components/toggle-button/toggle-button.d.ts(6,46): error TS2339: Property 'className' does not exist on type 'ToggleButtonRootProps'.
node_modules/.pnpm/@heroui+react@3.0.2_@types+react-dom@19.2.3_@types+react@19.2.14__@types+react@19.2.14__c730fa5b70b9d80753a0dd77387ed4a9/node_modules/@heroui/react/dist/components/toggle-button/toggle-button.d.ts(6,75): error TS2339: Property 'style' does not exist on type 'ToggleButtonRootProps'.
node_modules/.pnpm/@heroui+react@3.0.2_@types+react-dom@19.2.3_@types+react@19.2.14__@types+react@19.2.14__c730fa5b70b9d80753a0dd77387ed4a9/node_modules/@heroui/react/dist/components/toolbar/index.d.ts(4,8): error TS2339: Property 'children' does not exist on type 'ToolbarRootProps'.
node_modules/.pnpm/@heroui+react@3.0.2_@types+react-dom@19.2.3_@types+react@19.2.14__@types+react@19.2.14__c730fa5b70b9d80753a0dd77387ed4a9/node_modules/@heroui/react/dist/components/toolbar/index.d.ts(4,18): error TS2339: Property 'className' does not exist on type 'ToolbarRootProps'.
node_modules/.pnpm/@heroui+react@3.0.2_@types+react-dom@19.2.3_@types+react@19.2.14__@types+react@19.2.14__c730fa5b70b9d80753a0dd77387ed4a9/node_modules/@heroui/react/dist/components/toolbar/index.d.ts(8,12): error TS2339: Property 'children' does not exist on type 'ToolbarRootProps'.
node_modules/.pnpm/@heroui+react@3.0.2_@types+react-dom@19.2.3_@types+react@19.2.14__@types+react@19.2.14__c730fa5b70b9d80753a0dd77387ed4a9/node_modules/@heroui/react/dist/components/toolbar/index.d.ts(8,22): error TS2339: Property 'className' does not exist on type 'ToolbarRootProps'.
node_modules/.pnpm/@heroui+react@3.0.2_@types+react-dom@19.2.3_@types+react@19.2.14__@types+react@19.2.14__c730fa5b70b9d80753a0dd77387ed4a9/node_modules/@heroui/react/dist/components/toolbar/toolbar.d.ts(7,8): error TS2339: Property 'children' does not exist on type 'ToolbarRootProps'.
node_modules/.pnpm/@heroui+react@3.0.2_@types+react-dom@19.2.3_@types+react@19.2.14__@types+react@19.2.14__c730fa5b70b9d80753a0dd77387ed4a9/node_modules/@heroui/react/dist/components/toolbar/toolbar.d.ts(7,18): error TS2339: Property 'className' does not exist on type 'ToolbarRootProps'.
node_modules/.pnpm/@heroui+react@3.0.2_@types+react-dom@19.2.3_@types+react@19.2.14__@types+react@19.2.14__c730fa5b70b9d80753a0dd77387ed4a9/node_modules/@heroui/react/dist/components/tooltip/tooltip.d.ts(3,8): error TS1259: Module '"/Volumes/OWC Envoy Ultra/codes/NEXTJS/t3-activity-process/node_modules/.pnpm/@types+react@19.2.14/node_modules/@types/react/index"' can only be default-imported using the 'esModuleInterop' flag
node_modules/.pnpm/@internationalized+date@3.12.1/node_modules/@internationalized/date/dist/types/src/CalendarDate.d.ts(5,5): error TS18028: Private identifiers are only available when targeting ECMAScript 2015 and higher.
node_modules/.pnpm/@internationalized+date@3.12.1/node_modules/@internationalized/date/dist/types/src/CalendarDate.d.ts(46,5): error TS18028: Private identifiers are only available when targeting ECMAScript 2015 and higher.
node_modules/.pnpm/@internationalized+date@3.12.1/node_modules/@internationalized/date/dist/types/src/CalendarDate.d.ts(76,5): error TS18028: Private identifiers are only available when targeting ECMAScript 2015 and higher.
node_modules/.pnpm/@internationalized+date@3.12.1/node_modules/@internationalized/date/dist/types/src/CalendarDate.d.ts(125,5): error TS18028: Private identifiers are only available when targeting ECMAScript 2015 and higher.
node_modules/.pnpm/@react-aria+collections@3.0.3_react-dom@19.2.4_react@19.2.4__react@19.2.4/node_modules/@react-aria/collections/dist/types.d.ts(2,8): error TS1259: Module '"/Volumes/OWC Envoy Ultra/codes/NEXTJS/t3-activity-process/node_modules/.pnpm/@types+react@19.2.14/node_modules/@types/react/index"' can only be default-imported using the 'esModuleInterop' flag
node_modules/.pnpm/@react-aria+datepicker@3.16.1_react-dom@19.2.4_react@19.2.4__react@19.2.4/node_modules/@react-aria/datepicker/dist/types.d.ts(4,8): error TS1259: Module '"/Volumes/OWC Envoy Ultra/codes/NEXTJS/t3-activity-process/node_modules/.pnpm/@types+react@19.2.14/node_modules/@types/react/index"' can only be default-imported using the 'esModuleInterop' flag
node_modules/.pnpm/@react-aria+dnd@3.11.6_react-dom@19.2.4_react@19.2.4__react@19.2.4/node_modules/@react-aria/dnd/dist/types.d.ts(4,8): error TS1259: Module '"/Volumes/OWC Envoy Ultra/codes/NEXTJS/t3-activity-process/node_modules/.pnpm/@types+react@19.2.14/node_modules/@types/react/index"' can only be default-imported using the 'esModuleInterop' flag
node_modules/.pnpm/@react-aria+focus@3.21.5_react-dom@19.2.4_react@19.2.4__react@19.2.4/node_modules/@react-aria/focus/dist/types.d.ts(3,8): error TS1259: Module '"/Volumes/OWC Envoy Ultra/codes/NEXTJS/t3-activity-process/node_modules/.pnpm/@types+react@19.2.14/node_modules/@types/react/index"' can only be default-imported using the 'esModuleInterop' flag
node_modules/.pnpm/@react-aria+i18n@3.12.16_react-dom@19.2.4_react@19.2.4__react@19.2.4/node_modules/@react-aria/i18n/dist/types.d.ts(56,49): error TS2694: Namespace 'Intl' has no exported member 'ListFormatOptions'.
node_modules/.pnpm/@react-aria+i18n@3.12.16_react-dom@19.2.4_react@19.2.4__react@19.2.4/node_modules/@react-aria/i18n/dist/types.d.ts(56,74): error TS2694: Namespace 'Intl' has no exported member 'ListFormat'.
node_modules/.pnpm/@react-aria+interactions@3.27.1_react-dom@19.2.4_react@19.2.4__react@19.2.4/node_modules/@react-aria/interactions/dist/types.d.ts(2,8): error TS1259: Module '"/Volumes/OWC Envoy Ultra/codes/NEXTJS/t3-activity-process/node_modules/.pnpm/@types+react@19.2.14/node_modules/@types/react/index"' can only be default-imported using the 'esModuleInterop' flag
node_modules/.pnpm/@react-aria+overlays@3.31.2_react-dom@19.2.4_react@19.2.4__react@19.2.4/node_modules/@react-aria/overlays/dist/types.d.ts(5,8): error TS1259: Module '"/Volumes/OWC Envoy Ultra/codes/NEXTJS/t3-activity-process/node_modules/.pnpm/@types+react@19.2.14/node_modules/@types/react/index"' can only be default-imported using the 'esModuleInterop' flag
node_modules/.pnpm/@react-aria+select@3.17.3_react-dom@19.2.4_react@19.2.4__react@19.2.4/node_modules/@react-aria/select/dist/types.d.ts(2,8): error TS1259: Module '"/Volumes/OWC Envoy Ultra/codes/NEXTJS/t3-activity-process/node_modules/.pnpm/@types+react@19.2.14/node_modules/@types/react/index"' can only be default-imported using the 'esModuleInterop' flag
node_modules/.pnpm/@react-aria+utils@3.33.1_react-dom@19.2.4_react@19.2.4__react@19.2.4/node_modules/@react-aria/utils/dist/types.d.ts(1,8): error TS1259: Module '"/Volumes/OWC Envoy Ultra/codes/NEXTJS/t3-activity-process/node_modules/.pnpm/@types+react@19.2.14/node_modules/@types/react/index"' can only be default-imported using the 'esModuleInterop' flag
node_modules/.pnpm/react-aria-components@1.16.0_react-dom@19.2.4_react@19.2.4__react@19.2.4/node_modules/react-aria-components/dist/types.d.ts(2,8): error TS1259: Module '"/Volumes/OWC Envoy Ultra/codes/NEXTJS/t3-activity-process/node_modules/.pnpm/@types+react@19.2.14/node_modules/@types/react/index"' can only be default-imported using the 'esModuleInterop' flag
node_modules/.pnpm/react-aria-components@1.16.0_react-dom@19.2.4_react@19.2.4__react@19.2.4/node_modules/react-aria-components/i18n/index.d.ts(1,8): error TS1259: Module '"/Volumes/OWC Envoy Ultra/codes/NEXTJS/t3-activity-process/node_modules/.pnpm/@types+react@19.2.14/node_modules/@types/react/index"' can only be default-imported using the 'esModuleInterop' flag
src/app/activity/ActivityFormModal.tsx(19,21): error TS2307: Cannot find module '~/trpc/react' or its corresponding type declarations.
src/app/activity/ActivityFormModal.tsx(77,44): error TS2339: Property 'entries' does not exist on type 'FormData'.
src/app/activity/ActivityFormModal.tsx(106,3): error TS17004: Cannot use JSX unless the '--jsx' flag is provided.
src/app/activity/ActivityFormModal.tsx(107,4): error TS17004: Cannot use JSX unless the '--jsx' flag is provided.
src/app/activity/ActivityFormModal.tsx(107,5): error TS2559: Type '{ children: Element; }' has no properties in common with type 'IntrinsicAttributes & ModalBackdropProps'.
src/app/activity/ActivityFormModal.tsx(108,5): error TS17004: Cannot use JSX unless the '--jsx' flag is provided.
src/app/activity/ActivityFormModal.tsx(109,6): error TS17004: Cannot use JSX unless the '--jsx' flag is provided.
src/app/activity/ActivityFormModal.tsx(110,7): error TS17004: Cannot use JSX unless the '--jsx' flag is provided.
src/app/activity/ActivityFormModal.tsx(111,7): error TS17004: Cannot use JSX unless the '--jsx' flag is provided.
src/app/activity/ActivityFormModal.tsx(112,8): error TS17004: Cannot use JSX unless the '--jsx' flag is provided.
src/app/activity/ActivityFormModal.tsx(116,7): error TS17004: Cannot use JSX unless the '--jsx' flag is provided.
src/app/activity/ActivityFormModal.tsx(116,8): error TS2322: Type '{ children: Element[]; className: string; onSubmit: (e: FormEvent<HTMLFormElement>) => void; }' is not assignable to type 'IntrinsicAttributes & FormRootProps'.
  Property 'children' does not exist on type 'IntrinsicAttributes & FormRootProps'.
src/app/activity/ActivityFormModal.tsx(117,8): error TS17004: Cannot use JSX unless the '--jsx' flag is provided.
src/app/activity/ActivityFormModal.tsx(118,9): error TS17004: Cannot use JSX unless the '--jsx' flag is provided.
src/app/activity/ActivityFormModal.tsx(118,10): error TS2322: Type '{ children: Element[]; className: string; defaultValue: string; isRequired: true; name: string; }' is not assignable to type 'IntrinsicAttributes & TextFieldRootProps'.
  Property 'children' does not exist on type 'IntrinsicAttributes & TextFieldRootProps'.
src/app/activity/ActivityFormModal.tsx(124,10): error TS17004: Cannot use JSX unless the '--jsx' flag is provided.
src/app/activity/ActivityFormModal.tsx(124,11): error TS2559: Type '{ children: string; }' has no properties in common with type 'IntrinsicAttributes & LabelRootProps'.
src/app/activity/ActivityFormModal.tsx(125,10): error TS17004: Cannot use JSX unless the '--jsx' flag is provided.
src/app/activity/ActivityFormModal.tsx(125,17): error TS2322: Type '{ placeholder: string; }' is not assignable to type 'IntrinsicAttributes & InputRootProps'.
  Property 'placeholder' does not exist on type 'IntrinsicAttributes & InputRootProps'.
src/app/activity/ActivityFormModal.tsx(128,9): error TS17004: Cannot use JSX unless the '--jsx' flag is provided.
src/app/activity/ActivityFormModal.tsx(128,10): error TS2322: Type '{ children: Element[]; className: string; defaultValue: CalendarDate; isRequired: true; name: string; }' is not assignable to type 'IntrinsicAttributes & DatePickerRootProps<DateValue>'.
  Property 'children' does not exist on type 'IntrinsicAttributes & DatePickerRootProps<DateValue>'.
src/app/activity/ActivityFormModal.tsx(138,10): error TS17004: Cannot use JSX unless the '--jsx' flag is provided.
src/app/activity/ActivityFormModal.tsx(138,11): error TS2559: Type '{ children: string; }' has no properties in common with type 'IntrinsicAttributes & LabelRootProps'.
src/app/activity/ActivityFormModal.tsx(139,10): error TS17004: Cannot use JSX unless the '--jsx' flag is provided.
src/app/activity/ActivityFormModal.tsx(139,11): error TS2322: Type '{ children: Element[]; fullWidth: true; }' is not assignable to type 'IntrinsicAttributes & DateInputGroupRootProps'.
  Property 'children' does not exist on type 'IntrinsicAttributes & DateInputGroupRootProps'.
src/app/activity/ActivityFormModal.tsx(140,11): error TS17004: Cannot use JSX unless the '--jsx' flag is provided.
src/app/activity/ActivityFormModal.tsx(141,26): error TS17004: Cannot use JSX unless the '--jsx' flag is provided.
src/app/activity/ActivityFormModal.tsx(143,11): error TS17004: Cannot use JSX unless the '--jsx' flag is provided.
src/app/activity/ActivityFormModal.tsx(144,12): error TS17004: Cannot use JSX unless the '--jsx' flag is provided.
src/app/activity/ActivityFormModal.tsx(145,13): error TS17004: Cannot use JSX unless the '--jsx' flag is provided.
src/app/activity/ActivityFormModal.tsx(149,10): error TS17004: Cannot use JSX unless the '--jsx' flag is provided.
src/app/activity/ActivityFormModal.tsx(150,11): error TS17004: Cannot use JSX unless the '--jsx' flag is provided.
src/app/activity/ActivityFormModal.tsx(150,12): error TS2559: Type '{ children: Element[]; }' has no properties in common with type 'IntrinsicAttributes & CalendarRootProps<DateValue>'.
src/app/activity/ActivityFormModal.tsx(151,12): error TS17004: Cannot use JSX unless the '--jsx' flag is provided.
src/app/activity/ActivityFormModal.tsx(152,13): error TS17004: Cannot use JSX unless the '--jsx' flag is provided.
src/app/activity/ActivityFormModal.tsx(153,14): error TS17004: Cannot use JSX unless the '--jsx' flag is provided.
src/app/activity/ActivityFormModal.tsx(154,14): error TS17004: Cannot use JSX unless the '--jsx' flag is provided.
src/app/activity/ActivityFormModal.tsx(156,13): error TS17004: Cannot use JSX unless the '--jsx' flag is provided.
src/app/activity/ActivityFormModal.tsx(157,13): error TS17004: Cannot use JSX unless the '--jsx' flag is provided.
src/app/activity/ActivityFormModal.tsx(159,12): error TS17004: Cannot use JSX unless the '--jsx' flag is provided.
src/app/activity/ActivityFormModal.tsx(160,13): error TS17004: Cannot use JSX unless the '--jsx' flag is provided.
src/app/activity/ActivityFormModal.tsx(162,15): error TS17004: Cannot use JSX unless the '--jsx' flag is provided.
src/app/activity/ActivityFormModal.tsx(165,13): error TS17004: Cannot use JSX unless the '--jsx' flag is provided.
src/app/activity/ActivityFormModal.tsx(166,22): error TS17004: Cannot use JSX unless the '--jsx' flag is provided.
src/app/activity/ActivityFormModal.tsx(166,37): error TS2322: Type '{ date: any; }' is not assignable to type 'IntrinsicAttributes & CalendarCellProps'.
  Property 'date' does not exist on type 'IntrinsicAttributes & CalendarCellProps'.
src/app/activity/ActivityFormModal.tsx(169,12): error TS17004: Cannot use JSX unless the '--jsx' flag is provided.
src/app/activity/ActivityFormModal.tsx(170,13): error TS17004: Cannot use JSX unless the '--jsx' flag is provided.
src/app/activity/ActivityFormModal.tsx(172,15): error TS17004: Cannot use JSX unless the '--jsx' flag is provided.
src/app/activity/ActivityFormModal.tsx(180,9): error TS17004: Cannot use JSX unless the '--jsx' flag is provided.
src/app/activity/ActivityFormModal.tsx(180,10): error TS2322: Type '{ children: Element[]; className: string; defaultValue: string; name: string; }' is not assignable to type 'IntrinsicAttributes & TextFieldRootProps'.
  Property 'children' does not exist on type 'IntrinsicAttributes & TextFieldRootProps'.
src/app/activity/ActivityFormModal.tsx(185,10): error TS17004: Cannot use JSX unless the '--jsx' flag is provided.
src/app/activity/ActivityFormModal.tsx(185,11): error TS2559: Type '{ children: string; }' has no properties in common with type 'IntrinsicAttributes & LabelRootProps'.
src/app/activity/ActivityFormModal.tsx(186,10): error TS17004: Cannot use JSX unless the '--jsx' flag is provided.
src/app/activity/ActivityFormModal.tsx(186,20): error TS2322: Type '{ placeholder: string; }' is not assignable to type 'IntrinsicAttributes & TextAreaRootProps'.
  Property 'placeholder' does not exist on type 'IntrinsicAttributes & TextAreaRootProps'.
src/app/activity/ActivityFormModal.tsx(189,9): error TS17004: Cannot use JSX unless the '--jsx' flag is provided.
src/app/activity/ActivityFormModal.tsx(189,10): error TS2322: Type '{ children: Element[]; className: string; name: string; onChange: Dispatch<SetStateAction<string>>; value: string; }' is not assignable to type 'IntrinsicAttributes & TextFieldRootProps'.
  Property 'children' does not exist on type 'IntrinsicAttributes & TextFieldRootProps'.
src/app/activity/ActivityFormModal.tsx(195,10): error TS17004: Cannot use JSX unless the '--jsx' flag is provided.
src/app/activity/ActivityFormModal.tsx(195,11): error TS2559: Type '{ children: string; }' has no properties in common with type 'IntrinsicAttributes & LabelRootProps'.
src/app/activity/ActivityFormModal.tsx(196,10): error TS17004: Cannot use JSX unless the '--jsx' flag is provided.
src/app/activity/ActivityFormModal.tsx(196,17): error TS2322: Type '{ placeholder: string; }' is not assignable to type 'IntrinsicAttributes & InputRootProps'.
  Property 'placeholder' does not exist on type 'IntrinsicAttributes & InputRootProps'.
src/app/activity/ActivityFormModal.tsx(199,9): error TS17004: Cannot use JSX unless the '--jsx' flag is provided.
src/app/activity/ActivityFormModal.tsx(199,10): error TS2322: Type '{ children: Element[]; className: string; defaultSelectedKey: string; isDisabled: any; name: string; placeholder: string; }' is not assignable to type 'IntrinsicAttributes & SelectRootProps<object, "single">'.
  Property 'children' does not exist on type 'IntrinsicAttributes & SelectRootProps<object, "single">'.
src/app/activity/ActivityFormModal.tsx(206,10): error TS17004: Cannot use JSX unless the '--jsx' flag is provided.
src/app/activity/ActivityFormModal.tsx(206,11): error TS2559: Type '{ children: string; }' has no properties in common with type 'IntrinsicAttributes & LabelRootProps'.
src/app/activity/ActivityFormModal.tsx(207,10): error TS17004: Cannot use JSX unless the '--jsx' flag is provided.
src/app/activity/ActivityFormModal.tsx(208,11): error TS17004: Cannot use JSX unless the '--jsx' flag is provided.
src/app/activity/ActivityFormModal.tsx(209,11): error TS17004: Cannot use JSX unless the '--jsx' flag is provided.
src/app/activity/ActivityFormModal.tsx(211,10): error TS17004: Cannot use JSX unless the '--jsx' flag is provided.
src/app/activity/ActivityFormModal.tsx(212,11): error TS17004: Cannot use JSX unless the '--jsx' flag is provided.
src/app/activity/ActivityFormModal.tsx(212,12): error TS2322: Type '{ children: (sheet: any) => Element; items: any; }' is not assignable to type 'IntrinsicAttributes & ListBoxRootProps<object>'.
  Property 'children' does not exist on type 'IntrinsicAttributes & ListBoxRootProps<object>'.
src/app/activity/ActivityFormModal.tsx(214,13): error TS17004: Cannot use JSX unless the '--jsx' flag is provided.
src/app/activity/ActivityFormModal.tsx(214,14): error TS2322: Type '{ children: any[]; id: any; textValue: any; }' is not assignable to type 'IntrinsicAttributes & ListBoxItemRootProps'.
  Property 'children' does not exist on type 'IntrinsicAttributes & ListBoxItemRootProps'.
src/app/activity/ActivityFormModal.tsx(216,14): error TS17004: Cannot use JSX unless the '--jsx' flag is provided.
src/app/activity/ActivityFormModal.tsx(223,9): error TS17004: Cannot use JSX unless the '--jsx' flag is provided.
src/app/activity/ActivityFormModal.tsx(223,10): error TS2322: Type '{ children: Element[]; className: string; defaultSelectedKey: string; name: string; }' is not assignable to type 'IntrinsicAttributes & SelectRootProps<object, "single">'.
  Property 'children' does not exist on type 'IntrinsicAttributes & SelectRootProps<object, "single">'.
src/app/activity/ActivityFormModal.tsx(230,10): error TS17004: Cannot use JSX unless the '--jsx' flag is provided.
src/app/activity/ActivityFormModal.tsx(230,11): error TS2559: Type '{ children: string; }' has no properties in common with type 'IntrinsicAttributes & LabelRootProps'.
src/app/activity/ActivityFormModal.tsx(231,10): error TS17004: Cannot use JSX unless the '--jsx' flag is provided.
src/app/activity/ActivityFormModal.tsx(232,11): error TS17004: Cannot use JSX unless the '--jsx' flag is provided.
src/app/activity/ActivityFormModal.tsx(233,11): error TS17004: Cannot use JSX unless the '--jsx' flag is provided.
src/app/activity/ActivityFormModal.tsx(235,10): error TS17004: Cannot use JSX unless the '--jsx' flag is provided.
src/app/activity/ActivityFormModal.tsx(236,11): error TS17004: Cannot use JSX unless the '--jsx' flag is provided.
src/app/activity/ActivityFormModal.tsx(236,12): error TS2559: Type '{ children: Element[]; }' has no properties in common with type 'IntrinsicAttributes & ListBoxRootProps<object>'.
src/app/activity/ActivityFormModal.tsx(237,12): error TS17004: Cannot use JSX unless the '--jsx' flag is provided.
src/app/activity/ActivityFormModal.tsx(237,13): error TS2322: Type '{ children: (string | Element)[]; id: string; textValue: string; }' is not assignable to type 'IntrinsicAttributes & ListBoxItemRootProps'.
  Property 'children' does not exist on type 'IntrinsicAttributes & ListBoxItemRootProps'.
src/app/activity/ActivityFormModal.tsx(242,13): error TS17004: Cannot use JSX unless the '--jsx' flag is provided.
src/app/activity/ActivityFormModal.tsx(244,12): error TS17004: Cannot use JSX unless the '--jsx' flag is provided.
src/app/activity/ActivityFormModal.tsx(244,13): error TS2322: Type '{ children: (string | Element)[]; id: string; textValue: string; }' is not assignable to type 'IntrinsicAttributes & ListBoxItemRootProps'.
  Property 'children' does not exist on type 'IntrinsicAttributes & ListBoxItemRootProps'.
src/app/activity/ActivityFormModal.tsx(246,13): error TS17004: Cannot use JSX unless the '--jsx' flag is provided.
src/app/activity/ActivityFormModal.tsx(252,8): error TS17004: Cannot use JSX unless the '--jsx' flag is provided.
src/app/activity/ActivityFormModal.tsx(253,9): error TS17004: Cannot use JSX unless the '--jsx' flag is provided.
src/app/activity/ActivityFormModal.tsx(253,10): error TS2322: Type '{ children: string; onPress: () => void; slot: string; variant: "secondary"; }' is not assignable to type 'IntrinsicAttributes & ButtonRootProps'.
  Property 'children' does not exist on type 'IntrinsicAttributes & ButtonRootProps'.
src/app/activity/ActivityFormModal.tsx(260,9): error TS17004: Cannot use JSX unless the '--jsx' flag is provided.
src/app/activity/ActivityFormModal.tsx(260,10): error TS2322: Type '{ children: string; isPending: any; type: string; }' is not assignable to type 'IntrinsicAttributes & ButtonRootProps'.
  Property 'children' does not exist on type 'IntrinsicAttributes & ButtonRootProps'.
